Component: ARM Compiler 5.06 update 5 (build 528) Tool: armlink [4d35e2]

==============================================================================

Section Cross References

    startup_stm32f103xb.o(RESET) refers to startup_stm32f103xb.o(STACK) for __initial_sp
    startup_stm32f103xb.o(RESET) refers to startup_stm32f103xb.o(.text) for Reset_Handler
    startup_stm32f103xb.o(RESET) refers to stm32f1xx_it.o(i.NMI_Handler) for NMI_Handler
    startup_stm32f103xb.o(RESET) refers to stm32f1xx_it.o(i.HardFault_Handler) for HardFault_Handler
    startup_stm32f103xb.o(RESET) refers to stm32f1xx_it.o(i.MemManage_Handler) for MemManage_Handler
    startup_stm32f103xb.o(RESET) refers to stm32f1xx_it.o(i.BusFault_Handler) for BusFault_Handler
    startup_stm32f103xb.o(RESET) refers to stm32f1xx_it.o(i.UsageFault_Handler) for UsageFault_Handler
    startup_stm32f103xb.o(RESET) refers to port.o(.emb_text) for SVC_Handler
    startup_stm32f103xb.o(RESET) refers to stm32f1xx_it.o(i.DebugMon_Handler) for DebugMon_Handler
    startup_stm32f103xb.o(RESET) refers to stm32f1xx_it.o(i.SysTick_Handler) for SysTick_Handler
    startup_stm32f103xb.o(RESET) refers to stm32f1xx_it.o(i.EXTI0_IRQHandler) for EXTI0_IRQHandler
    startup_stm32f103xb.o(RESET) refers to stm32f1xx_it.o(i.DMA1_Channel6_IRQHandler) for DMA1_Channel6_IRQHandler
    startup_stm32f103xb.o(RESET) refers to stm32f1xx_it.o(i.TIM4_IRQHandler) for TIM4_IRQHandler
    startup_stm32f103xb.o(RESET) refers to stm32f1xx_it.o(i.I2C1_EV_IRQHandler) for I2C1_EV_IRQHandler
    startup_stm32f103xb.o(RESET) refers to stm32f1xx_it.o(i.I2C1_ER_IRQHandler) for I2C1_ER_IRQHandler
    startup_stm32f103xb.o(.text) refers to system_stm32f1xx.o(i.SystemInit) for SystemInit
    startup_stm32f103xb.o(.text) refers to entry.o(.ARM.Collect$$$$00000000) for __main
    main.o(i.HAL_TIM_PeriodElapsedCallback) refers to stm32f1xx_hal.o(i.HAL_IncTick) for HAL_IncTick
    main.o(i.SystemClock_Config) refers to memseta.o(.text) for __aeabi_memclr4
    main.o(i.SystemClock_Config) refers to stm32f1xx_hal_rcc.o(i.HAL_RCC_OscConfig) for HAL_RCC_OscConfig
    main.o(i.SystemClock_Config) refers to main.o(i.Error_Handler) for Error_Handler
    main.o(i.SystemClock_Config) refers to stm32f1xx_hal_rcc.o(i.HAL_RCC_ClockConfig) for HAL_RCC_ClockConfig
    main.o(i.SystemClock_Config) refers to stm32f1xx_hal_rcc_ex.o(i.HAL_RCCEx_PeriphCLKConfig) for HAL_RCCEx_PeriphCLKConfig
    main.o(i.main) refers to stm32f1xx_hal.o(i.HAL_Init) for HAL_Init
    main.o(i.main) refers to main.o(i.SystemClock_Config) for SystemClock_Config
    main.o(i.main) refers to gpio.o(i.MX_GPIO_Init) for MX_GPIO_Init
    main.o(i.main) refers to dma.o(i.MX_DMA_Init) for MX_DMA_Init
    main.o(i.main) refers to rtc.o(i.MX_RTC_Init) for MX_RTC_Init
    main.o(i.main) refers to i2c.o(i.MX_I2C1_Init) for MX_I2C1_Init
    main.o(i.main) refers to oled.o(i.OLED_Init) for OLED_Init
    main.o(i.main) refers to freertos_task.o(i.FreeRTOS_Start) for FreeRTOS_Start
    gpio.o(i.MX_GPIO_Init) refers to stm32f1xx_hal_gpio.o(i.HAL_GPIO_WritePin) for HAL_GPIO_WritePin
    gpio.o(i.MX_GPIO_Init) refers to stm32f1xx_hal_gpio.o(i.HAL_GPIO_Init) for HAL_GPIO_Init
    gpio.o(i.MX_GPIO_Init) refers to stm32f1xx_hal_cortex.o(i.HAL_NVIC_SetPriority) for HAL_NVIC_SetPriority
    gpio.o(i.MX_GPIO_Init) refers to stm32f1xx_hal_cortex.o(i.HAL_NVIC_EnableIRQ) for HAL_NVIC_EnableIRQ
    dma.o(i.MX_DMA_Init) refers to stm32f1xx_hal_cortex.o(i.HAL_NVIC_SetPriority) for HAL_NVIC_SetPriority
    dma.o(i.MX_DMA_Init) refers to stm32f1xx_hal_cortex.o(i.HAL_NVIC_EnableIRQ) for HAL_NVIC_EnableIRQ
    i2c.o(i.HAL_I2C_MspDeInit) refers to stm32f1xx_hal_gpio.o(i.HAL_GPIO_DeInit) for HAL_GPIO_DeInit
    i2c.o(i.HAL_I2C_MspDeInit) refers to stm32f1xx_hal_dma.o(i.HAL_DMA_DeInit) for HAL_DMA_DeInit
    i2c.o(i.HAL_I2C_MspDeInit) refers to stm32f1xx_hal_cortex.o(i.HAL_NVIC_DisableIRQ) for HAL_NVIC_DisableIRQ
    i2c.o(i.HAL_I2C_MspInit) refers to stm32f1xx_hal_gpio.o(i.HAL_GPIO_Init) for HAL_GPIO_Init
    i2c.o(i.HAL_I2C_MspInit) refers to stm32f1xx_hal_dma.o(i.HAL_DMA_Init) for HAL_DMA_Init
    i2c.o(i.HAL_I2C_MspInit) refers to main.o(i.Error_Handler) for Error_Handler
    i2c.o(i.HAL_I2C_MspInit) refers to stm32f1xx_hal_cortex.o(i.HAL_NVIC_SetPriority) for HAL_NVIC_SetPriority
    i2c.o(i.HAL_I2C_MspInit) refers to stm32f1xx_hal_cortex.o(i.HAL_NVIC_EnableIRQ) for HAL_NVIC_EnableIRQ
    i2c.o(i.HAL_I2C_MspInit) refers to i2c.o(.bss) for hdma_i2c1_tx
    i2c.o(i.MX_I2C1_Init) refers to stm32f1xx_hal_i2c.o(i.HAL_I2C_Init) for HAL_I2C_Init
    i2c.o(i.MX_I2C1_Init) refers to main.o(i.Error_Handler) for Error_Handler
    i2c.o(i.MX_I2C1_Init) refers to i2c.o(.bss) for hi2c1
    rtc.o(i.HAL_RTC_MspInit) refers to stm32f1xx_hal_pwr.o(i.HAL_PWR_EnableBkUpAccess) for HAL_PWR_EnableBkUpAccess
    rtc.o(i.MX_RTC_Init) refers to stm32f1xx_hal_rtc.o(i.HAL_RTC_Init) for HAL_RTC_Init
    rtc.o(i.MX_RTC_Init) refers to main.o(i.Error_Handler) for Error_Handler
[...]
    i.vPortSuppressTicksAndSleep             0x080076b4   Section        0  port.o(i.vPortSuppressTicksAndSleep)
    i.vTaskDelay                             0x08007800   Section        0  tasks.o(i.vTaskDelay)
    i.vTaskInternalSetTimeOutState           0x08007834   Section        0  tasks.o(i.vTaskInternalSetTimeOutState)
    i.vTaskMissedYield                       0x0800784c   Section        0  tasks.o(i.vTaskMissedYield)
    i.vTaskPlaceOnEventList                  0x08007858   Section        0  tasks.o(i.vTaskPlaceOnEventList)
    i.vTaskStartScheduler                    0x08007878   Section        0  tasks.o(i.vTaskStartScheduler)
    i.vTaskStepTick                          0x080078c4   Section        0  tasks.o(i.vTaskStepTick)
    i.vTaskSuspendAll                        0x08007904   Section        0  tasks.o(i.vTaskSuspendAll)
    i.vTaskSwitchContext                     0x08007914   Section        0  tasks.o(i.vTaskSwitchContext)
    i.xPortStartScheduler                    0x0800797c   Section        0  port.o(i.xPortStartScheduler)
    i.xPortSysTickHandler                    0x080079b0   Section        0  port.o(i.xPortSysTickHandler)
    i.xQueueGenericCreate                    0x080079e4   Section        0  queue.o(i.xQueueGenericCreate)
    i.xQueueGenericReset                     0x08007a30   Section        0  queue.o(i.xQueueGenericReset)
    i.xQueueGenericSend                      0x08007ad0   Section        0  queue.o(i.xQueueGenericSend)
    i.xQueueGiveFromISR                      0x08007be8   Section        0  queue.o(i.xQueueGiveFromISR)
    i.xQueueReceive                          0x08007c70   Section        0  queue.o(i.xQueueReceive)
    i.xQueueSemaphoreTake                    0x08007d74   Section        0  queue.o(i.xQueueSemaphoreTake)
    i.xTaskCheckForTimeOut                   0x08007e64   Section        0  tasks.o(i.xTaskCheckForTimeOut)
    i.xTaskCreate                            0x08007ec4   Section        0  tasks.o(i.xTaskCreate)
    i.xTaskDelayUntil                        0x08007efc   Section        0  tasks.o(i.xTaskDelayUntil)
    i.xTaskGetSchedulerState                 0x08007f70   Section        0  tasks.o(i.xTaskGetSchedulerState)
    i.xTaskGetTickCount                      0x08007f90   Section        0  tasks.o(i.xTaskGetTickCount)
    i.xTaskIncrementTick                     0x08007f9c   Section        0  tasks.o(i.xTaskIncrementTick)
    i.xTaskRemoveFromEventList               0x0800813c   Section        0  tasks.o(i.xTaskRemoveFromEventList)
    i.xTaskResumeAll                         0x0800825c   Section        0  tasks.o(i.xTaskResumeAll)
    .constdata                               0x080083d8   Section       18  stm32f1xx_hal_rcc.o(.constdata)
    aPLLMULFactorTable                       0x080083d8   Data          16  stm32f1xx_hal_rcc.o(.constdata)
    aPredivFactorTable                       0x080083e8   Data           2  stm32f1xx_hal_rcc.o(.constdata)
    .constdata                               0x080083ea   Section       18  stm32f1xx_hal_rcc_ex.o(.constdata)
    aPLLMULFactorTable                       0x080083ea   Data          16  stm32f1xx_hal_rcc_ex.o(.constdata)
    aPredivFactorTable                       0x080083fa   Data           2  stm32f1xx_hal_rcc_ex.o(.constdata)
    .constdata                               0x080083fc   Section       24  system_stm32f1xx.o(.constdata)
    .constdata                               0x08008414   Section     7510  oled_data.o(.constdata)
    .data                                    0x20000000   Section        2  main.o(.data)
    .data                                    0x20000004   Section        9  stm32f1xx_hal.o(.data)
    .data                                    0x20000010   Section        4  system_stm32f1xx.o(.data)
    .data                                    0x20000014   Section        1  oled.o(.data)
    is_resetting                             0x20000014   Data           1  oled.o(.data)
    .data                                    0x20000015   Section        8  my_rtc.o(.data)
    TIM                                      0x20000015   Data           3  my_rtc.o(.data)
    Date                                     0x20000018   Data           4  my_rtc.o(.data)
    flag                                     0x2000001c   Data           1  my_rtc.o(.data)
    .data                                    0x2000001e   Section       24  key.o(.data)
    Count                                    0x2000001f   Data           1  key.o(.data)
    i                                        0x20000020   Data           1  key.o(.data)
    CurrState                                0x20000021   Data           4  key.o(.data)
    PrevState                                0x20000025   Data           4  key.o(.data)
    S                                        0x20000029   Data           4  key.o(.data)
    NUM                                      0x2000002e   Data           8  key.o(.data)
    .data                                    0x20000036   Section        1  settings.o(.data)
    flag                                     0x20000036   Data           1  settings.o(.data)
    .data                                    0x20000037   Section        8  settime.o(.data)
    TIM                                      0x20000037   Data           3  settime.o(.data)
    Date                                     0x2000003a   Data           4  settime.o(.data)
    flag                                     0x2000003e   Data           1  settime.o(.data)
    .data                                    0x2000003f   Section        8  setdate.o(.data)
    TIM                                      0x2000003f   Data           3  setdate.o(.data)
    Date                                     0x20000042   Data           4  setdate.o(.data)
    flag                                     0x20000046   Data           1  setdate.o(.data)
    .data                                    0x20000047   Section        7  menu.o(.data)
    flag                                     0x2000004d   Data           1  menu.o(.data)
    .data                                    0x2000004e   Section        5  stopwatch.o(.data)
    M                                        0x2000004e   Data           2  stopwatch.o(.data)
    K                                        0x20000050   Data           2  stopwatch.o(.data)
    .data                                    0x20000053   Section        1  led.o(.data)
    led_flag                                 0x20000053   Data           1  led.o(.data)
    .data                                    0x20000054   Section        8  low.o(.data)
    NUM                                      0x20000058   Data           4  low.o(.data)
    .data                                    0x2000005c   Section       20  freertos_task.o(.data)
    .data                                    0x20000070   Section       64  tasks.o(.data)
    pxDelayedTaskList                        0x20000074   Data           4  tasks.o(.data)
    pxOverflowDelayedTaskList                0x20000078   Data           4  tasks.o(.data)
    uxDeletedTasksWaitingCleanUp             0x2000007c   Data           4  tasks.o(.data)
    uxCurrentNumberOfTasks                   0x20000080   Data           4  tasks.o(.data)
    xTickCount                               0x20000084   Data           4  tasks.o(.data)
    uxTopReadyPriority                       0x20000088   Data           4  tasks.o(.data)
    xSchedulerRunning                        0x2000008c   Data           4  tasks.o(.data)
    xPendedTicks                             0x20000090   Data           4  tasks.o(.data)
    xYieldPendings                           0x20000094   Data           4  tasks.o(.data)
    xNumOfOverflows                          0x20000098   Data           4  tasks.o(.data)
    uxTaskNumber                             0x2000009c   Data           4  tasks.o(.data)
    xNextTaskUnblockTime                     0x200000a0   Data           4  tasks.o(.data)
    xIdleTaskHandles                         0x200000a4   Data           4  tasks.o(.data)
    uxTopUsedPriority                        0x200000a8   Data           4  tasks.o(.data)
    uxSchedulerSuspended                     0x200000ac   Data           4  tasks.o(.data)
    .data                                    0x200000b0   Section       28  heap_4.o(.data)
    xStart                                   0x200000b0   Data           8  heap_4.o(.data)
    pxEnd                                    0x200000b8   Data           4  heap_4.o(.data)
    xFreeBytesRemaining                      0x200000bc   Data           4  heap_4.o(.data)
    xMinimumEverFreeBytesRemaining           0x200000c0   Data           4  heap_4.o(.data)
    xNumberOfSuccessfulAllocations           0x200000c4   Data           4  heap_4.o(.data)
    xNumberOfSuccessfulFrees                 0x200000c8   Data           4  heap_4.o(.data)
    .data                                    0x200000cc   Section       16  port.o(.data)
    uxCriticalNesting                        0x200000cc   Data           4  port.o(.data)
    ulTimerCountsForOneTick                  0x200000d0   Data           4  port.o(.data)
    xMaximumPossibleSuppressedTicks          0x200000d4   Data           4  port.o(.data)
    ulStoppedTimerCompensation               0x200000d8   Data           4  port.o(.data)
    .bss                                     0x200000dc   Section      152  i2c.o(.bss)
    .bss                                     0x20000174   Section       20  rtc.o(.bss)
    .bss                                     0x20000188   Section       72  stm32f1xx_hal_timebase_tim.o(.bss)
    .bss                                     0x200001d0   Section     1024  oled.o(.bss)
    .bss                                     0x200005d0   Section      200  tasks.o(.bss)
    pxReadyTasksLists                        0x200005d0   Data         100  tasks.o(.bss)
    xDelayedTaskList1                        0x20000634   Data          20  tasks.o(.bss)
    xDelayedTaskList2                        0x20000648   Data          20  tasks.o(.bss)
    xPendingReadyList                        0x2000065c   Data          20  tasks.o(.bss)
    xTasksWaitingTermination                 0x20000670   Data          20  tasks.o(.bss)
    xSuspendedTaskList                       0x20000684   Data          20  tasks.o(.bss)
    .bss                                     0x20000698   Section    17408  heap_4.o(.bss)
    ucHeap                                   0x20000698   Data       17408  heap_4.o(.bss)
    STACK                                    0x20004a98   Section     1024  startup_stm32f103xb.o(STACK)

    Global Symbols

    Symbol Name                              Value     Ov Type        Size  Object(Section)

    BuildAttributes$$THM_ISAv4$P$D$K$B$S$PE$A:L22UL41UL21$X:L11$S22US41US21$IEEE1$IW$USESV6$~STKCKD$USESV7$~SHL$OTIME$ROPI$IEEEX$EBA8$MICROLIB$REQ8$PRES8$EABIv2 0x00000000   Number         0  anon$$obj.o ABSOLUTE
    __ARM_use_no_argv                        0x00000000   Number         0  main.o ABSOLUTE
    _printf_a                                0x00000000   Number         0  stubs.o ABSOLUTE
    _printf_c                                0x00000000   Number         0  stubs.o ABSOLUTE
    _printf_charcount                        0x00000000   Number         0  stubs.o ABSOLUTE
    _printf_d                                0x00000000   Number         0  stubs.o ABSOLUTE
    _printf_e                                0x00000000   Number         0  stubs.o ABSOLUTE
    _printf_f                                0x00000000   Number         0  stubs.o ABSOLUTE
    _printf_flags                            0x00000000   Number         0  stubs.o ABSOLUTE
    _printf_fp_dec                           0x00000000   Number         0  stubs.o ABSOLUTE
    _printf_fp_hex                           0x00000000   Number         0  stubs.o ABSOLUTE
    _printf_g                                0x00000000   Number         0  stubs.o ABSOLUTE
    _printf_i                                0x00000000   Number         0  stubs.o ABSOLUTE
    _printf_int_dec                          0x00000000   Number         0  stubs.o ABSOLUTE
    _printf_l                                0x00000000   Number         0  stubs.o ABSOLUTE
    _printf_lc                               0x00000000   Number         0  stubs.o ABSOLUTE
    _printf_ll                               0x00000000   Number         0  stubs.o ABSOLUTE
    _printf_lld                              0x00000000   Number         0  stubs.o ABSOLUTE
    _printf_lli                              0x00000000   Number         0  stubs.o ABSOLUTE
    _printf_llo                              0x00000000   Number         0  stubs.o ABSOLUTE
    _printf_llu                              0x00000000   Number         0  stubs.o ABSOLUTE
    _printf_llx                              0x00000000   Number         0  stubs.o ABSOLUTE
    _printf_longlong_dec                     0x00000000   Number         0  stubs.o ABSOLUTE
    _printf_longlong_hex                     0x00000000   Number         0  stubs.o ABSOLUTE
    _printf_longlong_oct                     0x00000000   Number         0  stubs.o ABSOLUTE
    _printf_ls                               0x00000000   Number         0  stubs.o ABSOLUTE
    _printf_mbtowc                           0x00000000   Number         0  stubs.o ABSOLUTE
    _printf_n                                0x00000000   Number         0  stubs.o ABSOLUTE
    _printf_o                                0x00000000   Number         0  stubs.o ABSOLUTE
    _printf_p                                0x00000000   Number         0  stubs.o ABSOLUTE
    _printf_percent                          0x00000000   Number         0  stubs.o ABSOLUTE
    _printf_pre_padding                      0x00000000   Number         0  stubs.o ABSOLUTE
    _printf_return_value                     0x00000000   Number         0  stubs.o ABSOLUTE
    _printf_s                                0x00000000   Number         0  stubs.o ABSOLUTE
    _printf_sizespec                         0x00000000   Number         0  stubs.o ABSOLUTE
    _printf_str                              0x00000000   Number         0  stubs.o ABSOLUTE
    _printf_truncate_signed                  0x00000000   Number         0  stubs.o ABSOLUTE
    _printf_truncate_unsigned                0x00000000   Number         0  stubs.o ABSOLUTE
    _printf_u                                0x00000000   Number         0  stubs.o ABSOLUTE
    _printf_wc                               0x00000000   Number         0  stubs.o ABSOLUTE
    _printf_wctomb                           0x00000000   Number         0  stubs.o ABSOLUTE
    _printf_widthprec                        0x00000000   Number         0  stubs.o ABSOLUTE
    _printf_x                                0x00000000   Number         0  stubs.o ABSOLUTE
    __cpp_initialize__aeabi_                  - Undefined Weak Reference
    __cxa_finalize                            - Undefined Weak Reference
    __decompress                              - Undefined Weak Reference
    _clock_init                               - Undefined Weak Reference
    _microlib_exit                            - Undefined Weak Reference
    __Vectors_Size                           0x000000ec   Number         0  startup_stm32f103xb.o ABSOLUTE
    __Vectors                                0x08000000   Data           4  startup_stm32f103xb.o(RESET)
    __Vectors_End                            0x080000ec   Data           0  startup_stm32f103xb.o(RESET)
    __main                                   0x080000ed   Thumb Code     0  entry.o(.ARM.Collect$$$$00000000)
    _main_stk                                0x080000ed   Thumb Code     0  entry2.o(.ARM.Collect$$$$00000001)
    _main_scatterload                        0x080000f1   Thumb Code     0  entry5.o(.ARM.Collect$$$$00000004)
    __main_after_scatterload                 0x080000f5   Thumb Code     0  entry5.o(.ARM.Collect$$$$00000004)
    _main_clock                              0x080000f5   Thumb Code     0  entry7b.o(.ARM.Collect$$$$00000008)
    _main_cpp_init                           0x080000f5   Thumb Code     0  entry8b.o(.ARM.Collect$$$$0000000A)
    _main_init                               0x080000f5   Thumb Code     0  entry9a.o(.ARM.Collect$$$$0000000B)
    __rt_final_cpp                           0x080000fd   Thumb Code     0  entry10a.o(.ARM.Collect$$$$0000000D)
    __rt_final_exit                          0x080000fd   Thumb Code     0  entry11a.o(.ARM.Collect$$$$0000000F)
    SVC_Handler                              0x08000101   Thumb Code    32  port.o(.emb_text)
    __asm___6_port_c_39a90d8d__prvStartFirstTask 0x08000125   Thumb Code    28  port.o(.emb_text)
    PendSV_Handler                           0x08000145   Thumb Code    72  port.o(.emb_text)
    vPortGetIPSR                             0x08000191   Thumb Code     6  port.o(.emb_text)
    Reset_Handler                            0x08000199   Thumb Code     8  startup_stm32f103xb.o(.text)
    ADC1_2_IRQHandler                        0x080001b3   Thumb Code     0  startup_stm32f103xb.o(.text)
    CAN1_RX1_IRQHandler                      0x080001b3   Thumb Code     0  startup_stm32f103xb.o(.text)
    CAN1_SCE_IRQHandler                      0x080001b3   Thumb Code     0  startup_stm32f103xb.o(.text)
    DMA1_Channel1_IRQHandler                 0x080001b3   Thumb Code     0  startup_stm32f103xb.o(.text)
    DMA1_Channel2_IRQHandler                 0x080001b3   Thumb Code     0  startup_stm32f103xb.o(.text)
    DMA1_Channel3_IRQHandler                 0x080001b3   Thumb Code     0  startup_stm32f103xb.o(.text)
    DMA1_Channel4_IRQHandler                 0x080001b3   Thumb Code     0  startup_stm32f103xb.o(.text)
    DMA1_Channel5_IRQHandler                 0x080001b3   Thumb Code     0  startup_stm32f103xb.o(.text)
    DMA1_Channel7_IRQHandler                 0x080001b3   Thumb Code     0  startup_stm32f103xb.o(.text)
    EXTI15_10_IRQHandler                     0x080001b3   Thumb Code     0  startup_stm32f103xb.o(.text)
    EXTI1_IRQHandler                         0x080001b3   Thumb Code     0  startup_stm32f103xb.o(.text)
    EXTI2_IRQHandler                         0x080001b3   Thumb Code     0  startup_stm32f103xb.o(.text)
    EXTI3_IRQHandler                         0x080001b3   Thumb Code     0  startup_stm32f103xb.o(.text)
    EXTI4_IRQHandler                         0x080001b3   Thumb Code     0  startup_stm32f103xb.o(.text)
    EXTI9_5_IRQHandler                       0x080001b3   Thumb Code     0  startup_stm32f103xb.o(.text)
    FLASH_IRQHandler                         0x080001b3   Thumb Code     0  startup_stm32f103xb.o(.text)
    I2C2_ER_IRQHandler                       0x080001b3   Thumb Code     0  startup_stm32f103xb.o(.text)
    I2C2_EV_IRQHandler                       0x080001b3   Thumb Code     0  startup_stm32f103xb.o(.text)
    PVD_IRQHandler                           0x080001b3   Thumb Code     0  startup_stm32f103xb.o(.text)
    RCC_IRQHandler                           0x080001b3   Thumb Code     0  startup_stm32f103xb.o(.text)
    RTC_Alarm_IRQHandler                     0x080001b3   Thumb Code     0  startup_stm32f103xb.o(.text)
    RTC_IRQHandler                           0x080001b3   Thumb Code     0  startup_stm32f103xb.o(.text)
    SPI1_IRQHandler                          0x080001b3   Thumb Code     0  startup_stm32f103xb.o(.text)
    SPI2_IRQHandler                          0x080001b3   Thumb Code     0  startup_stm32f103xb.o(.text)
    TAMPER_IRQHandler                        0x080001b3   Thumb Code     0  startup_stm32f103xb.o(.text)
    TIM1_BRK_IRQHandler                      0x080001b3   Thumb Code     0  startup_stm32f103xb.o(.text)
    TIM1_CC_IRQHandler                       0x080001b3   Thumb Code     0  startup_stm32f103xb.o(.text)
    TIM1_TRG_COM_IRQHandler                  0x080001b3   Thumb Code     0  startup_stm32f103xb.o(.text)
    TIM1_UP_IRQHandler                       0x080001b3   Thumb Code     0  startup_stm32f103xb.o(.text)
    TIM2_IRQHandler                          0x080001b3   Thumb Code     0  startup_stm32f103xb.o(.text)
    TIM3_IRQHandler                          0x080001b3   Thumb Code     0  startup_stm32f103xb.o(.text)
    USART1_IRQHandler                        0x080001b3   Thumb Code     0  startup_stm32f103xb.o(.text)
    USART2_IRQHandler                        0x080001b3   Thumb Code     0  startup_stm32f103xb.o(.text)
    USART3_IRQHandler                        0x080001b3   Thumb Code     0  startup_stm32f103xb.o(.text)
    USBWakeUp_IRQHandler                     0x080001b3   Thumb Code     0  startup_stm32f103xb.o(.text)
    USB_HP_CAN1_TX_IRQHandler                0x080001b3   Thumb Code     0  startup_stm32f103xb.o(.text)
    USB_LP_CAN1_RX0_IRQHandler               0x080001b3   Thumb Code     0  startup_stm32f103xb.o(.text)
    WWDG_IRQHandler                          0x080001b3   Thumb Code     0  startup_stm32f103xb.o(.text)
    __aeabi_llsr                             0x080001bd   Thumb Code    32  llushr.o(.text)
    _ll_ushift_r                             0x080001bd   Thumb Code     0  llushr.o(.text)
    __aeabi_memcpy                           0x080001dd   Thumb Code    36  memcpya.o(.text)
    __aeabi_memcpy4                          0x080001dd   Thumb Code     0  memcpya.o(.text)
    __aeabi_memcpy8                          0x080001dd   Thumb Code     0  memcpya.o(.text)
    __aeabi_memset                           0x08000201   Thumb Code    14  memseta.o(.text)
    __aeabi_memset4                          0x08000201   Thumb Code     0  memseta.o(.text)
    __aeabi_memset8                          0x08000201   Thumb Code     0  memseta.o(.text)
    __aeabi_memclr                           0x0800020f   Thumb Code     4  memseta.o(.text)
    __aeabi_memclr4                          0x0800020f   Thumb Code     0  memseta.o(.text)
    __aeabi_memclr8                          0x0800020f   Thumb Code     0  memseta.o(.text)
    _memset$wrapper                          0x08000213   Thumb Code    18  memseta.o(.text)
    strcmp                                   0x08000225   Thumb Code    28  strcmp.o(.text)
    __aeabi_dadd                             0x08000241   Thumb Code   322  dadd.o(.text)
    __aeabi_dsub                             0x08000383   Thumb Code     6  dadd.o(.text)
    __aeabi_drsub                            0x08000389   Thumb Code     6  dadd.o(.text)
    __aeabi_dmul                             0x0800038f   Thumb Code   228  dmul.o(.text)
    __aeabi_ddiv                             0x08000473   Thumb Code   222  ddiv.o(.text)
    __aeabi_cdrcmple                         0x08000551   Thumb Code    48  cdrcmple.o(.text)
    __aeabi_uidiv                            0x08000581   Thumb Code     0  uidiv.o(.text)
    __aeabi_uidivmod                         0x08000581   Thumb Code    44  uidiv.o(.text)
    __aeabi_uldivmod                         0x080005ad   Thumb Code    98  uldiv.o(.text)
    __aeabi_llsl                             0x0800060f   Thumb Code    30  llshl.o(.text)
    _ll_shift_l                              0x0800060f   Thumb Code     0  llshl.o(.text)
    __aeabi_lasr                             0x0800062d   Thumb Code    36  llsshr.o(.text)
    _ll_sshift_r                             0x0800062d   Thumb Code     0  llsshr.o(.text)
    __I$use$fp                               0x08000651   Thumb Code     0  iusefp.o(.text)
    _double_round                            0x08000651   Thumb Code    30  depilogue.o(.text)
    _double_epilogue                         0x0800066f   Thumb Code   156  depilogue.o(.text)
    __aeabi_d2ulz                            0x0800070b   Thumb Code    48  dfixul.o(.text)
    __scatterload                            0x0800073d   Thumb Code    28  init.o(.text)
    __scatterload_rt2                        0x0800073d   Thumb Code     0  init.o(.text)
    BusFault_Handler                         0x08000761   Thumb Code     4  stm32f1xx_it.o(i.BusFault_Handler)
    DMA1_Channel6_IRQHandler                 0x08000765   Thumb Code    10  stm32f1xx_it.o(i.DMA1_Channel6_IRQHandler)
    DebugMon_Handler                         0x080007a1   Thumb Code     2  stm32f1xx_it.o(i.DebugMon_Handler)
    EXTI0_IRQHandler                         0x080007a3   Thumb Code    10  stm32f1xx_it.o(i.EXTI0_IRQHandler)
    Error_Handler                            0x080007ad   Thumb Code     6  main.o(i.Error_Handler)
    FreeRTOS_Start                           0x080007b5   Thumb Code    78  freertos_task.o(i.FreeRTOS_Start)
    GLOBAL_Exit                              0x08000835   Thumb Code   102  global.o(i.GLOBAL_Exit)
    GLOBAL_Loop                              0x0800089b   Thumb Code   102  global.o(i.GLOBAL_Loop)
    GLOBAL_init                              0x08000901   Thumb Code   102  global.o(i.GLOBAL_init)
    GUI_Task                                 0x08000969   Thumb Code   132  freertos_task.o(i.GUI_Task)
    HAL_DMA_Abort_IT                         0x08000a05   Thumb Code   172  stm32f1xx_hal_dma.o(i.HAL_DMA_Abort_IT)
    HAL_DMA_DeInit                           0x08000ab5   Thumb Code   100  stm32f1xx_hal_dma.o(i.HAL_DMA_DeInit)
    HAL_DMA_GetState                         0x08000b1d   Thumb Code     8  stm32f1xx_hal_dma.o(i.HAL_DMA_GetState)
    HAL_DMA_IRQHandler                       0x08000b25   Thumb Code   408  stm32f1xx_hal_dma.o(i.HAL_DMA_IRQHandler)
    HAL_DMA_Init                             0x08000cc1   Thumb Code   100  stm32f1xx_hal_dma.o(i.HAL_DMA_Init)
    HAL_DMA_Start_IT                         0x08000d29   Thumb Code   156  stm32f1xx_hal_dma.o(i.HAL_DMA_Start_IT)
    HAL_Delay                                0x08000dc5   Thumb Code    36  stm32f1xx_hal.o(i.HAL_Delay)
    HAL_GPIO_DeInit                          0x08000ded   Thumb Code   284  stm32f1xx_hal_gpio.o(i.HAL_GPIO_DeInit)
    HAL_GPIO_EXTI_Callback                   0x08000f21   Thumb Code     2  stm32f1xx_hal_gpio.o(i.HAL_GPIO_EXTI_Callback)
    HAL_GPIO_EXTI_IRQHandler                 0x08000f25   Thumb Code    24  stm32f1xx_hal_gpio.o(i.HAL_GPIO_EXTI_IRQHandler)
    HAL_GPIO_Init                            0x08000f41   Thumb Code   766  stm32f1xx_hal_gpio.o(i.HAL_GPIO_Init)
    HAL_GPIO_ReadPin                         0x08001261   Thumb Code    16  stm32f1xx_hal_gpio.o(i.HAL_GPIO_ReadPin)
    HAL_GPIO_WritePin                        0x08001271   Thumb Code    12  stm32f1xx_hal_gpio.o(i.HAL_GPIO_WritePin)
    HAL_GetTick                              0x0800127d   Thumb Code     6  stm32f1xx_hal.o(i.HAL_GetTick)
    HAL_I2C_AbortCpltCallback                0x08001289   Thumb Code     2  stm32f1xx_hal_i2c.o(i.HAL_I2C_AbortCpltCallback)
    HAL_I2C_AddrCallback                     0x0800128b   Thumb Code     2  stm32f1xx_hal_i2c.o(i.HAL_I2C_AddrCallback)
    HAL_I2C_DeInit                           0x0800128d   Thumb Code    60  stm32f1xx_hal_i2c.o(i.HAL_I2C_DeInit)
    HAL_I2C_ER_IRQHandler                    0x080012c9   Thumb Code   224  stm32f1xx_hal_i2c.o(i.HAL_I2C_ER_IRQHandler)
    HAL_I2C_EV_IRQHandler                    0x080013a9   Thumb Code   474  stm32f1xx_hal_i2c.o(i.HAL_I2C_EV_IRQHandler)
    HAL_I2C_ErrorCallback                    0x08001585   Thumb Code    54  freertos_task.o(i.HAL_I2C_ErrorCallback)
    HAL_I2C_GetState                         0x080015c9   Thumb Code     8  stm32f1xx_hal_i2c.o(i.HAL_I2C_GetState)
    HAL_I2C_Init                             0x080015d1   Thumb Code   446  stm32f1xx_hal_i2c.o(i.HAL_I2C_Init)
    HAL_I2C_ListenCpltCallback               0x080017a1   Thumb Code     2  stm32f1xx_hal_i2c.o(i.HAL_I2C_ListenCpltCallback)
    HAL_I2C_MasterRxCpltCallback             0x080017a3   Thumb Code     2  stm32f1xx_hal_i2c.o(i.HAL_I2C_MasterRxCpltCallback)
    HAL_I2C_MasterTxCpltCallback             0x080017a5   Thumb Code     2  stm32f1xx_hal_i2c.o(i.HAL_I2C_MasterTxCpltCallback)
    HAL_I2C_MemRxCpltCallback                0x080017a7   Thumb Code     2  stm32f1xx_hal_i2c.o(i.HAL_I2C_MemRxCpltCallback)
    HAL_I2C_MemTxCpltCallback                0x080017a9   Thumb Code    54  freertos_task.o(i.HAL_I2C_MemTxCpltCallback)
    HAL_I2C_Mem_Write                        0x080017ed   Thumb Code   348  stm32f1xx_hal_i2c.o(i.HAL_I2C_Mem_Write)
    HAL_I2C_Mem_Write_DMA                    0x08001951   Thumb Code   514  stm32f1xx_hal_i2c.o(i.HAL_I2C_Mem_Write_DMA)
    HAL_I2C_MspDeInit                        0x08001b65   Thumb Code    60  i2c.o(i.HAL_I2C_MspDeInit)
    HAL_I2C_MspInit                          0x08001bad   Thumb Code   186  i2c.o(i.HAL_I2C_MspInit)
    HAL_I2C_SlaveRxCpltCallback              0x08001c7d   Thumb Code     2  stm32f1xx_hal_i2c.o(i.HAL_I2C_SlaveRxCpltCallback)
    HAL_I2C_SlaveTxCpltCallback              0x08001c7f   Thumb Code     2  stm32f1xx_hal_i2c.o(i.HAL_I2C_SlaveTxCpltCallback)
    HAL_IncTick                              0x08001c81   Thumb Code    16  stm32f1xx_hal.o(i.HAL_IncTick)
    HAL_Init                                 0x08001c99   Thumb Code    34  stm32f1xx_hal.o(i.HAL_Init)
    HAL_InitTick                             0x08001cc1   Thumb Code   158  stm32f1xx_hal_timebase_tim.o(i.HAL_InitTick)
    HAL_MspInit                              0x08001d75   Thumb Code    76  stm32f1xx_hal_msp.o(i.HAL_MspInit)
    HAL_NVIC_DisableIRQ                      0x08001dc9   Thumb Code    62  stm32f1xx_hal_cortex.o(i.HAL_NVIC_DisableIRQ)
    HAL_NVIC_EnableIRQ                       0x08001e0d   Thumb Code    32  stm32f1xx_hal_cortex.o(i.HAL_NVIC_EnableIRQ)
    HAL_NVIC_SetPriority                     0x08001e2d   Thumb Code   124  stm32f1xx_hal_cortex.o(i.HAL_NVIC_SetPriority)
    HAL_NVIC_SetPriorityGrouping             0x08001ea9   Thumb Code    32  stm32f1xx_hal_cortex.o(i.HAL_NVIC_SetPriorityGrouping)
    HAL_PWR_EnableBkUpAccess                 0x08001ed1   Thumb Code     8  stm32f1xx_hal_pwr.o(i.HAL_PWR_EnableBkUpAccess)
    HAL_PWR_EnableWakeUpPin                  0x08001edd   Thumb Code    22  stm32f1xx_hal_pwr.o(i.HAL_PWR_EnableWakeUpPin)
    HAL_PWR_EnterSTANDBYMode                 0x08001ef9   Thumb Code    32  stm32f1xx_hal_pwr.o(i.HAL_PWR_EnterSTANDBYMode)
    HAL_PWR_EnterSTOPMode                    0x08001f21   Thumb Code    74  stm32f1xx_hal_pwr.o(i.HAL_PWR_EnterSTOPMode)
    HAL_RCCEx_GetPeriphCLKFreq               0x08001f75   Thumb Code   232  stm32f1xx_hal_rcc_ex.o(i.HAL_RCCEx_GetPeriphCLKFreq)
    HAL_RCCEx_PeriphCLKConfig                0x08002071   Thumb Code   290  stm32f1xx_hal_rcc_ex.o(i.HAL_RCCEx_PeriphCLKConfig)
    HAL_RCC_ClockConfig                      0x080021a1   Thumb Code   376  stm32f1xx_hal_rcc.o(i.HAL_RCC_ClockConfig)
    HAL_RCC_GetClockConfig                   0x0800232d   Thumb Code    58  stm32f1xx_hal_rcc.o(i.HAL_RCC_GetClockConfig)
    HAL_RCC_GetHCLKFreq                      0x08002371   Thumb Code     6  stm32f1xx_hal_rcc.o(i.HAL_RCC_GetHCLKFreq)
    HAL_RCC_GetPCLK1Freq                     0x0800237d   Thumb Code    22  stm32f1xx_hal_rcc.o(i.HAL_RCC_GetPCLK1Freq)
    HAL_RCC_GetPCLK2Freq                     0x0800239d   Thumb Code    22  stm32f1xx_hal_rcc.o(i.HAL_RCC_GetPCLK2Freq)
    HAL_RCC_GetSysClockFreq                  0x080023bd   Thumb Code    92  stm32f1xx_hal_rcc.o(i.HAL_RCC_GetSysClockFreq)
    HAL_RCC_OscConfig                        0x0800242d   Thumb Code  1114  stm32f1xx_hal_rcc.o(i.HAL_RCC_OscConfig)
    HAL_RTC_GetDate                          0x08002891   Thumb Code    82  stm32f1xx_hal_rtc.o(i.HAL_RTC_GetDate)
    HAL_RTC_GetTime                          0x080028e3   Thumb Code   260  stm32f1xx_hal_rtc.o(i.HAL_RTC_GetTime)
    HAL_RTC_Init                             0x080029e9   Thumb Code   188  stm32f1xx_hal_rtc.o(i.HAL_RTC_Init)
    HAL_RTC_MspInit                          0x08002aa9   Thumb Code    52  rtc.o(i.HAL_RTC_MspInit)
    HAL_RTC_SetDate                          0x08002ae9   Thumb Code   242  stm32f1xx_hal_rtc.o(i.HAL_RTC_SetDate)
    HAL_RTC_SetTime                          0x08002be1   Thumb Code   214  stm32f1xx_hal_rtc.o(i.HAL_RTC_SetTime)
    HAL_RTC_WaitForSynchro                   0x08002cbd   Thumb Code    64  stm32f1xx_hal_rtc.o(i.HAL_RTC_WaitForSynchro)
    HAL_TIMEx_BreakCallback                  0x08002cfd   Thumb Code     2  stm32f1xx_hal_tim_ex.o(i.HAL_TIMEx_BreakCallback)
    HAL_TIMEx_CommutCallback                 0x08002cff   Thumb Code     2  stm32f1xx_hal_tim_ex.o(i.HAL_TIMEx_CommutCallback)
    HAL_TIM_Base_Init                        0x08002d01   Thumb Code   102  stm32f1xx_hal_tim.o(i.HAL_TIM_Base_Init)
    HAL_TIM_Base_MspInit                     0x08002d67   Thumb Code     2  stm32f1xx_hal_tim.o(i.HAL_TIM_Base_MspInit)
    HAL_TIM_Base_Start_IT                    0x08002d69   Thumb Code   106  stm32f1xx_hal_tim.o(i.HAL_TIM_Base_Start_IT)
    HAL_TIM_IC_CaptureCallback               0x08002de1   Thumb Code     2  stm32f1xx_hal_tim.o(i.HAL_TIM_IC_CaptureCallback)
    HAL_TIM_IRQHandler                       0x08002de3   Thumb Code   364  stm32f1xx_hal_tim.o(i.HAL_TIM_IRQHandler)
    HAL_TIM_OC_DelayElapsedCallback          0x08002f4f   Thumb Code     2  stm32f1xx_hal_tim.o(i.HAL_TIM_OC_DelayElapsedCallback)
    HAL_TIM_PWM_PulseFinishedCallback        0x08002f51   Thumb Code     2  stm32f1xx_hal_tim.o(i.HAL_TIM_PWM_PulseFinishedCallback)
    HAL_TIM_PeriodElapsedCallback            0x08002f55   Thumb Code    18  main.o(i.HAL_TIM_PeriodElapsedCallback)
    HAL_TIM_TriggerCallback                  0x08002f6d   Thumb Code     2  stm32f1xx_hal_tim.o(i.HAL_TIM_TriggerCallback)
    HardFault_Handler                        0x08002f6f   Thumb Code     4  stm32f1xx_it.o(i.HardFault_Handler)
    I2C1_ER_IRQHandler                       0x08002f75   Thumb Code    10  stm32f1xx_it.o(i.I2C1_ER_IRQHandler)
    I2C1_EV_IRQHandler                       0x08002f85   Thumb Code    10  stm32f1xx_it.o(i.I2C1_EV_IRQHandler)
    KEY_Check                                0x08004301   Thumb Code    30  key.o(i.KEY_Check)
    KEY_State                                0x08004325   Thumb Code    98  key.o(i.KEY_State)
    LED_Exit                                 0x08004391   Thumb Code    12  led.o(i.LED_Exit)
    LED_Loop                                 0x0800439d   Thumb Code   136  led.o(i.LED_Loop)
    LED_UI                                   0x08004431   Thumb Code    44  led.o(i.LED_UI)
    LED_init                                 0x08004469   Thumb Code    12  led.o(i.LED_init)
    LOW_Loop                                 0x08004475   Thumb Code    38  low.o(i.LOW_Loop)
    LOW_Tick                                 0x080044a1   Thumb Code    84  low.o(i.LOW_Tick)
    MX_DMA_Init                              0x08004509   Thumb Code    48  dma.o(i.MX_DMA_Init)
    MX_GPIO_Init                             0x0800453d   Thumb Code   236  gpio.o(i.MX_GPIO_Init)
    MX_I2C1_Init                             0x0800463d   Thumb Code    48  i2c.o(i.MX_I2C1_Init)
    MX_RTC_Init                              0x08004679   Thumb Code   112  rtc.o(i.MX_RTC_Init)
    MemManage_Handler                        0x080046f1   Thumb Code     4  stm32f1xx_it.o(i.MemManage_Handler)
    NMI_Handler                              0x080046f5   Thumb Code     4  stm32f1xx_it.o(i.NMI_Handler)
    OLED_Clear                               0x080046f9   Thumb Code    36  oled.o(i.OLED_Clear)
    OLED_ClearArea                           0x08004721   Thumb Code   162  oled.o(i.OLED_ClearArea)
    OLED_Init                                0x080047c9   Thumb Code   154  oled.o(i.OLED_Init)
    OLED_Printf                              0x08004863   Thumb Code    50  oled.o(i.OLED_Printf)
    OLED_Reset                               0x08004895   Thumb Code   216  oled.o(i.OLED_Reset)
    OLED_ReverseArea                         0x08004979   Thumb Code   162  oled.o(i.OLED_ReverseArea)
    OLED_ShowChar                            0x08004a21   Thumb Code   108  oled.o(i.OLED_ShowChar)
    OLED_ShowChinese                         0x08004a99   Thumb Code   144  oled.o(i.OLED_ShowChinese)
    OLED_ShowImage                           0x08004b31   Thumb Code   296  oled.o(i.OLED_ShowImage)
    OLED_ShowString                          0x08004c5d   Thumb Code    46  oled.o(i.OLED_ShowString)
    OLED_Update                              0x08004c8d   Thumb Code   128  oled.o(i.OLED_Update)
    OLED_WriteCommand                        0x08004d21   Thumb Code    66  oled.o(i.OLED_WriteCommand)
    POST_TICKLESS_SLEEP                      0x08004d69   Thumb Code   136  freertos_task.o(i.POST_TICKLESS_SLEEP)
    PRE_TICKLESS_SLEEP                       0x08004df5   Thumb Code    54  freertos_task.o(i.PRE_TICKLESS_SLEEP)
    SetDA_Exit                               0x08005119   Thumb Code    12  setdate.o(i.SetDA_Exit)
    SetDA_Init                               0x08005125   Thumb Code    24  setdate.o(i.SetDA_Init)
    SetDA_Loop                               0x0800513d   Thumb Code   156  setdate.o(i.SetDA_Loop)
    SetDate_Exit                             0x080051e5   Thumb Code    12  setdate.o(i.SetDate_Exit)
    SetDate_Init                             0x080051f1   Thumb Code    96  setdate.o(i.SetDate_Init)
    SetDate_Loop                             0x08005255   Thumb Code   238  setdate.o(i.SetDate_Loop)
    SetDate_UI                               0x0800534d   Thumb Code   124  setdate.o(i.SetDate_UI)
    SetHours_Exit                            0x080053f5   Thumb Code    12  settime.o(i.SetHours_Exit)
    SetHours_Init                            0x08005401   Thumb Code    24  settime.o(i.SetHours_Init)
    SetHours_Loop                            0x08005419   Thumb Code   164  settime.o(i.SetHours_Loop)
    SetMin_Exit                              0x080054c9   Thumb Code    12  settime.o(i.SetMin_Exit)
    SetMin_Init                              0x080054d5   Thumb Code    24  settime.o(i.SetMin_Init)
    SetMin_Loop                              0x080054ed   Thumb Code   204  settime.o(i.SetMin_Loop)
    SetMonth_Exit                            0x080055c5   Thumb Code    12  setdate.o(i.SetMonth_Exit)
    SetMonth_Init                            0x080055d1   Thumb Code    24  setdate.o(i.SetMonth_Init)
    SetMonth_Loop                            0x080055e9   Thumb Code   156  setdate.o(i.SetMonth_Loop)
    SetTime_Exit                             0x08005691   Thumb Code    12  settime.o(i.SetTime_Exit)
    SetTime_Init                             0x0800569d   Thumb Code    78  settime.o(i.SetTime_Init)
    SetTime_Loop                             0x080056f1   Thumb Code   204  settime.o(i.SetTime_Loop)
    SetTime_UI                               0x080057c5   Thumb Code    96  settime.o(i.SetTime_UI)
    SetYear_Exit                             0x08005845   Thumb Code    12  setdate.o(i.SetYear_Exit)
    SetYear_Init                             0x08005851   Thumb Code    24  setdate.o(i.SetYear_Init)
    SetYear_Loop                             0x08005869   Thumb Code   120  setdate.o(i.SetYear_Loop)
    Settings_Exit                            0x080058ed   Thumb Code    12  settings.o(i.Settings_Exit)
    Settings_Init                            0x080058f9   Thumb Code    78  settings.o(i.Settings_Init)
    Settings_Loop                            0x0800594d   Thumb Code   204  settings.o(i.Settings_Loop)
    Settings_UI                              0x08005a21   Thumb Code    40  settings.o(i.Settings_UI)
    StopWatch_Exit                           0x08005a5d   Thumb Code    18  stopwatch.o(i.StopWatch_Exit)
    StopWatch_Init                           0x08005a79   Thumb Code    12  stopwatch.o(i.StopWatch_Init)
    StopWatch_Loop                           0x08005a85   Thumb Code    92  stopwatch.o(i.StopWatch_Loop)
    StopWatch_Tick                           0x08005af1   Thumb Code    62  stopwatch.o(i.StopWatch_Tick)
    StopWatch_UI                             0x08005b3d   Thumb Code    28  stopwatch.o(i.StopWatch_UI)
    SysTick_Handler                          0x08005b6d   Thumb Code    16  stm32f1xx_it.o(i.SysTick_Handler)
    SystemClock_Config                       0x08005b7d   Thumb Code   136  main.o(i.SystemClock_Config)
    SystemInit                               0x08005c05   Thumb Code     2  system_stm32f1xx.o(i.SystemInit)
    TIM4_IRQHandler                          0x08005c09   Thumb Code    10  stm32f1xx_it.o(i.TIM4_IRQHandler)
    TIM_Base_SetConfig                       0x08005c19   Thumb Code   120  stm32f1xx_hal_tim.o(i.TIM_Base_SetConfig)
    TIM_Tick                                 0x08005c9d   Thumb Code   524  key.o(i.TIM_Tick)
    TIM_UI                                   0x08005ec9   Thumb Code   104  my_rtc.o(i.TIM_UI)
    Tick_Task                                0x08005f6d   Thumb Code    40  freertos_task.o(i.Tick_Task)
    Tim_Exit                                 0x08005f95   Thumb Code    12  my_rtc.o(i.Tim_Exit)
    Tim_Init                                 0x08005fa1   Thumb Code    54  my_rtc.o(i.Tim_Init)
    Tim_Loop                                 0x08005fdd   Thumb Code   164  my_rtc.o(i.Tim_Loop)
    UsageFault_Handler                       0x08006089   Thumb Code     4  stm32f1xx_it.o(i.UsageFault_Handler)
    __0vsprintf                              0x0800608d   Thumb Code    30  printfa.o(i.__0vsprintf)
    __1vsprintf                              0x0800608d   Thumb Code     0  printfa.o(i.__0vsprintf)
    __2vsprintf                              0x0800608d   Thumb Code     0  printfa.o(i.__0vsprintf)
    __c89vsprintf                            0x0800608d   Thumb Code     0  printfa.o(i.__0vsprintf)
    vsprintf                                 0x0800608d   Thumb Code     0  printfa.o(i.__0vsprintf)
    __scatterload_copy                       0x080060e9   Thumb Code    14  handlers.o(i.__scatterload_copy)
    __scatterload_null                       0x080060f7   Thumb Code     2  handlers.o(i.__scatterload_null)
    __scatterload_zeroinit                   0x080060f9   Thumb Code    14  handlers.o(i.__scatterload_zeroinit)
    eTaskConfirmSleepModeStatus              0x080069c5   Thumb Code    52  tasks.o(i.eTaskConfirmSleepModeStatus)
    main                                     0x08006a0d   Thumb Code    36  main.o(i.main)
    menu_Exit                                0x08006a31   Thumb Code    12  menu.o(i.menu_Exit)
    menu_Init                                0x08006a3d   Thumb Code    12  menu.o(i.menu_Init)
    menu_Loop                                0x08006a49   Thumb Code   200  menu.o(i.menu_Loop)
    menu_UI                                  0x08006b21   Thumb Code   228  menu.o(i.menu_UI)
    move_start                               0x08006c15   Thumb Code   178  menu.o(i.move_start)
    pvPortMalloc                             0x080073d5   Thumb Code   234  heap_4.o(i.pvPortMalloc)
    pxPortInitialiseStack                    0x080074d5   Thumb Code    30  port.o(i.pxPortInitialiseStack)
    switch_Loop                              0x080074f9   Thumb Code    50  low.o(i.switch_Loop)
    switch_Tick                              0x08007535   Thumb Code    26  low.o(i.switch_Tick)
    uxListRemove                             0x08007559   Thumb Code    40  list.o(i.uxListRemove)
    uxTaskGetNumberOfTasks                   0x08007581   Thumb Code     6  tasks.o(i.uxTaskGetNumberOfTasks)
    vListInitialise                          0x0800758d   Thumb Code    26  list.o(i.vListInitialise)
    vListInitialiseItem                      0x080075a7   Thumb Code     6  list.o(i.vListInitialiseItem)
    vListInsert                              0x080075ad   Thumb Code    52  list.o(i.vListInsert)
    vPortEnterCritical                       0x080075e1   Thumb Code    30  port.o(i.vPortEnterCritical)
    vPortExitCritical                        0x08007605   Thumb Code    28  port.o(i.vPortExitCritical)
    vPortFree                                0x08007625   Thumb Code    68  heap_4.o(i.vPortFree)
    vPortSetupTimerInterrupt                 0x08007671   Thumb Code    50  port.o(i.vPortSetupTimerInterrupt)
    vPortSuppressTicksAndSleep               0x080076b5   Thumb Code   314  port.o(i.vPortSuppressTicksAndSleep)
    vTaskDelay                               0x08007801   Thumb Code    46  tasks.o(i.vTaskDelay)
    vTaskInternalSetTimeOutState             0x08007835   Thumb Code    14  tasks.o(i.vTaskInternalSetTimeOutState)
    vTaskMissedYield                         0x0800784d   Thumb Code     8  tasks.o(i.vTaskMissedYield)
    vTaskPlaceOnEventList                    0x08007859   Thumb Code    28  tasks.o(i.vTaskPlaceOnEventList)
    vTaskStartScheduler                      0x08007879   Thumb Code    60  tasks.o(i.vTaskStartScheduler)
    vTaskStepTick                            0x080078c5   Thumb Code    50  tasks.o(i.vTaskStepTick)
    vTaskSuspendAll                          0x08007905   Thumb Code    12  tasks.o(i.vTaskSuspendAll)
    vTaskSwitchContext                       0x08007915   Thumb Code    84  tasks.o(i.vTaskSwitchContext)
    xPortStartScheduler                      0x0800797d   Thumb Code    42  port.o(i.xPortStartScheduler)
    xPortSysTickHandler                      0x080079b1   Thumb Code    46  port.o(i.xPortSysTickHandler)
    xQueueGenericCreate                      0x080079e5   Thumb Code    76  queue.o(i.xQueueGenericCreate)
    xQueueGenericReset                       0x08007a31   Thumb Code   156  queue.o(i.xQueueGenericReset)
    xQueueGenericSend                        0x08007ad1   Thumb Code   276  queue.o(i.xQueueGenericSend)
    xQueueGiveFromISR                        0x08007be9   Thumb Code   134  queue.o(i.xQueueGiveFromISR)
    xQueueReceive                            0x08007c71   Thumb Code   256  queue.o(i.xQueueReceive)
    xQueueSemaphoreTake                      0x08007d75   Thumb Code   234  queue.o(i.xQueueSemaphoreTake)
    xTaskCheckForTimeOut                     0x08007e65   Thumb Code    88  tasks.o(i.xTaskCheckForTimeOut)
    xTaskCreate                              0x08007ec5   Thumb Code    56  tasks.o(i.xTaskCreate)
    xTaskDelayUntil                          0x08007efd   Thumb Code   108  tasks.o(i.xTaskDelayUntil)
    xTaskGetSchedulerState                   0x08007f71   Thumb Code    24  tasks.o(i.xTaskGetSchedulerState)
    xTaskGetTickCount                        0x08007f91   Thumb Code     6  tasks.o(i.xTaskGetTickCount)
    xTaskIncrementTick                       0x08007f9d   Thumb Code   372  tasks.o(i.xTaskIncrementTick)
    xTaskRemoveFromEventList                 0x0800813d   Thumb Code   262  tasks.o(i.xTaskRemoveFromEventList)
    xTaskResumeAll                           0x0800825d   Thumb Code   344  tasks.o(i.xTaskResumeAll)
    AHBPrescTable                            0x080083fc   Data          16  system_stm32f1xx.o(.constdata)
    APBPrescTable                            0x0800840c   Data           8  system_stm32f1xx.o(.constdata)
    OLED_F8x16                               0x08008414   Data        1520  oled_data.o(.constdata)
    OLED_F6x8                                0x08008a04   Data         570  oled_data.o(.constdata)
    OLED_F12x24                              0x08008c3e   Data        3420  oled_data.o(.constdata)
    OLED_CF16x16                             0x0800999a   Data         504  oled_data.o(.constdata)
    Diode                                    0x08009b92   Data          32  oled_data.o(.constdata)
    Exit                                     0x08009bb2   Data          32  oled_data.o(.constdata)
    menu_Graph                               0x08009bd2   Data         640  oled_data.o(.constdata)
    Frame                                    0x08009e52   Data         264  oled_data.o(.constdata)
    LED                                      0x08009f5a   Data         528  oled_data.o(.constdata)
    Region$$Table$$Base                      0x0800a16c   Number         0  anon$$obj.o(Region$$Table)
    Region$$Table$$Limit                     0x0800a18c   Number         0  anon$$obj.o(Region$$Table)
    CurrMode                                 0x20000000   Data           1  main.o(.data)
    NextMode                                 0x20000001   Data           1  main.o(.data)
    uwTick                                   0x20000004   Data           4  stm32f1xx_hal.o(.data)
    uwTickPrio                               0x20000008   Data           4  stm32f1xx_hal.o(.data)
    uwTickFreq                               0x2000000c   Data           1  stm32f1xx_hal.o(.data)
    SystemCoreClock                          0x20000010   Data           4  system_stm32f1xx.o(.data)
    c                                        0x2000001e   Data           1  key.o(.data)
    pos                                      0x20000047   Data           1  menu.o(.data)
    target_pos                               0x20000048   Data           1  menu.o(.data)
    move_flag                                0x20000049   Data           1  menu.o(.data)
    move_state                               0x2000004a   Data           1  menu.o(.data)
    x_pre                                    0x2000004b   Data           1  menu.o(.data)
    Speed                                    0x2000004c   Data           1  menu.o(.data)
    stopwatch_flag                           0x20000052   Data           1  stopwatch.o(.data)
    low_flag                                 0x20000054   Data           1  low.o(.data)
    switch_flag                              0x20000055   Data           1  low.o(.data)
    GUI_Task_Handle                          0x2000005c   Data           4  freertos_task.o(.data)
    Tick_Task_Handle                         0x20000060   Data           4  freertos_task.o(.data)
    Queue_Key                                0x20000064   Data           4  freertos_task.o(.data)
    Current_Key_Msg                          0x20000068   Data           2  freertos_task.o(.data)
    OLEDSemaphore                            0x2000006c   Data           4  freertos_task.o(.data)
    pxCurrentTCB                             0x20000070   Data           4  tasks.o(.data)
    hi2c1                                    0x200000dc   Data          84  i2c.o(.bss)
    hdma_i2c1_tx                             0x20000130   Data          68  i2c.o(.bss)
    hrtc                                     0x20000174   Data          20  rtc.o(.bss)
    htim4                                    0x20000188   Data          72  stm32f1xx_hal_timebase_tim.o(.bss)
    OLED_DisplayBuf                          0x200001d0   Data        1024  oled.o(.bss)
    __initial_sp                             0x20004e98   Data           0  startup_stm32f103xb.o(STACK)



==============================================================================

Memory Map of the image

  Image Entry point : 0x080000ed

  Load Region LR_IROM1 (Base: 0x08000000, Size: 0x0000a268, Max: 0x00010000, ABSOLUTE)

    Execution Region ER_IROM1 (Exec base: 0x08000000, Load base: 0x08000000, Size: 0x0000a18c, Max: 0x00010000, ABSOLUTE)

    Exec Addr    Load Addr    Size         Type   Attr      Idx    E Section Name        Object

    0x08000000   0x08000000   0x000000ec   Data   RO            3    RESET               startup_stm32f103xb.o
    0x080000ec   0x080000ec   0x00000000   Code   RO         5463  * .ARM.Collect$$$$00000000  mc_w.l(entry.o)
    0x080000ec   0x080000ec   0x00000004   Code   RO         5792    .ARM.Collect$$$$00000001  mc_w.l(entry2.o)
    0x080000f0   0x080000f0   0x00000004   Code   RO         5795    .ARM.Collect$$$$00000004  mc_w.l(entry5.o)
    0x080000f4   0x080000f4   0x00000000   Code   RO         5797    .ARM.Collect$$$$00000008  mc_w.l(entry7b.o)
    0x080000f4   0x080000f4   0x00000000   Code   RO         5799    .ARM.Collect$$$$0000000A  mc_w.l(entry8b.o)
    0x080000f4   0x080000f4   0x00000008   Code   RO         5800    .ARM.Collect$$$$0000000B  mc_w.l(entry9a.o)
    0x080000fc   0x080000fc   0x00000000   Code   RO         5802    .ARM.Collect$$$$0000000D  mc_w.l(entry10a.o)
    0x080000fc   0x080000fc   0x00000000   Code   RO         5804    .ARM.Collect$$$$0000000F  mc_w.l(entry11a.o)
    0x080000fc   0x080000fc   0x00000004   Code   RO         5793    .ARM.Collect$$$$00002712  mc_w.l(entry2.o)
    0x08000100   0x08000100   0x00000096   Code   RO         5378    .emb_text           port.o
    0x08000196   0x08000196   0x00000002   PAD
    0x08000198   0x08000198   0x00000024   Code   RO            4    .text               startup_stm32f103xb.o
    0x080001bc   0x080001bc   0x00000020   Code   RO         5466    .text               mc_w.l(llushr.o)
    0x080001dc   0x080001dc   0x00000024   Code   RO         5468    .text               mc_w.l(memcpya.o)
    0x08000200   0x08000200   0x00000024   Code   RO         5470    .text               mc_w.l(memseta.o)
    0x08000224   0x08000224   0x0000001c   Code   RO         5474    .text               mc_w.l(strcmp.o)
    0x08000240   0x08000240   0x0000014e   Code   RO         5743    .text               mf_w.l(dadd.o)
    0x0800038e   0x0800038e   0x000000e4   Code   RO         5745    .text               mf_w.l(dmul.o)
    0x08000472   0x08000472   0x000000de   Code   RO         5747    .text               mf_w.l(ddiv.o)
    0x08000550   0x08000550   0x00000030   Code   RO         5761    .text               mf_w.l(cdrcmple.o)
    0x08000580   0x08000580   0x0000002c   Code   RO         5809    .text               mc_w.l(uidiv.o)
    0x080005ac   0x080005ac   0x00000062   Code   RO         5811    .text               mc_w.l(uldiv.o)
    0x0800060e   0x0800060e   0x0000001e   Code   RO         5813    .text               mc_w.l(llshl.o)
    0x0800062c   0x0800062c   0x00000024   Code   RO         5815    .text               mc_w.l(llsshr.o)
    0x08000650   0x08000650   0x00000000   Code   RO         5824    .text               mc_w.l(iusefp.o)
    0x08000650   0x08000650   0x000000ba   Code   RO         5827    .text               mf_w.l(depilogue.o)
    0x0800070a   0x0800070a   0x00000030   Code   RO         5829    .text               mf_w.l(dfixul.o)
    0x0800073a   0x0800073a   0x00000002   PAD
    0x0800073c   0x0800073c   0x00000024   Code   RO         5835    .text               mc_w.l(init.o)
    0x08000760   0x08000760   0x00000004   Code   RO          385    i.BusFault_Handler  stm32f1xx_it.o
    0x08000764   0x08000764   0x00000010   Code   RO          386    i.DMA1_Channel6_IRQHandler  stm32f1xx_it.o
    0x08000774   0x08000774   0x0000002c   Code   RO         2508    i.DMA_SetConfig     stm32f1xx_hal_dma.o
    0x080007a0   0x080007a0   0x00000002   Code   RO          387    i.DebugMon_Handler  stm32f1xx_it.o
    0x080007a2   0x080007a2   0x0000000a   Code   RO          388    i.EXTI0_IRQHandler  stm32f1xx_it.o
    0x080007ac   0x080007ac   0x00000006   Code   RO           13    i.Error_Handler     main.o
    0x080007b2   0x080007b2   0x00000002   PAD
    0x080007b4   0x080007b4   0x00000080   Code   RO         4344    i.FreeRTOS_Start    freertos_task.o
    0x08000834   0x08000834   0x00000066   Code   RO         3794    i.GLOBAL_Exit       global.o
    0x0800089a   0x0800089a   0x00000066   Code   RO         3795    i.GLOBAL_Loop       global.o
    0x08000900   0x08000900   0x00000066   Code   RO         3796    i.GLOBAL_init       global.o
    0x08000966   0x08000966   0x00000002   PAD
    0x08000968   0x08000968   0x0000009c   Code   RO         4345    i.GUI_Task          freertos_task.o
    0x08000a04   0x08000a04   0x000000b0   Code   RO         2510    i.HAL_DMA_Abort_IT  stm32f1xx_hal_dma.o
    0x08000ab4   0x08000ab4   0x00000068   Code   RO         2511    i.HAL_DMA_DeInit    stm32f1xx_hal_dma.o
    0x08000b1c   0x08000b1c   0x00000008   Code   RO         2513    i.HAL_DMA_GetState  stm32f1xx_hal_dma.o
    0x08000b24   0x08000b24   0x0000019c   Code   RO         2514    i.HAL_DMA_IRQHandler  stm32f1xx_hal_dma.o
    0x08000cc0   0x08000cc0   0x00000068   Code   RO         2515    i.HAL_DMA_Init      stm32f1xx_hal_dma.o
    0x08000d28   0x08000d28   0x0000009c   Code   RO         2519    i.HAL_DMA_Start_IT  stm32f1xx_hal_dma.o
    0x08000dc4   0x08000dc4   0x00000028   Code   RO         2130    i.HAL_Delay         stm32f1xx_hal.o
    0x08000dec   0x08000dec   0x00000134   Code   RO         2442    i.HAL_GPIO_DeInit   stm32f1xx_hal_gpio.o
    0x08000f20   0x08000f20   0x00000002   Code   RO         2443    i.HAL_GPIO_EXTI_Callback  stm32f1xx_hal_gpio.o
    0x08000f22   0x08000f22   0x00000002   PAD
    0x08000f24   0x08000f24   0x0000001c   Code   RO         2444    i.HAL_GPIO_EXTI_IRQHandler  stm32f1xx_hal_gpio.o
    0x08000f40   0x08000f40   0x00000320   Code   RO         2445    i.HAL_GPIO_Init     stm32f1xx_hal_gpio.o
    0x08001260   0x08001260   0x00000010   Code   RO         2447    i.HAL_GPIO_ReadPin  stm32f1xx_hal_gpio.o
    0x08001270   0x08001270   0x0000000c   Code   RO         2449    i.HAL_GPIO_WritePin  stm32f1xx_hal_gpio.o
    0x0800127c   0x0800127c   0x0000000c   Code   RO         2134    i.HAL_GetTick       stm32f1xx_hal.o
    0x08001288   0x08001288   0x00000002   Code   RO         1646    i.HAL_I2C_AbortCpltCallback  stm32f1xx_hal_i2c.o
    0x0800128a   0x0800128a   0x00000002   Code   RO         1647    i.HAL_I2C_AddrCallback  stm32f1xx_hal_i2c.o
    0x0800128c   0x0800128c   0x0000003c   Code   RO         1648    i.HAL_I2C_DeInit    stm32f1xx_hal_i2c.o
    0x080012c8   0x080012c8   0x000000e0   Code   RO         1650    i.HAL_I2C_ER_IRQHandler  stm32f1xx_hal_i2c.o
    0x080013a8   0x080013a8   0x000001da   Code   RO         1651    i.HAL_I2C_EV_IRQHandler  stm32f1xx_hal_i2c.o
    0x08001582   0x08001582   0x00000002   PAD
    0x08001584   0x08001584   0x00000044   Code   RO         4346    i.HAL_I2C_ErrorCallback  freertos_task.o
    0x080015c8   0x080015c8   0x00000008   Code   RO         1656    i.HAL_I2C_GetState  stm32f1xx_hal_i2c.o
    0x080015d0   0x080015d0   0x000001d0   Code   RO         1657    i.HAL_I2C_Init      stm32f1xx_hal_i2c.o
    0x080017a0   0x080017a0   0x00000002   Code   RO         1659    i.HAL_I2C_ListenCpltCallback  stm32f1xx_hal_i2c.o
    0x080017a2   0x080017a2   0x00000002   Code   RO         1660    i.HAL_I2C_MasterRxCpltCallback  stm32f1xx_hal_i2c.o
    0x080017a4   0x080017a4   0x00000002   Code   RO         1661    i.HAL_I2C_MasterTxCpltCallback  stm32f1xx_hal_i2c.o
    0x080017a6   0x080017a6   0x00000002   Code   RO         1673    i.HAL_I2C_MemRxCpltCallback  stm32f1xx_hal_i2c.o
    0x080017a8   0x080017a8   0x00000044   Code   RO         4347    i.HAL_I2C_MemTxCpltCallback  freertos_task.o
    0x080017ec   0x080017ec   0x00000164   Code   RO         1678    i.HAL_I2C_Mem_Write  stm32f1xx_hal_i2c.o
    0x08001950   0x08001950   0x00000214   Code   RO         1679    i.HAL_I2C_Mem_Write_DMA  stm32f1xx_hal_i2c.o
    0x08001b64   0x08001b64   0x00000048   Code   RO          301    i.HAL_I2C_MspDeInit  i2c.o
    0x08001bac   0x08001bac   0x000000d0   Code   RO          302    i.HAL_I2C_MspInit   i2c.o
    0x08001c7c   0x08001c7c   0x00000002   Code   RO         1683    i.HAL_I2C_SlaveRxCpltCallback  stm32f1xx_hal_i2c.o
    0x08001c7e   0x08001c7e   0x00000002   Code   RO         1684    i.HAL_I2C_SlaveTxCpltCallback  stm32f1xx_hal_i2c.o
    0x08001c80   0x08001c80   0x00000018   Code   RO         2140    i.HAL_IncTick       stm32f1xx_hal.o
    0x08001c98   0x08001c98   0x00000028   Code   RO         2141    i.HAL_Init          stm32f1xx_hal.o
    0x08001cc0   0x08001cc0   0x000000b4   Code   RO          503    i.HAL_InitTick      stm32f1xx_hal_timebase_tim.o
    0x08001d74   0x08001d74   0x00000054   Code   RO          479    i.HAL_MspInit       stm32f1xx_hal_msp.o
    0x08001dc8   0x08001dc8   0x00000044   Code   RO         2604    i.HAL_NVIC_DisableIRQ  stm32f1xx_hal_cortex.o
    0x08001e0c   0x08001e0c   0x00000020   Code   RO         2605    i.HAL_NVIC_EnableIRQ  stm32f1xx_hal_cortex.o
    0x08001e2c   0x08001e2c   0x0000007c   Code   RO         2611    i.HAL_NVIC_SetPriority  stm32f1xx_hal_cortex.o
    0x08001ea8   0x08001ea8   0x00000028   Code   RO         2612    i.HAL_NVIC_SetPriorityGrouping  stm32f1xx_hal_cortex.o
    0x08001ed0   0x08001ed0   0x0000000c   Code   RO         2732    i.HAL_PWR_EnableBkUpAccess  stm32f1xx_hal_pwr.o
    0x08001edc   0x08001edc   0x0000001c   Code   RO         2736    i.HAL_PWR_EnableWakeUpPin  stm32f1xx_hal_pwr.o
    0x08001ef8   0x08001ef8   0x00000028   Code   RO         2738    i.HAL_PWR_EnterSTANDBYMode  stm32f1xx_hal_pwr.o
    0x08001f20   0x08001f20   0x00000054   Code   RO         2739    i.HAL_PWR_EnterSTOPMode  stm32f1xx_hal_pwr.o
    0x08001f74   0x08001f74   0x000000fc   Code   RO         2406    i.HAL_RCCEx_GetPeriphCLKFreq  stm32f1xx_hal_rcc_ex.o
    0x08002070   0x08002070   0x00000130   Code   RO         2407    i.HAL_RCCEx_PeriphCLKConfig  stm32f1xx_hal_rcc_ex.o
    0x080021a0   0x080021a0   0x0000018c   Code   RO         2298    i.HAL_RCC_ClockConfig  stm32f1xx_hal_rcc.o
    0x0800232c   0x0800232c   0x00000044   Code   RO         2302    i.HAL_RCC_GetClockConfig  stm32f1xx_hal_rcc.o
    0x08002370   0x08002370   0x0000000c   Code   RO         2303    i.HAL_RCC_GetHCLKFreq  stm32f1xx_hal_rcc.o
    0x0800237c   0x0800237c   0x00000020   Code   RO         2305    i.HAL_RCC_GetPCLK1Freq  stm32f1xx_hal_rcc.o
    0x0800239c   0x0800239c   0x00000020   Code   RO         2306    i.HAL_RCC_GetPCLK2Freq  stm32f1xx_hal_rcc.o
    0x080023bc   0x080023bc   0x00000070   Code   RO         2307    i.HAL_RCC_GetSysClockFreq  stm32f1xx_hal_rcc.o
    0x0800242c   0x0800242c   0x00000464   Code   RO         2310    i.HAL_RCC_OscConfig  stm32f1xx_hal_rcc.o
    0x08002890   0x08002890   0x00000052   Code   RO         3136    i.HAL_RTC_GetDate   stm32f1xx_hal_rtc.o
    0x080028e2   0x080028e2   0x00000104   Code   RO         3138    i.HAL_RTC_GetTime   stm32f1xx_hal_rtc.o
    0x080029e6   0x080029e6   0x00000002   PAD
    0x080029e8   0x080029e8   0x000000c0   Code   RO         3139    i.HAL_RTC_Init      stm32f1xx_hal_rtc.o
    0x08002aa8   0x08002aa8   0x00000040   Code   RO          344    i.HAL_RTC_MspInit   rtc.o
    0x08002ae8   0x08002ae8   0x000000f8   Code   RO         3145    i.HAL_RTC_SetDate   stm32f1xx_hal_rtc.o
    0x08002be0   0x08002be0   0x000000dc   Code   RO         3146    i.HAL_RTC_SetTime   stm32f1xx_hal_rtc.o
    0x08002cbc   0x08002cbc   0x00000040   Code   RO         3147    i.HAL_RTC_WaitForSynchro  stm32f1xx_hal_rtc.o
    0x08002cfc   0x08002cfc   0x00000002   Code   RO         1379    i.HAL_TIMEx_BreakCallback  stm32f1xx_hal_tim_ex.o
    0x08002cfe   0x08002cfe   0x00000002   Code   RO         1380    i.HAL_TIMEx_CommutCallback  stm32f1xx_hal_tim_ex.o
    0x08002d00   0x08002d00   0x00000066   Code   RO          664    i.HAL_TIM_Base_Init  stm32f1xx_hal_tim.o
    0x08002d66   0x08002d66   0x00000002   Code   RO          666    i.HAL_TIM_Base_MspInit  stm32f1xx_hal_tim.o
    0x08002d68   0x08002d68   0x00000078   Code   RO          669    i.HAL_TIM_Base_Start_IT  stm32f1xx_hal_tim.o
    0x08002de0   0x08002de0   0x00000002   Code   RO          698    i.HAL_TIM_IC_CaptureCallback  stm32f1xx_hal_tim.o
    0x08002de2   0x08002de2   0x0000016c   Code   RO          712    i.HAL_TIM_IRQHandler  stm32f1xx_hal_tim.o
    0x08002f4e   0x08002f4e   0x00000002   Code   RO          715    i.HAL_TIM_OC_DelayElapsedCallback  stm32f1xx_hal_tim.o
    0x08002f50   0x08002f50   0x00000002   Code   RO          742    i.HAL_TIM_PWM_PulseFinishedCallback  stm32f1xx_hal_tim.o
    0x08002f52   0x08002f52   0x00000002   PAD
    0x08002f54   0x08002f54   0x00000018   Code   RO           14    i.HAL_TIM_PeriodElapsedCallback  main.o
    0x08002f6c   0x08002f6c   0x00000002   Code   RO          755    i.HAL_TIM_TriggerCallback  stm32f1xx_hal_tim.o
    0x08002f6e   0x08002f6e   0x00000004   Code   RO          389    i.HardFault_Handler  stm32f1xx_it.o
    0x08002f72   0x08002f72   0x00000002   PAD
    0x08002f74   0x08002f74   0x00000010   Code   RO          390    i.I2C1_ER_IRQHandler  stm32f1xx_it.o
    0x08002f84   0x08002f84   0x00000010   Code   RO          391    i.I2C1_EV_IRQHandler  stm32f1xx_it.o
    0x08002f94   0x08002f94   0x0000001c   Code   RO         1695    i.I2C_ConvertOtherXferOptions  stm32f1xx_hal_i2c.o
    0x08002fb0   0x08002fb0   0x000000f8   Code   RO         1696    i.I2C_DMAAbort      stm32f1xx_hal_i2c.o
    0x080030a8   0x080030a8   0x00000046   Code   RO         1697    i.I2C_DMAError      stm32f1xx_hal_i2c.o
    0x080030ee   0x080030ee   0x0000013e   Code   RO         1698    i.I2C_DMAXferCplt   stm32f1xx_hal_i2c.o
    0x0800322c   0x0800322c   0x00000012   Code   RO         1699    i.I2C_Flush_DR      stm32f1xx_hal_i2c.o
    0x0800323e   0x0800323e   0x00000002   PAD
    0x08003240   0x08003240   0x000001ac   Code   RO         1700    i.I2C_ITError       stm32f1xx_hal_i2c.o
    0x080033ec   0x080033ec   0x0000003e   Code   RO         1701    i.I2C_IsAcknowledgeFailed  stm32f1xx_hal_i2c.o
    0x0800342a   0x0800342a   0x00000130   Code   RO         1702    i.I2C_MasterReceive_BTF  stm32f1xx_hal_i2c.o
    0x0800355a   0x0800355a   0x00000104   Code   RO         1703    i.I2C_MasterReceive_RXNE  stm32f1xx_hal_i2c.o
    0x0800365e   0x0800365e   0x000000a0   Code   RO         1706    i.I2C_MasterTransmit_BTF  stm32f1xx_hal_i2c.o
    0x080036fe   0x080036fe   0x000000d8   Code   RO         1707    i.I2C_MasterTransmit_TXE  stm32f1xx_hal_i2c.o
    0x080037d6   0x080037d6   0x0000002a   Code   RO         1708    i.I2C_Master_ADD10  stm32f1xx_hal_i2c.o
    0x08003800   0x08003800   0x00000280   Code   RO         1709    i.I2C_Master_ADDR   stm32f1xx_hal_i2c.o
    0x08003a80   0x08003a80   0x0000009e   Code   RO         1710    i.I2C_Master_SB     stm32f1xx_hal_i2c.o
    0x08003b1e   0x08003b1e   0x000000c6   Code   RO         1711    i.I2C_MemoryTransmit_TXE_BTF  stm32f1xx_hal_i2c.o
    0x08003be4   0x08003be4   0x000000e0   Code   RO         1713    i.I2C_RequestMemoryWrite  stm32f1xx_hal_i2c.o
    0x08003cc4   0x08003cc4   0x0000001a   Code   RO         1714    i.I2C_SlaveReceive_BTF  stm32f1xx_hal_i2c.o
    0x08003cde   0x08003cde   0x00000046   Code   RO         1715    i.I2C_SlaveReceive_RXNE  stm32f1xx_hal_i2c.o
    0x08003d24   0x08003d24   0x0000001a   Code   RO         1716    i.I2C_SlaveTransmit_BTF  stm32f1xx_hal_i2c.o
    0x08003d3e   0x08003d3e   0x00000046   Code   RO         1717    i.I2C_SlaveTransmit_TXE  stm32f1xx_hal_i2c.o
    0x08003d84   0x08003d84   0x00000070   Code   RO         1718    i.I2C_Slave_ADDR    stm32f1xx_hal_i2c.o
    0x08003df4   0x08003df4   0x000000a8   Code   RO         1719    i.I2C_Slave_AF      stm32f1xx_hal_i2c.o
    0x08003e9c   0x08003e9c   0x0000018c   Code   RO         1720    i.I2C_Slave_STOPF   stm32f1xx_hal_i2c.o
    0x08004028   0x08004028   0x00000066   Code   RO         1721    i.I2C_WaitOnBTFFlagUntilTimeout  stm32f1xx_hal_i2c.o
    0x0800408e   0x0800408e   0x000000be   Code   RO         1722    i.I2C_WaitOnFlagUntilTimeout  stm32f1xx_hal_i2c.o
    0x0800414c   0x0800414c   0x000000fa   Code   RO         1723    i.I2C_WaitOnMasterAddressFlagUntilTimeout  stm32f1xx_hal_i2c.o
    0x08004246   0x08004246   0x00000002   PAD
    0x08004248   0x08004248   0x00000050   Code   RO         1726    i.I2C_WaitOnSTOPRequestThroughIT  stm32f1xx_hal_i2c.o
    0x08004298   0x08004298   0x00000066   Code   RO         1727    i.I2C_WaitOnTXEFlagUntilTimeout  stm32f1xx_hal_i2c.o
    0x080042fe   0x080042fe   0x00000002   PAD
    0x08004300   0x08004300   0x00000024   Code   RO         3751    i.KEY_Check         key.o
    0x08004324   0x08004324   0x0000006c   Code   RO         3752    i.KEY_State         key.o
    0x08004390   0x08004390   0x0000000c   Code   RO         4249    i.LED_Exit          led.o
    0x0800439c   0x0800439c   0x00000094   Code   RO         4250    i.LED_Loop          led.o
    0x08004430   0x08004430   0x00000038   Code   RO         4251    i.LED_UI            led.o
    0x08004468   0x08004468   0x0000000c   Code   RO         4252    i.LED_init          led.o
    0x08004474   0x08004474   0x0000002c   Code   RO         4296    i.LOW_Loop          low.o
    0x080044a0   0x080044a0   0x00000068   Code   RO         4297    i.LOW_Tick          low.o
    0x08004508   0x08004508   0x00000034   Code   RO          277    i.MX_DMA_Init       dma.o
    0x0800453c   0x0800453c   0x00000100   Code   RO          249    i.MX_GPIO_Init      gpio.o
    0x0800463c   0x0800463c   0x0000003c   Code   RO          303    i.MX_I2C1_Init      i2c.o
    0x08004678   0x08004678   0x00000078   Code   RO          345    i.MX_RTC_Init       rtc.o
    0x080046f0   0x080046f0   0x00000004   Code   RO          392    i.MemManage_Handler  stm32f1xx_it.o
    0x080046f4   0x080046f4   0x00000004   Code   RO          393    i.NMI_Handler       stm32f1xx_it.o
    0x080046f8   0x080046f8   0x00000028   Code   RO         3445    i.OLED_Clear        oled.o
    0x08004720   0x08004720   0x000000a8   Code   RO         3446    i.OLED_ClearArea    oled.o
    0x080047c8   0x080047c8   0x0000009a   Code   RO         3455    i.OLED_Init         oled.o
    0x08004862   0x08004862   0x00000032   Code   RO         3458    i.OLED_Printf       oled.o
    0x08004894   0x08004894   0x000000e4   Code   RO         3459    i.OLED_Reset        oled.o
    0x08004978   0x08004978   0x000000a8   Code   RO         3461    i.OLED_ReverseArea  oled.o
    0x08004a20   0x08004a20   0x00000078   Code   RO         3464    i.OLED_ShowChar     oled.o
    0x08004a98   0x08004a98   0x00000098   Code   RO         3465    i.OLED_ShowChinese  oled.o
    0x08004b30   0x08004b30   0x0000012c   Code   RO         3468    i.OLED_ShowImage    oled.o
    0x08004c5c   0x08004c5c   0x0000002e   Code   RO         3471    i.OLED_ShowString   oled.o
    0x08004c8a   0x08004c8a   0x00000002   PAD
    0x08004c8c   0x08004c8c   0x00000094   Code   RO         3472    i.OLED_Update       oled.o
    0x08004d20   0x08004d20   0x00000048   Code   RO         3474    i.OLED_WriteCommand  oled.o
    0x08004d68   0x08004d68   0x0000008c   Code   RO         4348    i.POST_TICKLESS_SLEEP  freertos_task.o
    0x08004df4   0x08004df4   0x0000003c   Code   RO         4349    i.PRE_TICKLESS_SLEEP  freertos_task.o
    0x08004e30   0x08004e30   0x00000006   Code   RO         2742    i.PWR_OverloadWfe   stm32f1xx_hal_pwr.o
    0x08004e36   0x08004e36   0x00000002   PAD
    0x08004e38   0x08004e38   0x00000028   Code   RO         2311    i.RCC_Delay         stm32f1xx_hal_rcc.o
    0x08004e60   0x08004e60   0x00000016   Code   RO         3148    i.RTC_Bcd2ToByte    stm32f1xx_hal_rtc.o
    0x08004e76   0x08004e76   0x0000001a   Code   RO         3149    i.RTC_ByteToBcd2    stm32f1xx_hal_rtc.o
    0x08004e90   0x08004e90   0x000000b6   Code   RO         3150    i.RTC_DateUpdate    stm32f1xx_hal_rtc.o
    0x08004f46   0x08004f46   0x0000003a   Code   RO         3151    i.RTC_EnterInitMode  stm32f1xx_hal_rtc.o
    0x08004f80   0x08004f80   0x0000003a   Code   RO         3152    i.RTC_ExitInitMode  stm32f1xx_hal_rtc.o
    0x08004fba   0x08004fba   0x00000032   Code   RO         3153    i.RTC_IsLeapYear    stm32f1xx_hal_rtc.o
    0x08004fec   0x08004fec   0x00000018   Code   RO         3154    i.RTC_ReadAlarmCounter  stm32f1xx_hal_rtc.o
    0x08005004   0x08005004   0x00000034   Code   RO         3155    i.RTC_ReadTimeCounter  stm32f1xx_hal_rtc.o
    0x08005038   0x08005038   0x00000084   Code   RO         3156    i.RTC_WeekDayNum    stm32f1xx_hal_rtc.o
    0x080050bc   0x080050bc   0x0000002e   Code   RO         3157    i.RTC_WriteAlarmCounter  stm32f1xx_hal_rtc.o
    0x080050ea   0x080050ea   0x0000002e   Code   RO         3158    i.RTC_WriteTimeCounter  stm32f1xx_hal_rtc.o
    0x08005118   0x08005118   0x0000000c   Code   RO         3960    i.SetDA_Exit        setdate.o
    0x08005124   0x08005124   0x00000018   Code   RO         3961    i.SetDA_Init        setdate.o
    0x0800513c   0x0800513c   0x000000a8   Code   RO         3962    i.SetDA_Loop        setdate.o
    0x080051e4   0x080051e4   0x0000000c   Code   RO         3963    i.SetDate_Exit      setdate.o
    0x080051f0   0x080051f0   0x00000064   Code   RO         3964    i.SetDate_Init      setdate.o
    0x08005254   0x08005254   0x000000f8   Code   RO         3965    i.SetDate_Loop      setdate.o
    0x0800534c   0x0800534c   0x000000a8   Code   RO         3966    i.SetDate_UI        setdate.o
    0x080053f4   0x080053f4   0x0000000c   Code   RO         3880    i.SetHours_Exit     settime.o
    0x08005400   0x08005400   0x00000018   Code   RO         3881    i.SetHours_Init     settime.o
    0x08005418   0x08005418   0x000000b0   Code   RO         3882    i.SetHours_Loop     settime.o
    0x080054c8   0x080054c8   0x0000000c   Code   RO         3883    i.SetMin_Exit       settime.o
    0x080054d4   0x080054d4   0x00000018   Code   RO         3884    i.SetMin_Init       settime.o
    0x080054ec   0x080054ec   0x000000d8   Code   RO         3885    i.SetMin_Loop       settime.o
    0x080055c4   0x080055c4   0x0000000c   Code   RO         3967    i.SetMonth_Exit     setdate.o
    0x080055d0   0x080055d0   0x00000018   Code   RO         3968    i.SetMonth_Init     setdate.o
    0x080055e8   0x080055e8   0x000000a8   Code   RO         3969    i.SetMonth_Loop     setdate.o
    0x08005690   0x08005690   0x0000000c   Code   RO         3886    i.SetTime_Exit      settime.o
    0x0800569c   0x0800569c   0x00000054   Code   RO         3887    i.SetTime_Init      settime.o
    0x080056f0   0x080056f0   0x000000d4   Code   RO         3888    i.SetTime_Loop      settime.o
    0x080057c4   0x080057c4   0x00000080   Code   RO         3889    i.SetTime_UI        settime.o
    0x08005844   0x08005844   0x0000000c   Code   RO         3970    i.SetYear_Exit      setdate.o
    0x08005850   0x08005850   0x00000018   Code   RO         3971    i.SetYear_Init      setdate.o
    0x08005868   0x08005868   0x00000084   Code   RO         3972    i.SetYear_Loop      setdate.o
    0x080058ec   0x080058ec   0x0000000c   Code   RO         3833    i.Settings_Exit     settings.o
    0x080058f8   0x080058f8   0x00000054   Code   RO         3834    i.Settings_Init     settings.o
    0x0800594c   0x0800594c   0x000000d4   Code   RO         3835    i.Settings_Loop     settings.o
    0x08005a20   0x08005a20   0x0000003c   Code   RO         3836    i.Settings_UI       settings.o
    0x08005a5c   0x08005a5c   0x0000001c   Code   RO         4115    i.StopWatch_Exit    stopwatch.o
    0x08005a78   0x08005a78   0x0000000c   Code   RO         4116    i.StopWatch_Init    stopwatch.o
    0x08005a84   0x08005a84   0x0000006c   Code   RO         4117    i.StopWatch_Loop    stopwatch.o
    0x08005af0   0x08005af0   0x0000004c   Code   RO         4118    i.StopWatch_Tick    stopwatch.o
    0x08005b3c   0x08005b3c   0x00000030   Code   RO         4119    i.StopWatch_UI      stopwatch.o
    0x08005b6c   0x08005b6c   0x00000010   Code   RO          394    i.SysTick_Handler   stm32f1xx_it.o
    0x08005b7c   0x08005b7c   0x00000088   Code   RO           15    i.SystemClock_Config  main.o
    0x08005c04   0x08005c04   0x00000002   Code   RO         3409    i.SystemInit        system_stm32f1xx.o
    0x08005c06   0x08005c06   0x00000002   PAD
    0x08005c08   0x08005c08   0x00000010   Code   RO          395    i.TIM4_IRQHandler   stm32f1xx_it.o
    0x08005c18   0x08005c18   0x00000084   Code   RO          757    i.TIM_Base_SetConfig  stm32f1xx_hal_tim.o
    0x08005c9c   0x08005c9c   0x0000022c   Code   RO         3753    i.TIM_Tick          key.o
    0x08005ec8   0x08005ec8   0x000000a4   Code   RO         3704    i.TIM_UI            my_rtc.o
    0x08005f6c   0x08005f6c   0x00000028   Code   RO         4350    i.Tick_Task         freertos_task.o
    0x08005f94   0x08005f94   0x0000000c   Code   RO         3705    i.Tim_Exit          my_rtc.o
    0x08005fa0   0x08005fa0   0x0000003c   Code   RO         3706    i.Tim_Init          my_rtc.o
    0x08005fdc   0x08005fdc   0x000000ac   Code   RO         3707    i.Tim_Loop          my_rtc.o
    0x08006088   0x08006088   0x00000004   Code   RO          396    i.UsageFault_Handler  stm32f1xx_it.o
    0x0800608c   0x0800608c   0x00000024   Code   RO         5719    i.__0vsprintf       mc_w.l(printfa.o)
    0x080060b0   0x080060b0   0x00000010   Code   RO         2618    i.__NVIC_GetPriorityGrouping  stm32f1xx_hal_cortex.o
    0x080060c0   0x080060c0   0x00000028   Code   RO         2619    i.__NVIC_SetPriority  stm32f1xx_hal_cortex.o
    0x080060e8   0x080060e8   0x0000000e   Code   RO         5843    i.__scatterload_copy  mc_w.l(handlers.o)
    0x080060f6   0x080060f6   0x00000002   Code   RO         5844    i.__scatterload_null  mc_w.l(handlers.o)
    0x080060f8   0x080060f8   0x0000000e   Code   RO         5845    i.__scatterload_zeroinit  mc_w.l(handlers.o)
    0x08006106   0x08006106   0x00000002   PAD
    0x08006108   0x08006108   0x00000184   Code   RO         5720    i._fp_digits        mc_w.l(printfa.o)
    0x0800628c   0x0800628c   0x000006dc   Code   RO         5721    i._printf_core      mc_w.l(printfa.o)
    0x08006968   0x08006968   0x00000024   Code   RO         5722    i._printf_post_padding  mc_w.l(printfa.o)
    0x0800698c   0x0800698c   0x0000002e   Code   RO         5723    i._printf_pre_padding  mc_w.l(printfa.o)
    0x080069ba   0x080069ba   0x0000000a   Code   RO         5725    i._sputc            mc_w.l(printfa.o)
    0x080069c4   0x080069c4   0x00000048   Code   RO         4902    i.eTaskConfirmSleepModeStatus  tasks.o
    0x08006a0c   0x08006a0c   0x00000024   Code   RO           16    i.main              main.o
    0x08006a30   0x08006a30   0x0000000c   Code   RO         4061    i.menu_Exit         menu.o
    0x08006a3c   0x08006a3c   0x0000000c   Code   RO         4062    i.menu_Init         menu.o
    0x08006a48   0x08006a48   0x000000d8   Code   RO         4063    i.menu_Loop         menu.o
    0x08006b20   0x08006b20   0x000000f4   Code   RO         4064    i.menu_UI           menu.o
    0x08006c14   0x08006c14   0x000000c8   Code   RO         4065    i.move_start        menu.o
    0x08006cdc   0x08006cdc   0x000000cc   Code   RO         4905    i.prvAddCurrentTaskToDelayedList  tasks.o
    0x08006da8   0x08006da8   0x000000f8   Code   RO         4906    i.prvAddNewTaskToReadyList  tasks.o
    0x08006ea0   0x08006ea0   0x00000048   Code   RO         4907    i.prvCheckTasksWaitingTermination  tasks.o
    0x08006ee8   0x08006ee8   0x0000002a   Code   RO         4566    i.prvCopyDataFromQueue  queue.o
    0x08006f12   0x08006f12   0x0000006a   Code   RO         4567    i.prvCopyDataToQueue  queue.o
    0x08006f7c   0x08006f7c   0x00000068   Code   RO         4908    i.prvCreateIdleTasks  tasks.o
    0x08006fe4   0x08006fe4   0x0000005a   Code   RO         4909    i.prvCreateTask     tasks.o
    0x0800703e   0x0800703e   0x00000012   Code   RO         4910    i.prvDeleteTCB      tasks.o
    0x08007050   0x08007050   0x0000004c   Code   RO         4911    i.prvGetExpectedIdleTime  tasks.o
    0x0800709c   0x0800709c   0x0000006c   Code   RO         5311    i.prvHeapInit       heap_4.o
    0x08007108   0x08007108   0x0000004c   Code   RO         4912    i.prvIdleTask       tasks.o
    0x08007154   0x08007154   0x0000002a   Code   RO         4568    i.prvInitialiseNewQueue  queue.o
    0x0800717e   0x0800717e   0x00000088   Code   RO         4913    i.prvInitialiseNewTask  tasks.o
    0x08007206   0x08007206   0x00000002   PAD
    0x08007208   0x08007208   0x00000068   Code   RO         4914    i.prvInitialiseTaskLists  tasks.o
    0x08007270   0x08007270   0x00000068   Code   RO         5312    i.prvInsertBlockIntoFreeList  heap_4.o
    0x080072d8   0x080072d8   0x0000001a   Code   RO         4569    i.prvIsQueueEmpty   queue.o
    0x080072f2   0x080072f2   0x0000001e   Code   RO         4570    i.prvIsQueueFull    queue.o
    0x08007310   0x08007310   0x00000030   Code   RO         4916    i.prvResetNextTaskUnblockTime  tasks.o
    0x08007340   0x08007340   0x00000016   Code   RO         5379    i.prvTaskExitError  port.o
    0x08007356   0x08007356   0x0000007e   Code   RO         4571    i.prvUnlockQueue    queue.o
    0x080073d4   0x080073d4   0x00000100   Code   RO         5314    i.pvPortMalloc      heap_4.o
    0x080074d4   0x080074d4   0x00000024   Code   RO         5380    i.pxPortInitialiseStack  port.o
    0x080074f8   0x080074f8   0x0000003c   Code   RO         4298    i.switch_Loop       low.o
    0x08007534   0x08007534   0x00000024   Code   RO         4299    i.switch_Tick       low.o
    0x08007558   0x08007558   0x00000028   Code   RO         4527    i.uxListRemove      list.o
    0x08007580   0x08007580   0x0000000c   Code   RO         4923    i.uxTaskGetNumberOfTasks  tasks.o
    0x0800758c   0x0800758c   0x0000001a   Code   RO         4528    i.vListInitialise   list.o
    0x080075a6   0x080075a6   0x00000006   Code   RO         4529    i.vListInitialiseItem  list.o
    0x080075ac   0x080075ac   0x00000034   Code   RO         4530    i.vListInsert       list.o
    0x080075e0   0x080075e0   0x00000024   Code   RO         5382    i.vPortEnterCritical  port.o
    0x08007604   0x08007604   0x00000020   Code   RO         5383    i.vPortExitCritical  port.o
    0x08007624   0x08007624   0x0000004c   Code   RO         5315    i.vPortFree         heap_4.o
    0x08007670   0x08007670   0x00000044   Code   RO         5384    i.vPortSetupTimerInterrupt  port.o
    0x080076b4   0x080076b4   0x0000014c   Code   RO         5385    i.vPortSuppressTicksAndSleep  port.o
    0x08007800   0x08007800   0x00000034   Code   RO         4929    i.vTaskDelay        tasks.o
    0x08007834   0x08007834   0x00000018   Code   RO         4934    i.vTaskInternalSetTimeOutState  tasks.o
    0x0800784c   0x0800784c   0x0000000c   Code   RO         4936    i.vTaskMissedYield  tasks.o
    0x08007858   0x08007858   0x00000020   Code   RO         4937    i.vTaskPlaceOnEventList  tasks.o
    0x08007878   0x08007878   0x0000004c   Code   RO         4945    i.vTaskStartScheduler  tasks.o
    0x080078c4   0x080078c4   0x00000040   Code   RO         4946    i.vTaskStepTick     tasks.o
    0x08007904   0x08007904   0x00000010   Code   RO         4948    i.vTaskSuspendAll   tasks.o
    0x08007914   0x08007914   0x00000068   Code   RO         4949    i.vTaskSwitchContext  tasks.o
    0x0800797c   0x0800797c   0x00000034   Code   RO         5386    i.xPortStartScheduler  port.o
    0x080079b0   0x080079b0   0x00000034   Code   RO         5387    i.xPortSysTickHandler  port.o
    0x080079e4   0x080079e4   0x0000004c   Code   RO         4581    i.xQueueGenericCreate  queue.o
    0x08007a30   0x08007a30   0x000000a0   Code   RO         4582    i.xQueueGenericReset  queue.o
    0x08007ad0   0x08007ad0   0x00000118   Code   RO         4583    i.xQueueGenericSend  queue.o
    0x08007be8   0x08007be8   0x00000086   Code   RO         4585    i.xQueueGiveFromISR  queue.o
    0x08007c6e   0x08007c6e   0x00000002   PAD
    0x08007c70   0x08007c70   0x00000104   Code   RO         4590    i.xQueueReceive     queue.o
    0x08007d74   0x08007d74   0x000000f0   Code   RO         4592    i.xQueueSemaphoreTake  queue.o
    0x08007e64   0x08007e64   0x00000060   Code   RO         4951    i.xTaskCheckForTimeOut  tasks.o
    0x08007ec4   0x08007ec4   0x00000038   Code   RO         4952    i.xTaskCreate       tasks.o
    0x08007efc   0x08007efc   0x00000074   Code   RO         4953    i.xTaskDelayUntil   tasks.o
    0x08007f70   0x08007f70   0x00000020   Code   RO         4960    i.xTaskGetSchedulerState  tasks.o
    0x08007f90   0x08007f90   0x0000000c   Code   RO         4961    i.xTaskGetTickCount  tasks.o
    0x08007f9c   0x08007f9c   0x000001a0   Code   RO         4963    i.xTaskIncrementTick  tasks.o
    0x0800813c   0x0800813c   0x00000120   Code   RO         4964    i.xTaskRemoveFromEventList  tasks.o
    0x0800825c   0x0800825c   0x0000017c   Code   RO         4965    i.xTaskResumeAll    tasks.o
    0x080083d8   0x080083d8   0x00000012   Data   RO         2312    .constdata          stm32f1xx_hal_rcc.o
    0x080083ea   0x080083ea   0x00000012   Data   RO         2408    .constdata          stm32f1xx_hal_rcc_ex.o
    0x080083fc   0x080083fc   0x00000018   Data   RO         3410    .constdata          system_stm32f1xx.o
    0x08008414   0x08008414   0x00001d56   Data   RO         3689    .constdata          oled_data.o
    0x0800a16a   0x0800a16a   0x00000002   PAD
    0x0800a16c   0x0800a16c   0x00000020   Data   RO         5841    Region$$Table       anon$$obj.o


    Execution Region RW_IRAM1 (Exec base: 0x20000000, Load base: 0x0800a18c, Size: 0x00004e98, Max: 0x00005000, ABSOLUTE)

    Exec Addr    Load Addr    Size         Type   Attr      Idx    E Section Name        Object

    0x20000000   0x0800a18c   0x00000002   Data   RW           17    .data               main.o
    0x20000002   0x0800a18e   0x00000002   PAD
    0x20000004   0x0800a190   0x00000009   Data   RW         2148    .data               stm32f1xx_hal.o
    0x2000000d   0x0800a199   0x00000003   PAD
    0x20000010   0x0800a19c   0x00000004   Data   RW         3411    .data               system_stm32f1xx.o
    0x20000014   0x0800a1a0   0x00000001   Data   RW         3478    .data               oled.o
    0x20000015   0x0800a1a1   0x00000008   Data   RW         3708    .data               my_rtc.o
    0x2000001d   0x0800a1a9   0x00000001   PAD
    0x2000001e   0x0800a1aa   0x00000018   Data   RW         3754    .data               key.o
    0x20000036   0x0800a1c2   0x00000001   Data   RW         3837    .data               settings.o
    0x20000037   0x0800a1c3   0x00000008   Data   RW         3890    .data               settime.o
    0x2000003f   0x0800a1cb   0x00000008   Data   RW         3973    .data               setdate.o
    0x20000047   0x0800a1d3   0x00000007   Data   RW         4066    .data               menu.o
    0x2000004e   0x0800a1da   0x00000005   Data   RW         4120    .data               stopwatch.o
    0x20000053   0x0800a1df   0x00000001   Data   RW         4253    .data               led.o
    0x20000054   0x0800a1e0   0x00000008   Data   RW         4300    .data               low.o
    0x2000005c   0x0800a1e8   0x00000014   Data   RW         4351    .data               freertos_task.o
    0x20000070   0x0800a1fc   0x00000040   Data   RW         4968    .data               tasks.o
    0x200000b0   0x0800a23c   0x0000001c   Data   RW         5322    .data               heap_4.o
    0x200000cc   0x0800a258   0x00000010   Data   RW         5388    .data               port.o
    0x200000dc        -       0x00000098   Zero   RW          304    .bss                i2c.o
    0x20000174        -       0x00000014   Zero   RW          346    .bss                rtc.o
    0x20000188        -       0x00000048   Zero   RW          506    .bss                stm32f1xx_hal_timebase_tim.o
    0x200001d0        -       0x00000400   Zero   RW         3477    .bss                oled.o
    0x200005d0        -       0x000000c8   Zero   RW         4967    .bss                tasks.o
    0x20000698        -       0x00004400   Zero   RW         5321    .bss                heap_4.o
    0x20004a98        -       0x00000400   Zero   RW            1    STACK               startup_stm32f103xb.o


==============================================================================

Image component sizes


      Code (inc. data)   RO Data    RW Data    ZI Data      Debug   Object Name

        52          4          0          0          0        754   dma.o
         0          0          0          0          0      15384   event_groups.o
       660        112          0         20          0       7023   freertos_task.o
       306         42          0          0          0       1794   global.o
       256         20          0          0          0       1003   gpio.o
       544         58          0         28      17408       4855   heap_4.o
       340         46          0          0        152       2258   i2c.o
       700         54          0         24          0       2295   key.o
       228         24          0          1          0       1978   led.o
       124          0          0          0          0       2593   list.o
       244         46          0          8          0       2329   low.o
       202          6          0          2          0     445372   main.o
       684         54          0          7          0       2845   menu.o
       408         74          0          8          0       2078   my_rtc.o
      1646         78          0          1       1024      13382   oled.o
         0          0       7510          0          0       1332   oled_data.o
       780         80          0         16          0      10341   port.o
      1522         18          0          0          0      14109   queue.o
       184         20          0          0         20       1607   rtc.o
      1104         94          0          8          0       6426   setdate.o
       900         70          0          8          0       5040   settime.o
       368         34          0          1          0       2130   settings.o
        36          8        236          0       1024        796   startup_stm32f103xb.o
       116         24          0          9          0       5290   stm32f1xx_hal.o
       320         28          0          0          0      29428   stm32f1xx_hal_cortex.o
      1004         16          0          0          0       5458   stm32f1xx_hal_dma.o
      1166         62          0          0          0       5429   stm32f1xx_hal_gpio.o
      7100         84          0          0          0      33681   stm32f1xx_hal_i2c.o
        84          8          0          0          0        906   stm32f1xx_hal_msp.o
       170         28          0          0          0       2740   stm32f1xx_hal_pwr.o
      1816        108         18          0          0       6633   stm32f1xx_hal_rcc.o
       556         34         18          0          0       2389   stm32f1xx_hal_rcc_ex.o
      1762         16          0          0          0      13008   stm32f1xx_hal_rtc.o
       728         26          0          0          0       6334   stm32f1xx_hal_tim.o
         4          0          0          0          0       1565   stm32f1xx_hal_tim_ex.o
       180         22          0          0         72     427231   stm32f1xx_hal_timebase_tim.o
       112         24          0          0          0       5473   stm32f1xx_it.o
       272         60          0          5          0       2576   stopwatch.o
         2          0         24          4          0       1131   system_stm32f1xx.o
      3036        402          0         64        200      36511   tasks.o

    ----------------------------------------------------------------------
     29748       1884       7840        220      19900    1133507   Object Totals
         0          0         32          0          0          0   (incl. Generated)
        32          0          2          6          0          0   (incl. Padding)

    ----------------------------------------------------------------------

      Code (inc. data)   RO Data    RW Data    ZI Data      Debug   Library Member Name

         0          0          0          0          0          0   entry.o
         0          0          0          0          0          0   entry10a.o
         0          0          0          0          0          0   entry11a.o
         8          4          0          0          0          0   entry2.o
         4          0          0          0          0          0   entry5.o
         0          0          0          0          0          0   entry7b.o
         0          0          0          0          0          0   entry8b.o
         8          4          0          0          0          0   entry9a.o
        30          0          0          0          0          0   handlers.o
        36          8          0          0          0         68   init.o
         0          0          0          0          0          0   iusefp.o
        30          0          0          0          0         68   llshl.o
        36          0          0          0          0         68   llsshr.o
        32          0          0          0          0         68   llushr.o
        36          0          0          0          0         68   memcpya.o
        36          0          0          0          0        108   memseta.o
      2272         86          0          0          0        516   printfa.o
        28          0          0          0          0         76   strcmp.o
        44          0          0          0          0         80   uidiv.o
        98          0          0          0          0         92   uldiv.o
        48          0          0          0          0         68   cdrcmple.o
       334          0          0          0          0        148   dadd.o
       222          0          0          0          0        100   ddiv.o
       186          0          0          0          0        176   depilogue.o
        48          0          0          0          0         68   dfixul.o
       228          0          0          0          0         96   dmul.o

    ----------------------------------------------------------------------
      3768        102          0          0          0       1868   Library Totals
         4          0          0          0          0          0   (incl. Padding)

    ----------------------------------------------------------------------

      Code (inc. data)   RO Data    RW Data    ZI Data      Debug   Library Name

      2698        102          0          0          0       1212   mc_w.l
      1066          0          0          0          0        656   mf_w.l

    ----------------------------------------------------------------------
      3768        102          0          0          0       1868   Library Totals

    ----------------------------------------------------------------------

==============================================================================


      Code (inc. data)   RO Data    RW Data    ZI Data      Debug   

     33516       1986       7840        220      19900    1120915   Grand Totals
     33516       1986       7840        220      19900    1120915   ELF Image Totals
     33516       1986       7840        220          0          0   ROM Totals

==============================================================================

    Total RO  Size (Code + RO Data)                41356 (  40.39kB)
    Total RW  Size (RW Data + ZI Data)             20120 (  19.65kB)
    Total ROM Size (Code + RO Data + RW Data)      41576 (  40.60kB)

==============================================================================

