<html>
<body>
<pre>
<h1>礦ision Build Log</h1>
<h2>Tool Versions:</h2>
IDE-Version: μVision V5.24.2.0
Copyright (C) 2017 ARM Ltd and ARM Germany GmbH. All rights reserved.
License Information: 1 ztkd_0623@qq.com, 1, LIC=WHYH9-4E5AT-ARAXW-QVBAA-0AQNG-ZED73
 
Tool Versions:
Toolchain:       MDK-ARM Plus  Version: 5.24.1
Toolchain Path:  D:\keil\keil\ARM\ARMCC\Bin
C Compiler:      Armcc.exe V5.06 update 5 (build 528)
Assembler:       Armasm.exe V5.06 update 5 (build 528)
Linker/Locator:  ArmLink.exe V5.06 update 5 (build 528)
Library Manager: ArmAr.exe V5.06 update 5 (build 528)
Hex Converter:   FromElf.exe V5.06 update 5 (build 528)
CPU DLL:         SARMCM3.DLL V5.24.1
Dialog DLL:      DCM.DLL V1.16.0.0
Target DLL:      STLink\ST-LINKIII-KEIL_SWO.dll V3.0.1.0
Dialog DLL:      TCM.DLL V1.32.0.0
 
<h2>Project:</h2>
d:\项目\手表\手表4—设置时间和日期\MDK-ARM\OLED.uvprojx
Project File Date:  03/26/2026

<h2>Output:</h2>
*** Using Compiler 'V5.06 update 5 (build 528)', folder: 'D:\keil\keil\ARM\ARMCC\Bin'
Build target 'OLED'
compiling tim.c...
compiling KEY.c...
compiling MY_RTC.c...
compiling Settings.c...
..\int\Settings.c(48): warning:  #187-D: use of "=" where "==" may have been intended
         else if(flag=3)
..\int\Settings.c: 1 warning, 0 errors
compiling gpio.c...
compiling GLOBAL.c...
compiling stm32f1xx_hal_msp.c...
compiling stm32f1xx_it.c...
compiling SetDate.c...
..\int\SetDate.c(234): warning:  #1-D: last line of file ends without a newline
  }
..\int\SetDate.c: 1 warning, 0 errors
compiling OLED.c...
compiling usart.c...
compiling SetTime.c...
compiling main.c...
../Core/Src/main.c(217): warning:  #1-D: last line of file ends without a newline
  #endif /* USE_FULL_ASSERT */
../Core/Src/main.c: 1 warning, 0 errors
compiling rtc.c...
linking...
Program Size: Code=13732 RO-data=6376 RW-data=60 ZI-data=2212  
FromELF: creating hex file...
"OLED\OLED.axf" - 0 Error(s), 3 Warning(s).

<h2>Software Packages used:</h2>

Package Vendor: ARM
                http://www.keil.com/pack/ARM.CMSIS.5.0.1.pack
                ARM.CMSIS.5.0.1
                CMSIS (Cortex Microcontroller Software Interface Standard)
   * Component: CORE Version: 5.0.1

Package Vendor: Keil
                http://www.keil.com/pack/Keil.STM32F1xx_DFP.2.2.0.pack
                Keil.STM32F1xx_DFP.2.2.0
                STMicroelectronics STM32F1 Series Device Support, Drivers and Examples

<h2>Collection of Component include folders:</h2>
  .\RTE\_OLED
  D:\keil\keil\ARM\PACK\ARM\CMSIS\5.0.1\CMSIS\Include
  D:\keil\keil\ARM\PACK\Keil\STM32F1xx_DFP\2.2.0\Device\Include

<h2>Collection of Component Files used:</h2>

   * Component: ARM::CMSIS:CORE:5.0.1
Build Time Elapsed:  00:00:02
</pre>
</body>
</html>
