Component: ARM Compiler 5.06 update 5 (build 528) Tool: armlink [4d35e2]

==============================================================================

Section Cross References

    startup_stm32f103xb.o(RESET) refers to startup_stm32f103xb.o(STACK) for __initial_sp
    startup_stm32f103xb.o(RESET) refers to startup_stm32f103xb.o(.text) for Reset_Handler
    startup_stm32f103xb.o(RESET) refers to stm32f1xx_it.o(i.NMI_Handler) for NMI_Handler
    startup_stm32f103xb.o(RESET) refers to stm32f1xx_it.o(i.HardFault_Handler) for HardFault_Handler
    startup_stm32f103xb.o(RESET) refers to stm32f1xx_it.o(i.MemManage_Handler) for MemManage_Handler
    startup_stm32f103xb.o(RESET) refers to stm32f1xx_it.o(i.BusFault_Handler) for BusFault_Handler
    startup_stm32f103xb.o(RESET) refers to stm32f1xx_it.o(i.UsageFault_Handler) for UsageFault_Handler
    startup_stm32f103xb.o(RESET) refers to port.o(.emb_text) for SVC_Handler
    startup_stm32f103xb.o(RESET) refers to stm32f1xx_it.o(i.DebugMon_Handler) for DebugMon_Handler
    startup_stm32f103xb.o(RESET) refers to stm32f1xx_it.o(i.SysTick_Handler) for SysTick_Handler
    startup_stm32f103xb.o(RESET) refers to stm32f1xx_it.o(i.EXTI0_IRQHandler) for EXTI0_IRQHandler
    startup_stm32f103xb.o(RESET) refers to stm32f1xx_it.o(i.TIM2_IRQHandler) for TIM2_IRQHandler
    startup_stm32f103xb.o(RESET) refers to stm32f1xx_it.o(i.TIM4_IRQHandler) for TIM4_IRQHandler
    startup_stm32f103xb.o(.text) refers to system_stm32f1xx.o(i.SystemInit) for SystemInit
    startup_stm32f103xb.o(.text) refers to entry.o(.ARM.Collect$$$$00000000) for __main
    main.o(i.HAL_TIM_PeriodElapsedCallback) refers to key.o(i.TIM_Tick) for TIM_Tick
    main.o(i.HAL_TIM_PeriodElapsedCallback) refers to stopwatch.o(i.StopWatch_Tick) for StopWatch_Tick
    main.o(i.HAL_TIM_PeriodElapsedCallback) refers to low.o(i.LOW_Tick) for LOW_Tick
    main.o(i.HAL_TIM_PeriodElapsedCallback) refers to low.o(i.switch_Tick) for switch_Tick
    main.o(i.HAL_TIM_PeriodElapsedCallback) refers to stm32f1xx_hal.o(i.HAL_IncTick) for HAL_IncTick
    main.o(i.HAL_TIM_PeriodElapsedCallback) refers to tim.o(.bss) for htim2
    main.o(i.SystemClock_Config) refers to memseta.o(.text) for __aeabi_memclr4
    main.o(i.SystemClock_Config) refers to stm32f1xx_hal_rcc.o(i.HAL_RCC_OscConfig) for HAL_RCC_OscConfig
    main.o(i.SystemClock_Config) refers to main.o(i.Error_Handler) for Error_Handler
    main.o(i.SystemClock_Config) refers to stm32f1xx_hal_rcc.o(i.HAL_RCC_ClockConfig) for HAL_RCC_ClockConfig
    main.o(i.SystemClock_Config) refers to stm32f1xx_hal_rcc_ex.o(i.HAL_RCCEx_PeriphCLKConfig) for HAL_RCCEx_PeriphCLKConfig
    main.o(i.fputc) refers to stm32f1xx_hal_uart.o(i.HAL_UART_Transmit) for HAL_UART_Transmit
    main.o(i.fputc) refers to usart.o(.bss) for huart1
    main.o(i.main) refers to stm32f1xx_hal.o(i.HAL_Init) for HAL_Init
    main.o(i.main) refers to main.o(i.SystemClock_Config) for SystemClock_Config
    main.o(i.main) refers to gpio.o(i.MX_GPIO_Init) for MX_GPIO_Init
    main.o(i.main) refers to usart.o(i.MX_USART1_UART_Init) for MX_USART1_UART_Init
    main.o(i.main) refers to rtc.o(i.MX_RTC_Init) for MX_RTC_Init
    main.o(i.main) refers to tim.o(i.MX_TIM2_Init) for MX_TIM2_Init
    main.o(i.main) refers to oled.o(i.OLED_Init) for OLED_Init
    main.o(i.main) refers to stm32f1xx_hal_tim.o(i.HAL_TIM_Base_Start_IT) for HAL_TIM_Base_Start_IT
    main.o(i.main) refers to freertos_task.o(i.FreeRTOS_Start) for FreeRTOS_Start
    main.o(i.main) refers to tim.o(.bss) for htim2
    gpio.o(i.MX_GPIO_Init) refers to stm32f1xx_hal_gpio.o(i.HAL_GPIO_WritePin) for HAL_GPIO_WritePin
    gpio.o(i.MX_GPIO_Init) refers to stm32f1xx_hal_gpio.o(i.HAL_GPIO_Init) for HAL_GPIO_Init
    gpio.o(i.MX_GPIO_Init) refers to stm32f1xx_hal_cortex.o(i.HAL_NVIC_SetPriority) for HAL_NVIC_SetPriority
    gpio.o(i.MX_GPIO_Init) refers to stm32f1xx_hal_cortex.o(i.HAL_NVIC_EnableIRQ) for HAL_NVIC_EnableIRQ
    rtc.o(i.HAL_RTC_MspInit) refers to stm32f1xx_hal_pwr.o(i.HAL_PWR_EnableBkUpAccess) for HAL_PWR_EnableBkUpAccess
    rtc.o(i.MX_RTC_Init) refers to stm32f1xx_hal_rtc.o(i.HAL_RTC_Init) for HAL_RTC_Init
    rtc.o(i.MX_RTC_Init) refers to main.o(i.Error_Handler) for Error_Handler
    rtc.o(i.MX_RTC_Init) refers to stm32f1xx_hal_rtc.o(i.HAL_RTC_SetTime) for HAL_RTC_SetTime
    rtc.o(i.MX_RTC_Init) refers to stm32f1xx_hal_rtc.o(i.HAL_RTC_SetDate) for HAL_RTC_SetDate
    rtc.o(i.MX_RTC_Init) refers to rtc.o(.bss) for hrtc
    tim.o(i.HAL_TIM_Base_MspDeInit) refers to stm32f1xx_hal_cortex.o(i.HAL_NVIC_DisableIRQ) for HAL_NVIC_DisableIRQ
    tim.o(i.HAL_TIM_Base_MspInit) refers to stm32f1xx_hal_cortex.o(i.HAL_NVIC_SetPriority) for HAL_NVIC_SetPriority
    tim.o(i.HAL_TIM_Base_MspInit) refers to stm32f1xx_hal_cortex.o(i.HAL_NVIC_EnableIRQ) for HAL_NVIC_EnableIRQ
    tim.o(i.MX_TIM2_Init) refers to stm32f1xx_hal_tim.o(i.HAL_TIM_Base_Init) for HAL_TIM_Base_Init
    tim.o(i.MX_TIM2_Init) refers to main.o(i.Error_Handler) for Error_Handler
[...]
    i.OLED_I2C_SendByte                      0x08002604   Section        0  oled.o(i.OLED_I2C_SendByte)
    i.OLED_I2C_Start                         0x08002642   Section        0  oled.o(i.OLED_I2C_Start)
    i.OLED_I2C_Stop                          0x0800265e   Section        0  oled.o(i.OLED_I2C_Stop)
    i.OLED_Init                              0x08002674   Section        0  oled.o(i.OLED_Init)
    i.OLED_Printf                            0x08002702   Section        0  oled.o(i.OLED_Printf)
    i.OLED_ReverseArea                       0x08002734   Section        0  oled.o(i.OLED_ReverseArea)
    i.OLED_SetCursor                         0x080027dc   Section        0  oled.o(i.OLED_SetCursor)
    i.OLED_ShowChar                          0x08002800   Section        0  oled.o(i.OLED_ShowChar)
    i.OLED_ShowChinese                       0x08002878   Section        0  oled.o(i.OLED_ShowChinese)
    i.OLED_ShowImage                         0x08002910   Section        0  oled.o(i.OLED_ShowImage)
    i.OLED_ShowString                        0x08002a3c   Section        0  oled.o(i.OLED_ShowString)
    i.OLED_Update                            0x08002a6c   Section        0  oled.o(i.OLED_Update)
    i.OLED_W_SCL                             0x08002a94   Section        0  oled.o(i.OLED_W_SCL)
    i.OLED_W_SDA                             0x08002aac   Section        0  oled.o(i.OLED_W_SDA)
    i.OLED_WriteCommand                      0x08002ac4   Section        0  oled.o(i.OLED_WriteCommand)
    i.OLED_WriteData                         0x08002ae4   Section        0  oled.o(i.OLED_WriteData)
    i.RCC_Delay                              0x08002b14   Section        0  stm32f1xx_hal_rcc.o(i.RCC_Delay)
    RCC_Delay                                0x08002b15   Thumb Code    36  stm32f1xx_hal_rcc.o(i.RCC_Delay)
    i.RTC_Bcd2ToByte                         0x08002b3c   Section        0  stm32f1xx_hal_rtc.o(i.RTC_Bcd2ToByte)
    RTC_Bcd2ToByte                           0x08002b3d   Thumb Code    22  stm32f1xx_hal_rtc.o(i.RTC_Bcd2ToByte)
    i.RTC_ByteToBcd2                         0x08002b52   Section        0  stm32f1xx_hal_rtc.o(i.RTC_ByteToBcd2)
    RTC_ByteToBcd2                           0x08002b53   Thumb Code    26  stm32f1xx_hal_rtc.o(i.RTC_ByteToBcd2)
    i.RTC_DateUpdate                         0x08002b6c   Section        0  stm32f1xx_hal_rtc.o(i.RTC_DateUpdate)
    RTC_DateUpdate                           0x08002b6d   Thumb Code   182  stm32f1xx_hal_rtc.o(i.RTC_DateUpdate)
    i.RTC_EnterInitMode                      0x08002c22   Section        0  stm32f1xx_hal_rtc.o(i.RTC_EnterInitMode)
    RTC_EnterInitMode                        0x08002c23   Thumb Code    58  stm32f1xx_hal_rtc.o(i.RTC_EnterInitMode)
    i.RTC_ExitInitMode                       0x08002c5c   Section        0  stm32f1xx_hal_rtc.o(i.RTC_ExitInitMode)
    RTC_ExitInitMode                         0x08002c5d   Thumb Code    58  stm32f1xx_hal_rtc.o(i.RTC_ExitInitMode)
    i.RTC_IsLeapYear                         0x08002c96   Section        0  stm32f1xx_hal_rtc.o(i.RTC_IsLeapYear)
    RTC_IsLeapYear                           0x08002c97   Thumb Code    50  stm32f1xx_hal_rtc.o(i.RTC_IsLeapYear)
    i.RTC_ReadAlarmCounter                   0x08002cc8   Section        0  stm32f1xx_hal_rtc.o(i.RTC_ReadAlarmCounter)
    RTC_ReadAlarmCounter                     0x08002cc9   Thumb Code    24  stm32f1xx_hal_rtc.o(i.RTC_ReadAlarmCounter)
    i.RTC_ReadTimeCounter                    0x08002ce0   Section        0  stm32f1xx_hal_rtc.o(i.RTC_ReadTimeCounter)
    RTC_ReadTimeCounter                      0x08002ce1   Thumb Code    52  stm32f1xx_hal_rtc.o(i.RTC_ReadTimeCounter)
    i.RTC_WeekDayNum                         0x08002d14   Section        0  stm32f1xx_hal_rtc.o(i.RTC_WeekDayNum)
    RTC_WeekDayNum                           0x08002d15   Thumb Code   132  stm32f1xx_hal_rtc.o(i.RTC_WeekDayNum)
    i.RTC_WriteAlarmCounter                  0x08002d98   Section        0  stm32f1xx_hal_rtc.o(i.RTC_WriteAlarmCounter)
    RTC_WriteAlarmCounter                    0x08002d99   Thumb Code    46  stm32f1xx_hal_rtc.o(i.RTC_WriteAlarmCounter)
    i.RTC_WriteTimeCounter                   0x08002dc6   Section        0  stm32f1xx_hal_rtc.o(i.RTC_WriteTimeCounter)
    RTC_WriteTimeCounter                     0x08002dc7   Thumb Code    46  stm32f1xx_hal_rtc.o(i.RTC_WriteTimeCounter)
    i.SetDA_Exit                             0x08002df4   Section        0  setdate.o(i.SetDA_Exit)
    i.SetDA_Init                             0x08002e00   Section        0  setdate.o(i.SetDA_Init)
    i.SetDA_Loop                             0x08002e18   Section        0  setdate.o(i.SetDA_Loop)
    i.SetDate_Exit                           0x08002e9c   Section        0  setdate.o(i.SetDate_Exit)
    i.SetDate_Init                           0x08002ea8   Section        0  setdate.o(i.SetDate_Init)
    i.SetDate_Loop                           0x08002ec0   Section        0  setdate.o(i.SetDate_Loop)
    i.SetDate_UI                             0x08002fb8   Section        0  setdate.o(i.SetDate_UI)
    i.SetHours_Exit                          0x08003054   Section        0  settime.o(i.SetHours_Exit)
    i.SetHours_Init                          0x08003060   Section        0  settime.o(i.SetHours_Init)
    i.SetHours_Loop                          0x08003078   Section        0  settime.o(i.SetHours_Loop)
    i.SetMin_Exit                            0x08003104   Section        0  settime.o(i.SetMin_Exit)
    i.SetMin_Init                            0x08003110   Section        0  settime.o(i.SetMin_Init)
    i.SetMin_Loop                            0x08003128   Section        0  settime.o(i.SetMin_Loop)
    i.SetMonth_Exit                          0x080031b4   Section        0  setdate.o(i.SetMonth_Exit)
    i.SetMonth_Init                          0x080031c0   Section        0  setdate.o(i.SetMonth_Init)
    i.SetMonth_Loop                          0x080031d8   Section        0  setdate.o(i.SetMonth_Loop)
    i.SetTime_Exit                           0x0800325c   Section        0  settime.o(i.SetTime_Exit)
    i.SetTime_Init                           0x08003268   Section        0  settime.o(i.SetTime_Init)
    i.SetTime_Loop                           0x08003280   Section        0  settime.o(i.SetTime_Loop)
    i.SetTime_UI                             0x08003354   Section        0  settime.o(i.SetTime_UI)
    i.SetYear_Exit                           0x080033c8   Section        0  setdate.o(i.SetYear_Exit)
    i.SetYear_Init                           0x080033d4   Section        0  setdate.o(i.SetYear_Init)
    i.SetYear_Loop                           0x080033ec   Section        0  setdate.o(i.SetYear_Loop)
    i.Settings_Exit                          0x08003470   Section        0  settings.o(i.Settings_Exit)
    i.Settings_Init                          0x0800347c   Section        0  settings.o(i.Settings_Init)
    i.Settings_Loop                          0x08003494   Section        0  settings.o(i.Settings_Loop)
    i.Settings_UI                            0x08003568   Section        0  settings.o(i.Settings_UI)
    i.StopWatch_Exit                         0x080035a4   Section        0  stopwatch.o(i.StopWatch_Exit)
    i.StopWatch_Init                         0x080035c0   Section        0  stopwatch.o(i.StopWatch_Init)
    i.StopWatch_Loop                         0x080035cc   Section        0  stopwatch.o(i.StopWatch_Loop)
    i.StopWatch_Tick                         0x08003634   Section        0  stopwatch.o(i.StopWatch_Tick)
    i.StopWatch_UI                           0x08003680   Section        0  stopwatch.o(i.StopWatch_UI)
    i.SysTick_Handler                        0x080036b0   Section        0  stm32f1xx_it.o(i.SysTick_Handler)
    i.SystemClock_Config                     0x080036c0   Section        0  main.o(i.SystemClock_Config)
    i.SystemInit                             0x08003748   Section        0  system_stm32f1xx.o(i.SystemInit)
    i.TIM2_IRQHandler                        0x0800374c   Section        0  stm32f1xx_it.o(i.TIM2_IRQHandler)
    i.TIM4_IRQHandler                        0x0800375c   Section        0  stm32f1xx_it.o(i.TIM4_IRQHandler)
    i.TIM_Base_SetConfig                     0x0800376c   Section        0  stm32f1xx_hal_tim.o(i.TIM_Base_SetConfig)
    i.TIM_ETR_SetConfig                      0x080037f0   Section        0  stm32f1xx_hal_tim.o(i.TIM_ETR_SetConfig)
    i.TIM_ITRx_SetConfig                     0x08003806   Section        0  stm32f1xx_hal_tim.o(i.TIM_ITRx_SetConfig)
    TIM_ITRx_SetConfig                       0x08003807   Thumb Code    18  stm32f1xx_hal_tim.o(i.TIM_ITRx_SetConfig)
    i.TIM_TI1_ConfigInputStage               0x08003818   Section        0  stm32f1xx_hal_tim.o(i.TIM_TI1_ConfigInputStage)
    TIM_TI1_ConfigInputStage                 0x08003819   Thumb Code    38  stm32f1xx_hal_tim.o(i.TIM_TI1_ConfigInputStage)
    i.TIM_TI2_ConfigInputStage               0x0800383e   Section        0  stm32f1xx_hal_tim.o(i.TIM_TI2_ConfigInputStage)
    TIM_TI2_ConfigInputStage                 0x0800383f   Thumb Code    40  stm32f1xx_hal_tim.o(i.TIM_TI2_ConfigInputStage)
    i.TIM_Tick                               0x08003868   Section        0  key.o(i.TIM_Tick)
    i.TIM_UI                                 0x08003aec   Section        0  my_rtc.o(i.TIM_UI)
    i.Tim_Exit                               0x08003b90   Section        0  my_rtc.o(i.Tim_Exit)
    i.Tim_Init                               0x08003b9c   Section        0  my_rtc.o(i.Tim_Init)
    i.Tim_Loop                               0x08003bb4   Section        0  my_rtc.o(i.Tim_Loop)
    i.UART_SetConfig                         0x08003c5c   Section        0  stm32f1xx_hal_uart.o(i.UART_SetConfig)
    UART_SetConfig                           0x08003c5d   Thumb Code   248  stm32f1xx_hal_uart.o(i.UART_SetConfig)
    i.UsageFault_Handler                     0x08003d58   Section        0  stm32f1xx_it.o(i.UsageFault_Handler)
    i.__0vsprintf                            0x08003d5c   Section        0  printfa.o(i.__0vsprintf)
    i.__NVIC_GetPriorityGrouping             0x08003d80   Section        0  stm32f1xx_hal_cortex.o(i.__NVIC_GetPriorityGrouping)
    __NVIC_GetPriorityGrouping               0x08003d81   Thumb Code    10  stm32f1xx_hal_cortex.o(i.__NVIC_GetPriorityGrouping)
    i.__NVIC_SetPriority                     0x08003d90   Section        0  stm32f1xx_hal_cortex.o(i.__NVIC_SetPriority)
    __NVIC_SetPriority                       0x08003d91   Thumb Code    32  stm32f1xx_hal_cortex.o(i.__NVIC_SetPriority)
    i.__scatterload_copy                     0x08003db8   Section       14  handlers.o(i.__scatterload_copy)
    i.__scatterload_null                     0x08003dc6   Section        2  handlers.o(i.__scatterload_null)
    i.__scatterload_zeroinit                 0x08003dc8   Section       14  handlers.o(i.__scatterload_zeroinit)
    i._fp_digits                             0x08003dd8   Section        0  printfa.o(i._fp_digits)
    _fp_digits                               0x08003dd9   Thumb Code   366  printfa.o(i._fp_digits)
    i._printf_core                           0x08003f5c   Section        0  printfa.o(i._printf_core)
    _printf_core                             0x08003f5d   Thumb Code  1744  printfa.o(i._printf_core)
    i._printf_post_padding                   0x08004638   Section        0  printfa.o(i._printf_post_padding)
    _printf_post_padding                     0x08004639   Thumb Code    36  printfa.o(i._printf_post_padding)
    i._printf_pre_padding                    0x0800465c   Section        0  printfa.o(i._printf_pre_padding)
    _printf_pre_padding                      0x0800465d   Thumb Code    46  printfa.o(i._printf_pre_padding)
    i._sputc                                 0x0800468a   Section        0  printfa.o(i._sputc)
    _sputc                                   0x0800468b   Thumb Code    10  printfa.o(i._sputc)
    i.main                                   0x08004694   Section        0  main.o(i.main)
    i.main_Task                              0x080046c4   Section        0  freertos_task.o(i.main_Task)
    i.menu_Exit                              0x0800470c   Section        0  menu.o(i.menu_Exit)
    i.menu_Init                              0x08004718   Section        0  menu.o(i.menu_Init)
    i.menu_Loop                              0x08004724   Section        0  menu.o(i.menu_Loop)
    i.menu_UI                                0x080047ec   Section        0  menu.o(i.menu_UI)
    i.move_start                             0x080048e0   Section        0  menu.o(i.move_start)
    i.prvAddCurrentTaskToDelayedList         0x080049a8   Section        0  tasks.o(i.prvAddCurrentTaskToDelayedList)
    prvAddCurrentTaskToDelayedList           0x080049a9   Thumb Code   174  tasks.o(i.prvAddCurrentTaskToDelayedList)
    i.prvAddNewTaskToReadyList               0x08004a74   Section        0  tasks.o(i.prvAddNewTaskToReadyList)
    prvAddNewTaskToReadyList                 0x08004a75   Thumb Code   218  tasks.o(i.prvAddNewTaskToReadyList)
    i.prvCheckTasksWaitingTermination        0x08004b6c   Section        0  tasks.o(i.prvCheckTasksWaitingTermination)
    prvCheckTasksWaitingTermination          0x08004b6d   Thumb Code    60  tasks.o(i.prvCheckTasksWaitingTermination)
    i.prvCreateIdleTasks                     0x08004bb4   Section        0  tasks.o(i.prvCreateIdleTasks)
    prvCreateIdleTasks                       0x08004bb5   Thumb Code    86  tasks.o(i.prvCreateIdleTasks)
    i.prvCreateTask                          0x08004c1c   Section        0  tasks.o(i.prvCreateTask)
    prvCreateTask                            0x08004c1d   Thumb Code    90  tasks.o(i.prvCreateTask)
    i.prvDeleteTCB                           0x08004c76   Section        0  tasks.o(i.prvDeleteTCB)
    prvDeleteTCB                             0x08004c77   Thumb Code    18  tasks.o(i.prvDeleteTCB)
    i.prvHeapInit                            0x08004c88   Section        0  heap_4.o(i.prvHeapInit)
    prvHeapInit                              0x08004c89   Thumb Code    88  heap_4.o(i.prvHeapInit)
    i.prvIdleTask                            0x08004cf4   Section        0  tasks.o(i.prvIdleTask)
    prvIdleTask                              0x08004cf5   Thumb Code    32  tasks.o(i.prvIdleTask)
    i.prvInitialiseNewTask                   0x08004d1c   Section        0  tasks.o(i.prvInitialiseNewTask)
    prvInitialiseNewTask                     0x08004d1d   Thumb Code   136  tasks.o(i.prvInitialiseNewTask)
    i.prvInitialiseTaskLists                 0x08004da4   Section        0  tasks.o(i.prvInitialiseTaskLists)
    prvInitialiseTaskLists                   0x08004da5   Thumb Code    70  tasks.o(i.prvInitialiseTaskLists)
    i.prvInsertBlockIntoFreeList             0x08004e0c   Section        0  heap_4.o(i.prvInsertBlockIntoFreeList)
    prvInsertBlockIntoFreeList               0x08004e0d   Thumb Code    96  heap_4.o(i.prvInsertBlockIntoFreeList)
    i.prvResetNextTaskUnblockTime            0x08004e74   Section        0  tasks.o(i.prvResetNextTaskUnblockTime)
    prvResetNextTaskUnblockTime              0x08004e75   Thumb Code    40  tasks.o(i.prvResetNextTaskUnblockTime)
    i.prvTaskExitError                       0x08004ea4   Section        0  port.o(i.prvTaskExitError)
    prvTaskExitError                         0x08004ea5   Thumb Code    22  port.o(i.prvTaskExitError)
    i.pvPortMalloc                           0x08004ebc   Section        0  heap_4.o(i.pvPortMalloc)
    i.pxPortInitialiseStack                  0x08004fbc   Section        0  port.o(i.pxPortInitialiseStack)
    i.switch_Tick                            0x08004fe0   Section        0  low.o(i.switch_Tick)
    i.uxListRemove                           0x08005004   Section        0  list.o(i.uxListRemove)
    i.vListInitialise                        0x0800502c   Section        0  list.o(i.vListInitialise)
    i.vListInitialiseItem                    0x08005046   Section        0  list.o(i.vListInitialiseItem)
    i.vListInsert                            0x0800504c   Section        0  list.o(i.vListInsert)
    i.vPortEnterCritical                     0x08005080   Section        0  port.o(i.vPortEnterCritical)
    i.vPortExitCritical                      0x080050a4   Section        0  port.o(i.vPortExitCritical)
    i.vPortFree                              0x080050c4   Section        0  heap_4.o(i.vPortFree)
    i.vPortSetupTimerInterrupt               0x08005110   Section        0  port.o(i.vPortSetupTimerInterrupt)
    i.vTaskDelay                             0x08005128   Section        0  tasks.o(i.vTaskDelay)
    i.vTaskStartScheduler                    0x0800515c   Section        0  tasks.o(i.vTaskStartScheduler)
    i.vTaskSuspendAll                        0x080051a8   Section        0  tasks.o(i.vTaskSuspendAll)
    i.vTaskSwitchContext                     0x080051b8   Section        0  tasks.o(i.vTaskSwitchContext)
    i.xPortStartScheduler                    0x08005220   Section        0  port.o(i.xPortStartScheduler)
    i.xPortSysTickHandler                    0x08005254   Section        0  port.o(i.xPortSysTickHandler)
    i.xTaskCreate                            0x08005288   Section        0  tasks.o(i.xTaskCreate)
    i.xTaskGetSchedulerState                 0x080052c0   Section        0  tasks.o(i.xTaskGetSchedulerState)
    i.xTaskIncrementTick                     0x080052e0   Section        0  tasks.o(i.xTaskIncrementTick)
    i.xTaskResumeAll                         0x08005480   Section        0  tasks.o(i.xTaskResumeAll)
    .constdata                               0x080055fc   Section       18  stm32f1xx_hal_rcc.o(.constdata)
    aPLLMULFactorTable                       0x080055fc   Data          16  stm32f1xx_hal_rcc.o(.constdata)
    aPredivFactorTable                       0x0800560c   Data           2  stm32f1xx_hal_rcc.o(.constdata)
    .constdata                               0x0800560e   Section       18  stm32f1xx_hal_rcc_ex.o(.constdata)
    aPLLMULFactorTable                       0x0800560e   Data          16  stm32f1xx_hal_rcc_ex.o(.constdata)
    aPredivFactorTable                       0x0800561e   Data           2  stm32f1xx_hal_rcc_ex.o(.constdata)
    .constdata                               0x08005620   Section       24  system_stm32f1xx.o(.constdata)
    .constdata                               0x08005638   Section     7510  oled_data.o(.constdata)
    .data                                    0x20000000   Section        2  main.o(.data)
    .data                                    0x20000004   Section        9  stm32f1xx_hal.o(.data)
    .data                                    0x20000010   Section        4  system_stm32f1xx.o(.data)
    .data                                    0x20000014   Section        8  my_rtc.o(.data)
    TIM                                      0x20000014   Data           3  my_rtc.o(.data)
    Date                                     0x20000017   Data           4  my_rtc.o(.data)
    flag                                     0x2000001b   Data           1  my_rtc.o(.data)
    .data                                    0x2000001c   Section       28  key.o(.data)
    KEY_Flag                                 0x2000001c   Data           4  key.o(.data)
    Count                                    0x20000021   Data           1  key.o(.data)
    i                                        0x20000022   Data           1  key.o(.data)
    CurrState                                0x20000023   Data           4  key.o(.data)
    PrevState                                0x20000027   Data           4  key.o(.data)
    S                                        0x2000002b   Data           4  key.o(.data)
    NUM                                      0x20000030   Data           8  key.o(.data)
    .data                                    0x20000038   Section        1  settings.o(.data)
    flag                                     0x20000038   Data           1  settings.o(.data)
    .data                                    0x20000039   Section        4  settime.o(.data)
    TIM                                      0x20000039   Data           3  settime.o(.data)
    flag                                     0x2000003c   Data           1  settime.o(.data)
    .data                                    0x2000003d   Section        5  setdate.o(.data)
    Date                                     0x2000003d   Data           4  setdate.o(.data)
    flag                                     0x20000041   Data           1  setdate.o(.data)
    .data                                    0x20000042   Section        7  menu.o(.data)
    flag                                     0x20000048   Data           1  menu.o(.data)
    .data                                    0x2000004a   Section        5  stopwatch.o(.data)
    M                                        0x2000004a   Data           2  stopwatch.o(.data)
    K                                        0x2000004c   Data           2  stopwatch.o(.data)
    .data                                    0x2000004f   Section        1  led.o(.data)
    led_flag                                 0x2000004f   Data           1  led.o(.data)
    .data                                    0x20000050   Section        8  low.o(.data)
    NUM                                      0x20000054   Data           4  low.o(.data)
    .data                                    0x20000058   Section        4  freertos_task.o(.data)
    .data                                    0x2000005c   Section       64  tasks.o(.data)
    pxDelayedTaskList                        0x20000060   Data           4  tasks.o(.data)
    pxOverflowDelayedTaskList                0x20000064   Data           4  tasks.o(.data)
    uxDeletedTasksWaitingCleanUp             0x20000068   Data           4  tasks.o(.data)
    uxCurrentNumberOfTasks                   0x2000006c   Data           4  tasks.o(.data)
    xTickCount                               0x20000070   Data           4  tasks.o(.data)
    uxTopReadyPriority                       0x20000074   Data           4  tasks.o(.data)
    xSchedulerRunning                        0x20000078   Data           4  tasks.o(.data)
    xPendedTicks                             0x2000007c   Data           4  tasks.o(.data)
    xYieldPendings                           0x20000080   Data           4  tasks.o(.data)
    xNumOfOverflows                          0x20000084   Data           4  tasks.o(.data)
    uxTaskNumber                             0x20000088   Data           4  tasks.o(.data)
    xNextTaskUnblockTime                     0x2000008c   Data           4  tasks.o(.data)
    xIdleTaskHandles                         0x20000090   Data           4  tasks.o(.data)
    uxTopUsedPriority                        0x20000094   Data           4  tasks.o(.data)
    uxSchedulerSuspended                     0x20000098   Data           4  tasks.o(.data)
    .data                                    0x2000009c   Section       28  heap_4.o(.data)
    xStart                                   0x2000009c   Data           8  heap_4.o(.data)
    pxEnd                                    0x200000a4   Data           4  heap_4.o(.data)
    xFreeBytesRemaining                      0x200000a8   Data           4  heap_4.o(.data)
    xMinimumEverFreeBytesRemaining           0x200000ac   Data           4  heap_4.o(.data)
    xNumberOfSuccessfulAllocations           0x200000b0   Data           4  heap_4.o(.data)
    xNumberOfSuccessfulFrees                 0x200000b4   Data           4  heap_4.o(.data)
    .data                                    0x200000b8   Section        4  port.o(.data)
    uxCriticalNesting                        0x200000b8   Data           4  port.o(.data)
    .bss                                     0x200000bc   Section       20  rtc.o(.bss)
    .bss                                     0x200000d0   Section       72  tim.o(.bss)
    .bss                                     0x20000118   Section       72  usart.o(.bss)
    .bss                                     0x20000160   Section       72  stm32f1xx_hal_timebase_tim.o(.bss)
    .bss                                     0x200001a8   Section     1024  oled.o(.bss)
    .bss                                     0x200005a8   Section      200  tasks.o(.bss)
    pxReadyTasksLists                        0x200005a8   Data         100  tasks.o(.bss)
    xDelayedTaskList1                        0x2000060c   Data          20  tasks.o(.bss)
    xDelayedTaskList2                        0x20000620   Data          20  tasks.o(.bss)
    xPendingReadyList                        0x20000634   Data          20  tasks.o(.bss)
    xTasksWaitingTermination                 0x20000648   Data          20  tasks.o(.bss)
    xSuspendedTaskList                       0x2000065c   Data          20  tasks.o(.bss)
    .bss                                     0x20000670   Section    17408  heap_4.o(.bss)
    ucHeap                                   0x20000670   Data       17408  heap_4.o(.bss)
    STACK                                    0x20004a70   Section     1024  startup_stm32f103xb.o(STACK)

    Global Symbols

    Symbol Name                              Value     Ov Type        Size  Object(Section)

    BuildAttributes$$THM_ISAv4$P$D$K$B$S$PE$A:L22UL41UL21$X:L11$S22US41US21$IEEE1$IW$USESV6$~STKCKD$USESV7$~SHL$OTIME$ROPI$IEEEX$EBA8$MICROLIB$REQ8$PRES8$EABIv2 0x00000000   Number         0  anon$$obj.o ABSOLUTE
    __ARM_use_no_argv                        0x00000000   Number         0  main.o ABSOLUTE
    _printf_a                                0x00000000   Number         0  stubs.o ABSOLUTE
    _printf_c                                0x00000000   Number         0  stubs.o ABSOLUTE
    _printf_charcount                        0x00000000   Number         0  stubs.o ABSOLUTE
    _printf_d                                0x00000000   Number         0  stubs.o ABSOLUTE
    _printf_e                                0x00000000   Number         0  stubs.o ABSOLUTE
    _printf_f                                0x00000000   Number         0  stubs.o ABSOLUTE
    _printf_flags                            0x00000000   Number         0  stubs.o ABSOLUTE
    _printf_fp_dec                           0x00000000   Number         0  stubs.o ABSOLUTE
    _printf_fp_hex                           0x00000000   Number         0  stubs.o ABSOLUTE
    _printf_g                                0x00000000   Number         0  stubs.o ABSOLUTE
    _printf_i                                0x00000000   Number         0  stubs.o ABSOLUTE
    _printf_int_dec                          0x00000000   Number         0  stubs.o ABSOLUTE
    _printf_l                                0x00000000   Number         0  stubs.o ABSOLUTE
    _printf_lc                               0x00000000   Number         0  stubs.o ABSOLUTE
    _printf_ll                               0x00000000   Number         0  stubs.o ABSOLUTE
    _printf_lld                              0x00000000   Number         0  stubs.o ABSOLUTE
    _printf_lli                              0x00000000   Number         0  stubs.o ABSOLUTE
    _printf_llo                              0x00000000   Number         0  stubs.o ABSOLUTE
    _printf_llu                              0x00000000   Number         0  stubs.o ABSOLUTE
    _printf_llx                              0x00000000   Number         0  stubs.o ABSOLUTE
    _printf_longlong_dec                     0x00000000   Number         0  stubs.o ABSOLUTE
    _printf_longlong_hex                     0x00000000   Number         0  stubs.o ABSOLUTE
    _printf_longlong_oct                     0x00000000   Number         0  stubs.o ABSOLUTE
    _printf_ls                               0x00000000   Number         0  stubs.o ABSOLUTE
    _printf_mbtowc                           0x00000000   Number         0  stubs.o ABSOLUTE
    _printf_n                                0x00000000   Number         0  stubs.o ABSOLUTE
    _printf_o                                0x00000000   Number         0  stubs.o ABSOLUTE
    _printf_p                                0x00000000   Number         0  stubs.o ABSOLUTE
    _printf_percent                          0x00000000   Number         0  stubs.o ABSOLUTE
    _printf_pre_padding                      0x00000000   Number         0  stubs.o ABSOLUTE
    _printf_return_value                     0x00000000   Number         0  stubs.o ABSOLUTE
    _printf_s                                0x00000000   Number         0  stubs.o ABSOLUTE
    _printf_sizespec                         0x00000000   Number         0  stubs.o ABSOLUTE
    _printf_str                              0x00000000   Number         0  stubs.o ABSOLUTE
    _printf_truncate_signed                  0x00000000   Number         0  stubs.o ABSOLUTE
    _printf_truncate_unsigned                0x00000000   Number         0  stubs.o ABSOLUTE
    _printf_u                                0x00000000   Number         0  stubs.o ABSOLUTE
    _printf_wc                               0x00000000   Number         0  stubs.o ABSOLUTE
    _printf_wctomb                           0x00000000   Number         0  stubs.o ABSOLUTE
    _printf_widthprec                        0x00000000   Number         0  stubs.o ABSOLUTE
    _printf_x                                0x00000000   Number         0  stubs.o ABSOLUTE
    __cpp_initialize__aeabi_                  - Undefined Weak Reference
    __cxa_finalize                            - Undefined Weak Reference
    __decompress                              - Undefined Weak Reference
    _clock_init                               - Undefined Weak Reference
    _microlib_exit                            - Undefined Weak Reference
    __Vectors_Size                           0x000000ec   Number         0  startup_stm32f103xb.o ABSOLUTE
    __Vectors                                0x08000000   Data           4  startup_stm32f103xb.o(RESET)
    __Vectors_End                            0x080000ec   Data           0  startup_stm32f103xb.o(RESET)
    __main                                   0x080000ed   Thumb Code     0  entry.o(.ARM.Collect$$$$00000000)
    _main_stk                                0x080000ed   Thumb Code     0  entry2.o(.ARM.Collect$$$$00000001)
    _main_scatterload                        0x080000f1   Thumb Code     0  entry5.o(.ARM.Collect$$$$00000004)
    __main_after_scatterload                 0x080000f5   Thumb Code     0  entry5.o(.ARM.Collect$$$$00000004)
    _main_clock                              0x080000f5   Thumb Code     0  entry7b.o(.ARM.Collect$$$$00000008)
    _main_cpp_init                           0x080000f5   Thumb Code     0  entry8b.o(.ARM.Collect$$$$0000000A)
    _main_init                               0x080000f5   Thumb Code     0  entry9a.o(.ARM.Collect$$$$0000000B)
    __rt_final_cpp                           0x080000fd   Thumb Code     0  entry10a.o(.ARM.Collect$$$$0000000D)
    __rt_final_exit                          0x080000fd   Thumb Code     0  entry11a.o(.ARM.Collect$$$$0000000F)
    SVC_Handler                              0x08000101   Thumb Code    32  port.o(.emb_text)
    __asm___6_port_c_39a90d8d__prvStartFirstTask 0x08000125   Thumb Code    28  port.o(.emb_text)
    PendSV_Handler                           0x08000145   Thumb Code    72  port.o(.emb_text)
    vPortGetIPSR                             0x08000191   Thumb Code     6  port.o(.emb_text)
    Reset_Handler                            0x08000199   Thumb Code     8  startup_stm32f103xb.o(.text)
    ADC1_2_IRQHandler                        0x080001b3   Thumb Code     0  startup_stm32f103xb.o(.text)
    CAN1_RX1_IRQHandler                      0x080001b3   Thumb Code     0  startup_stm32f103xb.o(.text)
    CAN1_SCE_IRQHandler                      0x080001b3   Thumb Code     0  startup_stm32f103xb.o(.text)
    DMA1_Channel1_IRQHandler                 0x080001b3   Thumb Code     0  startup_stm32f103xb.o(.text)
    DMA1_Channel2_IRQHandler                 0x080001b3   Thumb Code     0  startup_stm32f103xb.o(.text)
    DMA1_Channel3_IRQHandler                 0x080001b3   Thumb Code     0  startup_stm32f103xb.o(.text)
    DMA1_Channel4_IRQHandler                 0x080001b3   Thumb Code     0  startup_stm32f103xb.o(.text)
    DMA1_Channel5_IRQHandler                 0x080001b3   Thumb Code     0  startup_stm32f103xb.o(.text)
    DMA1_Channel6_IRQHandler                 0x080001b3   Thumb Code     0  startup_stm32f103xb.o(.text)
    DMA1_Channel7_IRQHandler                 0x080001b3   Thumb Code     0  startup_stm32f103xb.o(.text)
    EXTI15_10_IRQHandler                     0x080001b3   Thumb Code     0  startup_stm32f103xb.o(.text)
    EXTI1_IRQHandler                         0x080001b3   Thumb Code     0  startup_stm32f103xb.o(.text)
    EXTI2_IRQHandler                         0x080001b3   Thumb Code     0  startup_stm32f103xb.o(.text)
    EXTI3_IRQHandler                         0x080001b3   Thumb Code     0  startup_stm32f103xb.o(.text)
    EXTI4_IRQHandler                         0x080001b3   Thumb Code     0  startup_stm32f103xb.o(.text)
    EXTI9_5_IRQHandler                       0x080001b3   Thumb Code     0  startup_stm32f103xb.o(.text)
    FLASH_IRQHandler                         0x080001b3   Thumb Code     0  startup_stm32f103xb.o(.text)
    I2C1_ER_IRQHandler                       0x080001b3   Thumb Code     0  startup_stm32f103xb.o(.text)
    I2C1_EV_IRQHandler                       0x080001b3   Thumb Code     0  startup_stm32f103xb.o(.text)
    I2C2_ER_IRQHandler                       0x080001b3   Thumb Code     0  startup_stm32f103xb.o(.text)
    I2C2_EV_IRQHandler                       0x080001b3   Thumb Code     0  startup_stm32f103xb.o(.text)
    PVD_IRQHandler                           0x080001b3   Thumb Code     0  startup_stm32f103xb.o(.text)
    RCC_IRQHandler                           0x080001b3   Thumb Code     0  startup_stm32f103xb.o(.text)
    RTC_Alarm_IRQHandler                     0x080001b3   Thumb Code     0  startup_stm32f103xb.o(.text)
    RTC_IRQHandler                           0x080001b3   Thumb Code     0  startup_stm32f103xb.o(.text)
    SPI1_IRQHandler                          0x080001b3   Thumb Code     0  startup_stm32f103xb.o(.text)
    SPI2_IRQHandler                          0x080001b3   Thumb Code     0  startup_stm32f103xb.o(.text)
    TAMPER_IRQHandler                        0x080001b3   Thumb Code     0  startup_stm32f103xb.o(.text)
    TIM1_BRK_IRQHandler                      0x080001b3   Thumb Code     0  startup_stm32f103xb.o(.text)
    TIM1_CC_IRQHandler                       0x080001b3   Thumb Code     0  startup_stm32f103xb.o(.text)
    TIM1_TRG_COM_IRQHandler                  0x080001b3   Thumb Code     0  startup_stm32f103xb.o(.text)
    TIM1_UP_IRQHandler                       0x080001b3   Thumb Code     0  startup_stm32f103xb.o(.text)
    TIM3_IRQHandler                          0x080001b3   Thumb Code     0  startup_stm32f103xb.o(.text)
    USART1_IRQHandler                        0x080001b3   Thumb Code     0  startup_stm32f103xb.o(.text)
    USART2_IRQHandler                        0x080001b3   Thumb Code     0  startup_stm32f103xb.o(.text)
    USART3_IRQHandler                        0x080001b3   Thumb Code     0  startup_stm32f103xb.o(.text)
    USBWakeUp_IRQHandler                     0x080001b3   Thumb Code     0  startup_stm32f103xb.o(.text)
    USB_HP_CAN1_TX_IRQHandler                0x080001b3   Thumb Code     0  startup_stm32f103xb.o(.text)
    USB_LP_CAN1_RX0_IRQHandler               0x080001b3   Thumb Code     0  startup_stm32f103xb.o(.text)
    WWDG_IRQHandler                          0x080001b3   Thumb Code     0  startup_stm32f103xb.o(.text)
    __aeabi_llsr                             0x080001bd   Thumb Code    32  llushr.o(.text)
    _ll_ushift_r                             0x080001bd   Thumb Code     0  llushr.o(.text)
    __aeabi_memset                           0x080001dd   Thumb Code    14  memseta.o(.text)
    __aeabi_memset4                          0x080001dd   Thumb Code     0  memseta.o(.text)
    __aeabi_memset8                          0x080001dd   Thumb Code     0  memseta.o(.text)
    __aeabi_memclr                           0x080001eb   Thumb Code     4  memseta.o(.text)
    __aeabi_memclr4                          0x080001eb   Thumb Code     0  memseta.o(.text)
    __aeabi_memclr8                          0x080001eb   Thumb Code     0  memseta.o(.text)
    _memset$wrapper                          0x080001ef   Thumb Code    18  memseta.o(.text)
    strcmp                                   0x08000201   Thumb Code    28  strcmp.o(.text)
    __aeabi_dadd                             0x0800021d   Thumb Code   322  dadd.o(.text)
    __aeabi_dsub                             0x0800035f   Thumb Code     6  dadd.o(.text)
    __aeabi_drsub                            0x08000365   Thumb Code     6  dadd.o(.text)
    __aeabi_dmul                             0x0800036b   Thumb Code   228  dmul.o(.text)
    __aeabi_ddiv                             0x0800044f   Thumb Code   222  ddiv.o(.text)
    __aeabi_cdrcmple                         0x0800052d   Thumb Code    48  cdrcmple.o(.text)
    __aeabi_uidiv                            0x0800055d   Thumb Code     0  uidiv.o(.text)
    __aeabi_uidivmod                         0x0800055d   Thumb Code    44  uidiv.o(.text)
    __aeabi_uldivmod                         0x08000589   Thumb Code    98  uldiv.o(.text)
    __aeabi_llsl                             0x080005eb   Thumb Code    30  llshl.o(.text)
    _ll_shift_l                              0x080005eb   Thumb Code     0  llshl.o(.text)
    __aeabi_lasr                             0x08000609   Thumb Code    36  llsshr.o(.text)
    _ll_sshift_r                             0x08000609   Thumb Code     0  llsshr.o(.text)
    __I$use$fp                               0x0800062d   Thumb Code     0  iusefp.o(.text)
    _double_round                            0x0800062d   Thumb Code    30  depilogue.o(.text)
    _double_epilogue                         0x0800064b   Thumb Code   156  depilogue.o(.text)
    __aeabi_d2ulz                            0x080006e7   Thumb Code    48  dfixul.o(.text)
    __scatterload                            0x08000719   Thumb Code    28  init.o(.text)
    __scatterload_rt2                        0x08000719   Thumb Code     0  init.o(.text)
    BusFault_Handler                         0x0800073d   Thumb Code     4  stm32f1xx_it.o(i.BusFault_Handler)
    DebugMon_Handler                         0x08000741   Thumb Code     2  stm32f1xx_it.o(i.DebugMon_Handler)
    EXTI0_IRQHandler                         0x08000743   Thumb Code    10  stm32f1xx_it.o(i.EXTI0_IRQHandler)
    Error_Handler                            0x0800074d   Thumb Code     6  main.o(i.Error_Handler)
    FreeRTOS_Start                           0x08000755   Thumb Code    34  freertos_task.o(i.FreeRTOS_Start)
    GLOBAL_Exit                              0x0800078d   Thumb Code   102  global.o(i.GLOBAL_Exit)
    GLOBAL_Loop                              0x080007f3   Thumb Code   102  global.o(i.GLOBAL_Loop)
    GLOBAL_init                              0x08000859   Thumb Code   102  global.o(i.GLOBAL_init)
    HAL_GPIO_EXTI_Callback                   0x080008bf   Thumb Code     2  stm32f1xx_hal_gpio.o(i.HAL_GPIO_EXTI_Callback)
    HAL_GPIO_EXTI_IRQHandler                 0x080008c1   Thumb Code    24  stm32f1xx_hal_gpio.o(i.HAL_GPIO_EXTI_IRQHandler)
    HAL_GPIO_Init                            0x080008dd   Thumb Code   766  stm32f1xx_hal_gpio.o(i.HAL_GPIO_Init)
    HAL_GPIO_ReadPin                         0x08000bfd   Thumb Code    16  stm32f1xx_hal_gpio.o(i.HAL_GPIO_ReadPin)
    HAL_GPIO_WritePin                        0x08000c0d   Thumb Code    12  stm32f1xx_hal_gpio.o(i.HAL_GPIO_WritePin)
    HAL_GetTick                              0x08000c19   Thumb Code     6  stm32f1xx_hal.o(i.HAL_GetTick)
    HAL_IncTick                              0x08000c25   Thumb Code    16  stm32f1xx_hal.o(i.HAL_IncTick)
    HAL_Init                                 0x08000c3d   Thumb Code    34  stm32f1xx_hal.o(i.HAL_Init)
    HAL_InitTick                             0x08000c65   Thumb Code   158  stm32f1xx_hal_timebase_tim.o(i.HAL_InitTick)
    HAL_MspInit                              0x08000d19   Thumb Code    76  stm32f1xx_hal_msp.o(i.HAL_MspInit)
    HAL_NVIC_EnableIRQ                       0x08000d6d   Thumb Code    32  stm32f1xx_hal_cortex.o(i.HAL_NVIC_EnableIRQ)
    HAL_NVIC_SetPriority                     0x08000d8d   Thumb Code   124  stm32f1xx_hal_cortex.o(i.HAL_NVIC_SetPriority)
    HAL_NVIC_SetPriorityGrouping             0x08000e09   Thumb Code    32  stm32f1xx_hal_cortex.o(i.HAL_NVIC_SetPriorityGrouping)
    HAL_PWR_EnableBkUpAccess                 0x08000e31   Thumb Code     8  stm32f1xx_hal_pwr.o(i.HAL_PWR_EnableBkUpAccess)
    HAL_RCCEx_GetPeriphCLKFreq               0x08000e3d   Thumb Code   232  stm32f1xx_hal_rcc_ex.o(i.HAL_RCCEx_GetPeriphCLKFreq)
    HAL_RCCEx_PeriphCLKConfig                0x08000f39   Thumb Code   290  stm32f1xx_hal_rcc_ex.o(i.HAL_RCCEx_PeriphCLKConfig)
    HAL_RCC_ClockConfig                      0x08001069   Thumb Code   376  stm32f1xx_hal_rcc.o(i.HAL_RCC_ClockConfig)
    HAL_RCC_GetClockConfig                   0x080011f5   Thumb Code    58  stm32f1xx_hal_rcc.o(i.HAL_RCC_GetClockConfig)
    HAL_RCC_GetHCLKFreq                      0x08001239   Thumb Code     6  stm32f1xx_hal_rcc.o(i.HAL_RCC_GetHCLKFreq)
    HAL_RCC_GetPCLK1Freq                     0x08001245   Thumb Code    22  stm32f1xx_hal_rcc.o(i.HAL_RCC_GetPCLK1Freq)
    HAL_RCC_GetPCLK2Freq                     0x08001265   Thumb Code    22  stm32f1xx_hal_rcc.o(i.HAL_RCC_GetPCLK2Freq)
    HAL_RCC_GetSysClockFreq                  0x08001285   Thumb Code    92  stm32f1xx_hal_rcc.o(i.HAL_RCC_GetSysClockFreq)
    HAL_RCC_OscConfig                        0x080012f5   Thumb Code  1114  stm32f1xx_hal_rcc.o(i.HAL_RCC_OscConfig)
    HAL_RTC_GetDate                          0x08001759   Thumb Code    82  stm32f1xx_hal_rtc.o(i.HAL_RTC_GetDate)
    HAL_RTC_GetTime                          0x080017ab   Thumb Code   260  stm32f1xx_hal_rtc.o(i.HAL_RTC_GetTime)
    HAL_RTC_Init                             0x080018b1   Thumb Code   188  stm32f1xx_hal_rtc.o(i.HAL_RTC_Init)
    HAL_RTC_MspInit                          0x08001971   Thumb Code    52  rtc.o(i.HAL_RTC_MspInit)
    HAL_RTC_SetDate                          0x080019b1   Thumb Code   242  stm32f1xx_hal_rtc.o(i.HAL_RTC_SetDate)
    HAL_RTC_SetTime                          0x08001aa9   Thumb Code   214  stm32f1xx_hal_rtc.o(i.HAL_RTC_SetTime)
    HAL_RTC_WaitForSynchro                   0x08001b85   Thumb Code    64  stm32f1xx_hal_rtc.o(i.HAL_RTC_WaitForSynchro)
    HAL_TIMEx_BreakCallback                  0x08001bc5   Thumb Code     2  stm32f1xx_hal_tim_ex.o(i.HAL_TIMEx_BreakCallback)
    HAL_TIMEx_CommutCallback                 0x08001bc7   Thumb Code     2  stm32f1xx_hal_tim_ex.o(i.HAL_TIMEx_CommutCallback)
    HAL_TIMEx_MasterConfigSynchronization    0x08001bc9   Thumb Code   118  stm32f1xx_hal_tim_ex.o(i.HAL_TIMEx_MasterConfigSynchronization)
    HAL_TIM_Base_Init                        0x08001c4d   Thumb Code   102  stm32f1xx_hal_tim.o(i.HAL_TIM_Base_Init)
    HAL_TIM_Base_MspInit                     0x08001cb5   Thumb Code    58  tim.o(i.HAL_TIM_Base_MspInit)
    HAL_TIM_Base_Start_IT                    0x08001cf5   Thumb Code   106  stm32f1xx_hal_tim.o(i.HAL_TIM_Base_Start_IT)
    HAL_TIM_ConfigClockSource                0x08001d6d   Thumb Code   268  stm32f1xx_hal_tim.o(i.HAL_TIM_ConfigClockSource)
    HAL_TIM_IC_CaptureCallback               0x08001e79   Thumb Code     2  stm32f1xx_hal_tim.o(i.HAL_TIM_IC_CaptureCallback)
    HAL_TIM_IRQHandler                       0x08001e7b   Thumb Code   364  stm32f1xx_hal_tim.o(i.HAL_TIM_IRQHandler)
    HAL_TIM_OC_DelayElapsedCallback          0x08001fe7   Thumb Code     2  stm32f1xx_hal_tim.o(i.HAL_TIM_OC_DelayElapsedCallback)
    HAL_TIM_PWM_PulseFinishedCallback        0x08001fe9   Thumb Code     2  stm32f1xx_hal_tim.o(i.HAL_TIM_PWM_PulseFinishedCallback)
    HAL_TIM_PeriodElapsedCallback            0x08001fed   Thumb Code    42  main.o(i.HAL_TIM_PeriodElapsedCallback)
    HAL_TIM_TriggerCallback                  0x08002021   Thumb Code     2  stm32f1xx_hal_tim.o(i.HAL_TIM_TriggerCallback)
    HAL_UART_Init                            0x08002023   Thumb Code   118  stm32f1xx_hal_uart.o(i.HAL_UART_Init)
    HAL_UART_MspInit                         0x08002099   Thumb Code   122  usart.o(i.HAL_UART_MspInit)
    HardFault_Handler                        0x08002121   Thumb Code     4  stm32f1xx_it.o(i.HardFault_Handler)
    KEY_Check                                0x08002125   Thumb Code    32  key.o(i.KEY_Check)
    KEY_State                                0x08002149   Thumb Code    96  key.o(i.KEY_State)
    LED_Exit                                 0x080021b1   Thumb Code    12  led.o(i.LED_Exit)
    LED_Loop                                 0x080021bd   Thumb Code   136  led.o(i.LED_Loop)
    LED_UI                                   0x08002251   Thumb Code    44  led.o(i.LED_UI)
    LED_init                                 0x08002289   Thumb Code    12  led.o(i.LED_init)
    LOW_Tick                                 0x08002295   Thumb Code    84  low.o(i.LOW_Tick)
    MX_GPIO_Init                             0x080022fd   Thumb Code   254  gpio.o(i.MX_GPIO_Init)
    MX_RTC_Init                              0x08002411   Thumb Code   112  rtc.o(i.MX_RTC_Init)
    MX_TIM2_Init                             0x08002489   Thumb Code   104  tim.o(i.MX_TIM2_Init)
    MX_USART1_UART_Init                      0x080024f5   Thumb Code    46  usart.o(i.MX_USART1_UART_Init)
    MemManage_Handler                        0x0800252d   Thumb Code     4  stm32f1xx_it.o(i.MemManage_Handler)
    NMI_Handler                              0x08002531   Thumb Code     4  stm32f1xx_it.o(i.NMI_Handler)
    OLED_Clear                               0x08002535   Thumb Code    36  oled.o(i.OLED_Clear)
    OLED_ClearArea                           0x0800255d   Thumb Code   162  oled.o(i.OLED_ClearArea)
    OLED_I2C_SendByte                        0x08002605   Thumb Code    62  oled.o(i.OLED_I2C_SendByte)
    OLED_I2C_Start                           0x08002643   Thumb Code    28  oled.o(i.OLED_I2C_Start)
    OLED_I2C_Stop                            0x0800265f   Thumb Code    22  oled.o(i.OLED_I2C_Stop)
    OLED_Init                                0x08002675   Thumb Code   142  oled.o(i.OLED_Init)
    OLED_Printf                              0x08002703   Thumb Code    50  oled.o(i.OLED_Printf)
    OLED_ReverseArea                         0x08002735   Thumb Code   162  oled.o(i.OLED_ReverseArea)
    OLED_SetCursor                           0x080027dd   Thumb Code    34  oled.o(i.OLED_SetCursor)
    OLED_ShowChar                            0x08002801   Thumb Code   108  oled.o(i.OLED_ShowChar)
    OLED_ShowChinese                         0x08002879   Thumb Code   144  oled.o(i.OLED_ShowChinese)
    OLED_ShowImage                           0x08002911   Thumb Code   296  oled.o(i.OLED_ShowImage)
    OLED_ShowString                          0x08002a3d   Thumb Code    46  oled.o(i.OLED_ShowString)
    OLED_Update                              0x08002a6d   Thumb Code    36  oled.o(i.OLED_Update)
    OLED_W_SCL                               0x08002a95   Thumb Code    18  oled.o(i.OLED_W_SCL)
    OLED_W_SDA                               0x08002aad   Thumb Code    18  oled.o(i.OLED_W_SDA)
    OLED_WriteCommand                        0x08002ac5   Thumb Code    32  oled.o(i.OLED_WriteCommand)
    OLED_WriteData                           0x08002ae5   Thumb Code    46  oled.o(i.OLED_WriteData)
    SetDA_Exit                               0x08002df5   Thumb Code    12  setdate.o(i.SetDA_Exit)
    SetDA_Init                               0x08002e01   Thumb Code    24  setdate.o(i.SetDA_Init)
    SetDA_Loop                               0x08002e19   Thumb Code   120  setdate.o(i.SetDA_Loop)
    SetDate_Exit                             0x08002e9d   Thumb Code    12  setdate.o(i.SetDate_Exit)
    SetDate_Init                             0x08002ea9   Thumb Code    24  setdate.o(i.SetDate_Init)
    SetDate_Loop                             0x08002ec1   Thumb Code   238  setdate.o(i.SetDate_Loop)
    SetDate_UI                               0x08002fb9   Thumb Code   114  setdate.o(i.SetDate_UI)
    SetHours_Exit                            0x08003055   Thumb Code    12  settime.o(i.SetHours_Exit)
    SetHours_Init                            0x08003061   Thumb Code    24  settime.o(i.SetHours_Init)
    SetHours_Loop                            0x08003079   Thumb Code   128  settime.o(i.SetHours_Loop)
    SetMin_Exit                              0x08003105   Thumb Code    12  settime.o(i.SetMin_Exit)
    SetMin_Init                              0x08003111   Thumb Code    24  settime.o(i.SetMin_Init)
    SetMin_Loop                              0x08003129   Thumb Code   128  settime.o(i.SetMin_Loop)
    SetMonth_Exit                            0x080031b5   Thumb Code    12  setdate.o(i.SetMonth_Exit)
    SetMonth_Init                            0x080031c1   Thumb Code    24  setdate.o(i.SetMonth_Init)
    SetMonth_Loop                            0x080031d9   Thumb Code   120  setdate.o(i.SetMonth_Loop)
    SetTime_Exit                             0x0800325d   Thumb Code    12  settime.o(i.SetTime_Exit)
    SetTime_Init                             0x08003269   Thumb Code    24  settime.o(i.SetTime_Init)
    SetTime_Loop                             0x08003281   Thumb Code   204  settime.o(i.SetTime_Loop)
    SetTime_UI                               0x08003355   Thumb Code    86  settime.o(i.SetTime_UI)
    SetYear_Exit                             0x080033c9   Thumb Code    12  setdate.o(i.SetYear_Exit)
    SetYear_Init                             0x080033d5   Thumb Code    24  setdate.o(i.SetYear_Init)
    SetYear_Loop                             0x080033ed   Thumb Code   120  setdate.o(i.SetYear_Loop)
    Settings_Exit                            0x08003471   Thumb Code    12  settings.o(i.Settings_Exit)
    Settings_Init                            0x0800347d   Thumb Code    24  settings.o(i.Settings_Init)
    Settings_Loop                            0x08003495   Thumb Code   204  settings.o(i.Settings_Loop)
    Settings_UI                              0x08003569   Thumb Code    40  settings.o(i.Settings_UI)
    StopWatch_Exit                           0x080035a5   Thumb Code    18  stopwatch.o(i.StopWatch_Exit)
    StopWatch_Init                           0x080035c1   Thumb Code    12  stopwatch.o(i.StopWatch_Init)
    StopWatch_Loop                           0x080035cd   Thumb Code    88  stopwatch.o(i.StopWatch_Loop)
    StopWatch_Tick                           0x08003635   Thumb Code    62  stopwatch.o(i.StopWatch_Tick)
    StopWatch_UI                             0x08003681   Thumb Code    28  stopwatch.o(i.StopWatch_UI)
    SysTick_Handler                          0x080036b1   Thumb Code    16  stm32f1xx_it.o(i.SysTick_Handler)
    SystemClock_Config                       0x080036c1   Thumb Code   136  main.o(i.SystemClock_Config)
    SystemInit                               0x08003749   Thumb Code     2  system_stm32f1xx.o(i.SystemInit)
    TIM2_IRQHandler                          0x0800374d   Thumb Code    10  stm32f1xx_it.o(i.TIM2_IRQHandler)
    TIM4_IRQHandler                          0x0800375d   Thumb Code    10  stm32f1xx_it.o(i.TIM4_IRQHandler)
    TIM_Base_SetConfig                       0x0800376d   Thumb Code   120  stm32f1xx_hal_tim.o(i.TIM_Base_SetConfig)
    TIM_ETR_SetConfig                        0x080037f1   Thumb Code    22  stm32f1xx_hal_tim.o(i.TIM_ETR_SetConfig)
    TIM_Tick                                 0x08003869   Thumb Code   610  key.o(i.TIM_Tick)
    TIM_UI                                   0x08003aed   Thumb Code   104  my_rtc.o(i.TIM_UI)
    Tim_Exit                                 0x08003b91   Thumb Code    12  my_rtc.o(i.Tim_Exit)
    Tim_Init                                 0x08003b9d   Thumb Code    24  my_rtc.o(i.Tim_Init)
    Tim_Loop                                 0x08003bb5   Thumb Code   160  my_rtc.o(i.Tim_Loop)
    UsageFault_Handler                       0x08003d59   Thumb Code     4  stm32f1xx_it.o(i.UsageFault_Handler)
    __0vsprintf                              0x08003d5d   Thumb Code    30  printfa.o(i.__0vsprintf)
    __1vsprintf                              0x08003d5d   Thumb Code     0  printfa.o(i.__0vsprintf)
    __2vsprintf                              0x08003d5d   Thumb Code     0  printfa.o(i.__0vsprintf)
    __c89vsprintf                            0x08003d5d   Thumb Code     0  printfa.o(i.__0vsprintf)
    vsprintf                                 0x08003d5d   Thumb Code     0  printfa.o(i.__0vsprintf)
    __scatterload_copy                       0x08003db9   Thumb Code    14  handlers.o(i.__scatterload_copy)
    __scatterload_null                       0x08003dc7   Thumb Code     2  handlers.o(i.__scatterload_null)
    __scatterload_zeroinit                   0x08003dc9   Thumb Code    14  handlers.o(i.__scatterload_zeroinit)
    main                                     0x08004695   Thumb Code    42  main.o(i.main)
    main_Task                                0x080046c5   Thumb Code    64  freertos_task.o(i.main_Task)
    menu_Exit                                0x0800470d   Thumb Code    12  menu.o(i.menu_Exit)
    menu_Init                                0x08004719   Thumb Code    12  menu.o(i.menu_Init)
    menu_Loop                                0x08004725   Thumb Code   184  menu.o(i.menu_Loop)
    menu_UI                                  0x080047ed   Thumb Code   228  menu.o(i.menu_UI)
    move_start                               0x080048e1   Thumb Code   178  menu.o(i.move_start)
    pvPortMalloc                             0x08004ebd   Thumb Code   234  heap_4.o(i.pvPortMalloc)
    pxPortInitialiseStack                    0x08004fbd   Thumb Code    30  port.o(i.pxPortInitialiseStack)
    switch_Tick                              0x08004fe1   Thumb Code    26  low.o(i.switch_Tick)
    uxListRemove                             0x08005005   Thumb Code    40  list.o(i.uxListRemove)
    vListInitialise                          0x0800502d   Thumb Code    26  list.o(i.vListInitialise)
    vListInitialiseItem                      0x08005047   Thumb Code     6  list.o(i.vListInitialiseItem)
    vListInsert                              0x0800504d   Thumb Code    52  list.o(i.vListInsert)
    vPortEnterCritical                       0x08005081   Thumb Code    30  port.o(i.vPortEnterCritical)
    vPortExitCritical                        0x080050a5   Thumb Code    28  port.o(i.vPortExitCritical)
    vPortFree                                0x080050c5   Thumb Code    68  heap_4.o(i.vPortFree)
    vPortSetupTimerInterrupt                 0x08005111   Thumb Code    20  port.o(i.vPortSetupTimerInterrupt)
    vTaskDelay                               0x08005129   Thumb Code    46  tasks.o(i.vTaskDelay)
    vTaskStartScheduler                      0x0800515d   Thumb Code    60  tasks.o(i.vTaskStartScheduler)
    vTaskSuspendAll                          0x080051a9   Thumb Code    12  tasks.o(i.vTaskSuspendAll)
    vTaskSwitchContext                       0x080051b9   Thumb Code    84  tasks.o(i.vTaskSwitchContext)
    xPortStartScheduler                      0x08005221   Thumb Code    42  port.o(i.xPortStartScheduler)
    xPortSysTickHandler                      0x08005255   Thumb Code    46  port.o(i.xPortSysTickHandler)
    xTaskCreate                              0x08005289   Thumb Code    56  tasks.o(i.xTaskCreate)
    xTaskGetSchedulerState                   0x080052c1   Thumb Code    24  tasks.o(i.xTaskGetSchedulerState)
    xTaskIncrementTick                       0x080052e1   Thumb Code   372  tasks.o(i.xTaskIncrementTick)
    xTaskResumeAll                           0x08005481   Thumb Code   344  tasks.o(i.xTaskResumeAll)
    AHBPrescTable                            0x08005620   Data          16  system_stm32f1xx.o(.constdata)
    APBPrescTable                            0x08005630   Data           8  system_stm32f1xx.o(.constdata)
    OLED_F8x16                               0x08005638   Data        1520  oled_data.o(.constdata)
    OLED_F6x8                                0x08005c28   Data         570  oled_data.o(.constdata)
    OLED_F12x24                              0x08005e62   Data        3420  oled_data.o(.constdata)
    OLED_CF16x16                             0x08006bbe   Data         504  oled_data.o(.constdata)
    Diode                                    0x08006db6   Data          32  oled_data.o(.constdata)
    Exit                                     0x08006dd6   Data          32  oled_data.o(.constdata)
    menu_Graph                               0x08006df6   Data         640  oled_data.o(.constdata)
    Frame                                    0x08007076   Data         264  oled_data.o(.constdata)
    LED                                      0x0800717e   Data         528  oled_data.o(.constdata)
    Region$$Table$$Base                      0x08007390   Number         0  anon$$obj.o(Region$$Table)
    Region$$Table$$Limit                     0x080073b0   Number         0  anon$$obj.o(Region$$Table)
    CurrMode                                 0x20000000   Data           1  main.o(.data)
    NextMode                                 0x20000001   Data           1  main.o(.data)
    uwTick                                   0x20000004   Data           4  stm32f1xx_hal.o(.data)
    uwTickPrio                               0x20000008   Data           4  stm32f1xx_hal.o(.data)
    uwTickFreq                               0x2000000c   Data           1  stm32f1xx_hal.o(.data)
    SystemCoreClock                          0x20000010   Data           4  system_stm32f1xx.o(.data)
    c                                        0x20000020   Data           1  key.o(.data)
    pos                                      0x20000042   Data           1  menu.o(.data)
    target_pos                               0x20000043   Data           1  menu.o(.data)
    move_flag                                0x20000044   Data           1  menu.o(.data)
    move_state                               0x20000045   Data           1  menu.o(.data)
    x_pre                                    0x20000046   Data           1  menu.o(.data)
    Speed                                    0x20000047   Data           1  menu.o(.data)
    stopwatch_flag                           0x2000004e   Data           1  stopwatch.o(.data)
    low_flag                                 0x20000050   Data           1  low.o(.data)
    switch_flag                              0x20000051   Data           1  low.o(.data)
    main_Task_Handle                         0x20000058   Data           4  freertos_task.o(.data)
    pxCurrentTCB                             0x2000005c   Data           4  tasks.o(.data)
    hrtc                                     0x200000bc   Data          20  rtc.o(.bss)
    htim2                                    0x200000d0   Data          72  tim.o(.bss)
    huart1                                   0x20000118   Data          72  usart.o(.bss)
    htim4                                    0x20000160   Data          72  stm32f1xx_hal_timebase_tim.o(.bss)
    OLED_DisplayBuf                          0x200001a8   Data        1024  oled.o(.bss)
    __initial_sp                             0x20004e70   Data           0  startup_stm32f103xb.o(STACK)



==============================================================================

Memory Map of the image

  Image Entry point : 0x080000ed

  Load Region LR_IROM1 (Base: 0x08000000, Size: 0x0000746c, Max: 0x00010000, ABSOLUTE)

    Execution Region ER_IROM1 (Exec base: 0x08000000, Load base: 0x08000000, Size: 0x000073b0, Max: 0x00010000, ABSOLUTE)

    Exec Addr    Load Addr    Size         Type   Attr      Idx    E Section Name        Object

    0x08000000   0x08000000   0x000000ec   Data   RO            3    RESET               startup_stm32f103xb.o
    0x080000ec   0x080000ec   0x00000000   Code   RO         5334  * .ARM.Collect$$$$00000000  mc_w.l(entry.o)
    0x080000ec   0x080000ec   0x00000004   Code   RO         5663    .ARM.Collect$$$$00000001  mc_w.l(entry2.o)
    0x080000f0   0x080000f0   0x00000004   Code   RO         5666    .ARM.Collect$$$$00000004  mc_w.l(entry5.o)
    0x080000f4   0x080000f4   0x00000000   Code   RO         5668    .ARM.Collect$$$$00000008  mc_w.l(entry7b.o)
    0x080000f4   0x080000f4   0x00000000   Code   RO         5670    .ARM.Collect$$$$0000000A  mc_w.l(entry8b.o)
    0x080000f4   0x080000f4   0x00000008   Code   RO         5671    .ARM.Collect$$$$0000000B  mc_w.l(entry9a.o)
    0x080000fc   0x080000fc   0x00000000   Code   RO         5673    .ARM.Collect$$$$0000000D  mc_w.l(entry10a.o)
    0x080000fc   0x080000fc   0x00000000   Code   RO         5675    .ARM.Collect$$$$0000000F  mc_w.l(entry11a.o)
    0x080000fc   0x080000fc   0x00000004   Code   RO         5664    .ARM.Collect$$$$00002712  mc_w.l(entry2.o)
    0x08000100   0x08000100   0x00000096   Code   RO         5255    .emb_text           port.o
    0x08000196   0x08000196   0x00000002   PAD
    0x08000198   0x08000198   0x00000024   Code   RO            4    .text               startup_stm32f103xb.o
    0x080001bc   0x080001bc   0x00000020   Code   RO         5337    .text               mc_w.l(llushr.o)
    0x080001dc   0x080001dc   0x00000024   Code   RO         5341    .text               mc_w.l(memseta.o)
    0x08000200   0x08000200   0x0000001c   Code   RO         5345    .text               mc_w.l(strcmp.o)
    0x0800021c   0x0800021c   0x0000014e   Code   RO         5614    .text               mf_w.l(dadd.o)
    0x0800036a   0x0800036a   0x000000e4   Code   RO         5616    .text               mf_w.l(dmul.o)
    0x0800044e   0x0800044e   0x000000de   Code   RO         5618    .text               mf_w.l(ddiv.o)
    0x0800052c   0x0800052c   0x00000030   Code   RO         5632    .text               mf_w.l(cdrcmple.o)
    0x0800055c   0x0800055c   0x0000002c   Code   RO         5678    .text               mc_w.l(uidiv.o)
    0x08000588   0x08000588   0x00000062   Code   RO         5680    .text               mc_w.l(uldiv.o)
    0x080005ea   0x080005ea   0x0000001e   Code   RO         5682    .text               mc_w.l(llshl.o)
    0x08000608   0x08000608   0x00000024   Code   RO         5684    .text               mc_w.l(llsshr.o)
    0x0800062c   0x0800062c   0x00000000   Code   RO         5693    .text               mc_w.l(iusefp.o)
    0x0800062c   0x0800062c   0x000000ba   Code   RO         5696    .text               mf_w.l(depilogue.o)
    0x080006e6   0x080006e6   0x00000030   Code   RO         5698    .text               mf_w.l(dfixul.o)
    0x08000716   0x08000716   0x00000002   PAD
    0x08000718   0x08000718   0x00000024   Code   RO         5704    .text               mc_w.l(init.o)
    0x0800073c   0x0800073c   0x00000004   Code   RO          410    i.BusFault_Handler  stm32f1xx_it.o
    0x08000740   0x08000740   0x00000002   Code   RO          411    i.DebugMon_Handler  stm32f1xx_it.o
    0x08000742   0x08000742   0x0000000a   Code   RO          412    i.EXTI0_IRQHandler  stm32f1xx_it.o
    0x0800074c   0x0800074c   0x00000006   Code   RO           13    i.Error_Handler     main.o
    0x08000752   0x08000752   0x00000002   PAD
    0x08000754   0x08000754   0x00000038   Code   RO         4103    i.FreeRTOS_Start    freertos_task.o
    0x0800078c   0x0800078c   0x00000066   Code   RO         3634    i.GLOBAL_Exit       global.o
    0x080007f2   0x080007f2   0x00000066   Code   RO         3635    i.GLOBAL_Loop       global.o
    0x08000858   0x08000858   0x00000066   Code   RO         3636    i.GLOBAL_init       global.o
    0x080008be   0x080008be   0x00000002   Code   RO         2172    i.HAL_GPIO_EXTI_Callback  stm32f1xx_hal_gpio.o
    0x080008c0   0x080008c0   0x0000001c   Code   RO         2173    i.HAL_GPIO_EXTI_IRQHandler  stm32f1xx_hal_gpio.o
    0x080008dc   0x080008dc   0x00000320   Code   RO         2174    i.HAL_GPIO_Init     stm32f1xx_hal_gpio.o
    0x08000bfc   0x08000bfc   0x00000010   Code   RO         2176    i.HAL_GPIO_ReadPin  stm32f1xx_hal_gpio.o
    0x08000c0c   0x08000c0c   0x0000000c   Code   RO         2178    i.HAL_GPIO_WritePin  stm32f1xx_hal_gpio.o
    0x08000c18   0x08000c18   0x0000000c   Code   RO         1863    i.HAL_GetTick       stm32f1xx_hal.o
    0x08000c24   0x08000c24   0x00000018   Code   RO         1869    i.HAL_IncTick       stm32f1xx_hal.o
    0x08000c3c   0x08000c3c   0x00000028   Code   RO         1870    i.HAL_Init          stm32f1xx_hal.o
    0x08000c64   0x08000c64   0x000000b4   Code   RO          516    i.HAL_InitTick      stm32f1xx_hal_timebase_tim.o
    0x08000d18   0x08000d18   0x00000054   Code   RO          492    i.HAL_MspInit       stm32f1xx_hal_msp.o
    0x08000d6c   0x08000d6c   0x00000020   Code   RO         2334    i.HAL_NVIC_EnableIRQ  stm32f1xx_hal_cortex.o
    0x08000d8c   0x08000d8c   0x0000007c   Code   RO         2340    i.HAL_NVIC_SetPriority  stm32f1xx_hal_cortex.o
    0x08000e08   0x08000e08   0x00000028   Code   RO         2341    i.HAL_NVIC_SetPriorityGrouping  stm32f1xx_hal_cortex.o
    0x08000e30   0x08000e30   0x0000000c   Code   RO         2461    i.HAL_PWR_EnableBkUpAccess  stm32f1xx_hal_pwr.o
    0x08000e3c   0x08000e3c   0x000000fc   Code   RO         2135    i.HAL_RCCEx_GetPeriphCLKFreq  stm32f1xx_hal_rcc_ex.o
    0x08000f38   0x08000f38   0x00000130   Code   RO         2136    i.HAL_RCCEx_PeriphCLKConfig  stm32f1xx_hal_rcc_ex.o
    0x08001068   0x08001068   0x0000018c   Code   RO         2027    i.HAL_RCC_ClockConfig  stm32f1xx_hal_rcc.o
    0x080011f4   0x080011f4   0x00000044   Code   RO         2031    i.HAL_RCC_GetClockConfig  stm32f1xx_hal_rcc.o
    0x08001238   0x08001238   0x0000000c   Code   RO         2032    i.HAL_RCC_GetHCLKFreq  stm32f1xx_hal_rcc.o
    0x08001244   0x08001244   0x00000020   Code   RO         2034    i.HAL_RCC_GetPCLK1Freq  stm32f1xx_hal_rcc.o
    0x08001264   0x08001264   0x00000020   Code   RO         2035    i.HAL_RCC_GetPCLK2Freq  stm32f1xx_hal_rcc.o
    0x08001284   0x08001284   0x00000070   Code   RO         2036    i.HAL_RCC_GetSysClockFreq  stm32f1xx_hal_rcc.o
    0x080012f4   0x080012f4   0x00000464   Code   RO         2039    i.HAL_RCC_OscConfig  stm32f1xx_hal_rcc.o
    0x08001758   0x08001758   0x00000052   Code   RO         1580    i.HAL_RTC_GetDate   stm32f1xx_hal_rtc.o
    0x080017aa   0x080017aa   0x00000104   Code   RO         1582    i.HAL_RTC_GetTime   stm32f1xx_hal_rtc.o
    0x080018ae   0x080018ae   0x00000002   PAD
    0x080018b0   0x080018b0   0x000000c0   Code   RO         1583    i.HAL_RTC_Init      stm32f1xx_hal_rtc.o
    0x08001970   0x08001970   0x00000040   Code   RO          285    i.HAL_RTC_MspInit   rtc.o
    0x080019b0   0x080019b0   0x000000f8   Code   RO         1589    i.HAL_RTC_SetDate   stm32f1xx_hal_rtc.o
    0x08001aa8   0x08001aa8   0x000000dc   Code   RO         1590    i.HAL_RTC_SetTime   stm32f1xx_hal_rtc.o
    0x08001b84   0x08001b84   0x00000040   Code   RO         1591    i.HAL_RTC_WaitForSynchro  stm32f1xx_hal_rtc.o
    0x08001bc4   0x08001bc4   0x00000002   Code   RO         1308    i.HAL_TIMEx_BreakCallback  stm32f1xx_hal_tim_ex.o
    0x08001bc6   0x08001bc6   0x00000002   Code   RO         1309    i.HAL_TIMEx_CommutCallback  stm32f1xx_hal_tim_ex.o
    0x08001bc8   0x08001bc8   0x00000084   Code   RO         1327    i.HAL_TIMEx_MasterConfigSynchronization  stm32f1xx_hal_tim_ex.o
    0x08001c4c   0x08001c4c   0x00000066   Code   RO          593    i.HAL_TIM_Base_Init  stm32f1xx_hal_tim.o
    0x08001cb2   0x08001cb2   0x00000002   PAD
    0x08001cb4   0x08001cb4   0x00000040   Code   RO          327    i.HAL_TIM_Base_MspInit  tim.o
    0x08001cf4   0x08001cf4   0x00000078   Code   RO          598    i.HAL_TIM_Base_Start_IT  stm32f1xx_hal_tim.o
    0x08001d6c   0x08001d6c   0x0000010c   Code   RO          602    i.HAL_TIM_ConfigClockSource  stm32f1xx_hal_tim.o
    0x08001e78   0x08001e78   0x00000002   Code   RO          627    i.HAL_TIM_IC_CaptureCallback  stm32f1xx_hal_tim.o
    0x08001e7a   0x08001e7a   0x0000016c   Code   RO          641    i.HAL_TIM_IRQHandler  stm32f1xx_hal_tim.o
    0x08001fe6   0x08001fe6   0x00000002   Code   RO          644    i.HAL_TIM_OC_DelayElapsedCallback  stm32f1xx_hal_tim.o
    0x08001fe8   0x08001fe8   0x00000002   Code   RO          671    i.HAL_TIM_PWM_PulseFinishedCallback  stm32f1xx_hal_tim.o
    0x08001fea   0x08001fea   0x00000002   PAD
    0x08001fec   0x08001fec   0x00000034   Code   RO           14    i.HAL_TIM_PeriodElapsedCallback  main.o
    0x08002020   0x08002020   0x00000002   Code   RO          684    i.HAL_TIM_TriggerCallback  stm32f1xx_hal_tim.o
    0x08002022   0x08002022   0x00000076   Code   RO         2890    i.HAL_UART_Init     stm32f1xx_hal_uart.o
    0x08002098   0x08002098   0x00000088   Code   RO          369    i.HAL_UART_MspInit  usart.o
    0x08002120   0x08002120   0x00000004   Code   RO          413    i.HardFault_Handler  stm32f1xx_it.o
    0x08002124   0x08002124   0x00000024   Code   RO         3592    i.KEY_Check         key.o
    0x08002148   0x08002148   0x00000068   Code   RO         3593    i.KEY_State         key.o
    0x080021b0   0x080021b0   0x0000000c   Code   RO         4008    i.LED_Exit          led.o
    0x080021bc   0x080021bc   0x00000094   Code   RO         4009    i.LED_Loop          led.o
    0x08002250   0x08002250   0x00000038   Code   RO         4010    i.LED_UI            led.o
    0x08002288   0x08002288   0x0000000c   Code   RO         4011    i.LED_init          led.o
    0x08002294   0x08002294   0x00000068   Code   RO         4056    i.LOW_Tick          low.o
    0x080022fc   0x080022fc   0x00000114   Code   RO          256    i.MX_GPIO_Init      gpio.o
    0x08002410   0x08002410   0x00000078   Code   RO          286    i.MX_RTC_Init       rtc.o
    0x08002488   0x08002488   0x0000006c   Code   RO          328    i.MX_TIM2_Init      tim.o
    0x080024f4   0x080024f4   0x00000038   Code   RO          370    i.MX_USART1_UART_Init  usart.o
    0x0800252c   0x0800252c   0x00000004   Code   RO          414    i.MemManage_Handler  stm32f1xx_it.o
    0x08002530   0x08002530   0x00000004   Code   RO          415    i.NMI_Handler       stm32f1xx_it.o
    0x08002534   0x08002534   0x00000028   Code   RO         3270    i.OLED_Clear        oled.o
    0x0800255c   0x0800255c   0x000000a8   Code   RO         3271    i.OLED_ClearArea    oled.o
    0x08002604   0x08002604   0x0000003e   Code   RO         3280    i.OLED_I2C_SendByte  oled.o
    0x08002642   0x08002642   0x0000001c   Code   RO         3281    i.OLED_I2C_Start    oled.o
    0x0800265e   0x0800265e   0x00000016   Code   RO         3282    i.OLED_I2C_Stop     oled.o
    0x08002674   0x08002674   0x0000008e   Code   RO         3283    i.OLED_Init         oled.o
    0x08002702   0x08002702   0x00000032   Code   RO         3286    i.OLED_Printf       oled.o
    0x08002734   0x08002734   0x000000a8   Code   RO         3288    i.OLED_ReverseArea  oled.o
    0x080027dc   0x080027dc   0x00000022   Code   RO         3289    i.OLED_SetCursor    oled.o
    0x080027fe   0x080027fe   0x00000002   PAD
    0x08002800   0x08002800   0x00000078   Code   RO         3291    i.OLED_ShowChar     oled.o
    0x08002878   0x08002878   0x00000098   Code   RO         3292    i.OLED_ShowChinese  oled.o
    0x08002910   0x08002910   0x0000012c   Code   RO         3295    i.OLED_ShowImage    oled.o
    0x08002a3c   0x08002a3c   0x0000002e   Code   RO         3298    i.OLED_ShowString   oled.o
    0x08002a6a   0x08002a6a   0x00000002   PAD
    0x08002a6c   0x08002a6c   0x00000028   Code   RO         3299    i.OLED_Update       oled.o
    0x08002a94   0x08002a94   0x00000018   Code   RO         3301    i.OLED_W_SCL        oled.o
    0x08002aac   0x08002aac   0x00000018   Code   RO         3302    i.OLED_W_SDA        oled.o
    0x08002ac4   0x08002ac4   0x00000020   Code   RO         3303    i.OLED_WriteCommand  oled.o
    0x08002ae4   0x08002ae4   0x0000002e   Code   RO         3304    i.OLED_WriteData    oled.o
    0x08002b12   0x08002b12   0x00000002   PAD
    0x08002b14   0x08002b14   0x00000028   Code   RO         2040    i.RCC_Delay         stm32f1xx_hal_rcc.o
    0x08002b3c   0x08002b3c   0x00000016   Code   RO         1592    i.RTC_Bcd2ToByte    stm32f1xx_hal_rtc.o
    0x08002b52   0x08002b52   0x0000001a   Code   RO         1593    i.RTC_ByteToBcd2    stm32f1xx_hal_rtc.o
    0x08002b6c   0x08002b6c   0x000000b6   Code   RO         1594    i.RTC_DateUpdate    stm32f1xx_hal_rtc.o
    0x08002c22   0x08002c22   0x0000003a   Code   RO         1595    i.RTC_EnterInitMode  stm32f1xx_hal_rtc.o
    0x08002c5c   0x08002c5c   0x0000003a   Code   RO         1596    i.RTC_ExitInitMode  stm32f1xx_hal_rtc.o
    0x08002c96   0x08002c96   0x00000032   Code   RO         1597    i.RTC_IsLeapYear    stm32f1xx_hal_rtc.o
    0x08002cc8   0x08002cc8   0x00000018   Code   RO         1598    i.RTC_ReadAlarmCounter  stm32f1xx_hal_rtc.o
    0x08002ce0   0x08002ce0   0x00000034   Code   RO         1599    i.RTC_ReadTimeCounter  stm32f1xx_hal_rtc.o
    0x08002d14   0x08002d14   0x00000084   Code   RO         1600    i.RTC_WeekDayNum    stm32f1xx_hal_rtc.o
    0x08002d98   0x08002d98   0x0000002e   Code   RO         1601    i.RTC_WriteAlarmCounter  stm32f1xx_hal_rtc.o
    0x08002dc6   0x08002dc6   0x0000002e   Code   RO         1602    i.RTC_WriteTimeCounter  stm32f1xx_hal_rtc.o
    0x08002df4   0x08002df4   0x0000000c   Code   RO         3799    i.SetDA_Exit        setdate.o
    0x08002e00   0x08002e00   0x00000018   Code   RO         3800    i.SetDA_Init        setdate.o
    0x08002e18   0x08002e18   0x00000084   Code   RO         3801    i.SetDA_Loop        setdate.o
    0x08002e9c   0x08002e9c   0x0000000c   Code   RO         3802    i.SetDate_Exit      setdate.o
    0x08002ea8   0x08002ea8   0x00000018   Code   RO         3803    i.SetDate_Init      setdate.o
    0x08002ec0   0x08002ec0   0x000000f8   Code   RO         3804    i.SetDate_Loop      setdate.o
    0x08002fb8   0x08002fb8   0x0000009c   Code   RO         3805    i.SetDate_UI        setdate.o
    0x08003054   0x08003054   0x0000000c   Code   RO         3719    i.SetHours_Exit     settime.o
    0x08003060   0x08003060   0x00000018   Code   RO         3720    i.SetHours_Init     settime.o
    0x08003078   0x08003078   0x0000008c   Code   RO         3721    i.SetHours_Loop     settime.o
    0x08003104   0x08003104   0x0000000c   Code   RO         3722    i.SetMin_Exit       settime.o
    0x08003110   0x08003110   0x00000018   Code   RO         3723    i.SetMin_Init       settime.o
    0x08003128   0x08003128   0x0000008c   Code   RO         3724    i.SetMin_Loop       settime.o
    0x080031b4   0x080031b4   0x0000000c   Code   RO         3806    i.SetMonth_Exit     setdate.o
    0x080031c0   0x080031c0   0x00000018   Code   RO         3807    i.SetMonth_Init     setdate.o
    0x080031d8   0x080031d8   0x00000084   Code   RO         3808    i.SetMonth_Loop     setdate.o
    0x0800325c   0x0800325c   0x0000000c   Code   RO         3725    i.SetTime_Exit      settime.o
    0x08003268   0x08003268   0x00000018   Code   RO         3726    i.SetTime_Init      settime.o
    0x08003280   0x08003280   0x000000d4   Code   RO         3727    i.SetTime_Loop      settime.o
    0x08003354   0x08003354   0x00000074   Code   RO         3728    i.SetTime_UI        settime.o
    0x080033c8   0x080033c8   0x0000000c   Code   RO         3809    i.SetYear_Exit      setdate.o
    0x080033d4   0x080033d4   0x00000018   Code   RO         3810    i.SetYear_Init      setdate.o
    0x080033ec   0x080033ec   0x00000084   Code   RO         3811    i.SetYear_Loop      setdate.o
    0x08003470   0x08003470   0x0000000c   Code   RO         3673    i.Settings_Exit     settings.o
    0x0800347c   0x0800347c   0x00000018   Code   RO         3674    i.Settings_Init     settings.o
    0x08003494   0x08003494   0x000000d4   Code   RO         3675    i.Settings_Loop     settings.o
    0x08003568   0x08003568   0x0000003c   Code   RO         3676    i.Settings_UI       settings.o
    0x080035a4   0x080035a4   0x0000001c   Code   RO         3954    i.StopWatch_Exit    stopwatch.o
    0x080035c0   0x080035c0   0x0000000c   Code   RO         3955    i.StopWatch_Init    stopwatch.o
    0x080035cc   0x080035cc   0x00000068   Code   RO         3956    i.StopWatch_Loop    stopwatch.o
    0x08003634   0x08003634   0x0000004c   Code   RO         3957    i.StopWatch_Tick    stopwatch.o
    0x08003680   0x08003680   0x00000030   Code   RO         3958    i.StopWatch_UI      stopwatch.o
    0x080036b0   0x080036b0   0x00000010   Code   RO          416    i.SysTick_Handler   stm32f1xx_it.o
    0x080036c0   0x080036c0   0x00000088   Code   RO           15    i.SystemClock_Config  main.o
    0x08003748   0x08003748   0x00000002   Code   RO         3234    i.SystemInit        system_stm32f1xx.o
    0x0800374a   0x0800374a   0x00000002   PAD
    0x0800374c   0x0800374c   0x00000010   Code   RO          417    i.TIM2_IRQHandler   stm32f1xx_it.o
    0x0800375c   0x0800375c   0x00000010   Code   RO          418    i.TIM4_IRQHandler   stm32f1xx_it.o
    0x0800376c   0x0800376c   0x00000084   Code   RO          686    i.TIM_Base_SetConfig  stm32f1xx_hal_tim.o
    0x080037f0   0x080037f0   0x00000016   Code   RO          697    i.TIM_ETR_SetConfig  stm32f1xx_hal_tim.o
    0x08003806   0x08003806   0x00000012   Code   RO          698    i.TIM_ITRx_SetConfig  stm32f1xx_hal_tim.o
    0x08003818   0x08003818   0x00000026   Code   RO          704    i.TIM_TI1_ConfigInputStage  stm32f1xx_hal_tim.o
    0x0800383e   0x0800383e   0x00000028   Code   RO          706    i.TIM_TI2_ConfigInputStage  stm32f1xx_hal_tim.o
    0x08003866   0x08003866   0x00000002   PAD
    0x08003868   0x08003868   0x00000284   Code   RO         3594    i.TIM_Tick          key.o
    0x08003aec   0x08003aec   0x000000a4   Code   RO         3545    i.TIM_UI            my_rtc.o
    0x08003b90   0x08003b90   0x0000000c   Code   RO         3546    i.Tim_Exit          my_rtc.o
    0x08003b9c   0x08003b9c   0x00000018   Code   RO         3547    i.Tim_Init          my_rtc.o
    0x08003bb4   0x08003bb4   0x000000a8   Code   RO         3548    i.Tim_Loop          my_rtc.o
    0x08003c5c   0x08003c5c   0x000000fc   Code   RO         2917    i.UART_SetConfig    stm32f1xx_hal_uart.o
    0x08003d58   0x08003d58   0x00000004   Code   RO          419    i.UsageFault_Handler  stm32f1xx_it.o
    0x08003d5c   0x08003d5c   0x00000024   Code   RO         5590    i.__0vsprintf       mc_w.l(printfa.o)
    0x08003d80   0x08003d80   0x00000010   Code   RO         2347    i.__NVIC_GetPriorityGrouping  stm32f1xx_hal_cortex.o
    0x08003d90   0x08003d90   0x00000028   Code   RO         2348    i.__NVIC_SetPriority  stm32f1xx_hal_cortex.o
    0x08003db8   0x08003db8   0x0000000e   Code   RO         5710    i.__scatterload_copy  mc_w.l(handlers.o)
    0x08003dc6   0x08003dc6   0x00000002   Code   RO         5711    i.__scatterload_null  mc_w.l(handlers.o)
    0x08003dc8   0x08003dc8   0x0000000e   Code   RO         5712    i.__scatterload_zeroinit  mc_w.l(handlers.o)
    0x08003dd6   0x08003dd6   0x00000002   PAD
    0x08003dd8   0x08003dd8   0x00000184   Code   RO         5591    i._fp_digits        mc_w.l(printfa.o)
    0x08003f5c   0x08003f5c   0x000006dc   Code   RO         5592    i._printf_core      mc_w.l(printfa.o)
    0x08004638   0x08004638   0x00000024   Code   RO         5593    i._printf_post_padding  mc_w.l(printfa.o)
    0x0800465c   0x0800465c   0x0000002e   Code   RO         5594    i._printf_pre_padding  mc_w.l(printfa.o)
    0x0800468a   0x0800468a   0x0000000a   Code   RO         5596    i._sputc            mc_w.l(printfa.o)
    0x08004694   0x08004694   0x00000030   Code   RO           17    i.main              main.o
    0x080046c4   0x080046c4   0x00000048   Code   RO         4104    i.main_Task         freertos_task.o
    0x0800470c   0x0800470c   0x0000000c   Code   RO         3900    i.menu_Exit         menu.o
    0x08004718   0x08004718   0x0000000c   Code   RO         3901    i.menu_Init         menu.o
    0x08004724   0x08004724   0x000000c8   Code   RO         3902    i.menu_Loop         menu.o
    0x080047ec   0x080047ec   0x000000f4   Code   RO         3903    i.menu_UI           menu.o
    0x080048e0   0x080048e0   0x000000c8   Code   RO         3904    i.move_start        menu.o
    0x080049a8   0x080049a8   0x000000cc   Code   RO         4795    i.prvAddCurrentTaskToDelayedList  tasks.o
    0x08004a74   0x08004a74   0x000000f8   Code   RO         4796    i.prvAddNewTaskToReadyList  tasks.o
    0x08004b6c   0x08004b6c   0x00000048   Code   RO         4797    i.prvCheckTasksWaitingTermination  tasks.o
    0x08004bb4   0x08004bb4   0x00000068   Code   RO         4798    i.prvCreateIdleTasks  tasks.o
    0x08004c1c   0x08004c1c   0x0000005a   Code   RO         4799    i.prvCreateTask     tasks.o
    0x08004c76   0x08004c76   0x00000012   Code   RO         4800    i.prvDeleteTCB      tasks.o
    0x08004c88   0x08004c88   0x0000006c   Code   RO         5188    i.prvHeapInit       heap_4.o
    0x08004cf4   0x08004cf4   0x00000028   Code   RO         4801    i.prvIdleTask       tasks.o
    0x08004d1c   0x08004d1c   0x00000088   Code   RO         4802    i.prvInitialiseNewTask  tasks.o
    0x08004da4   0x08004da4   0x00000068   Code   RO         4803    i.prvInitialiseTaskLists  tasks.o
    0x08004e0c   0x08004e0c   0x00000068   Code   RO         5189    i.prvInsertBlockIntoFreeList  heap_4.o
    0x08004e74   0x08004e74   0x00000030   Code   RO         4805    i.prvResetNextTaskUnblockTime  tasks.o
    0x08004ea4   0x08004ea4   0x00000016   Code   RO         5256    i.prvTaskExitError  port.o
    0x08004eba   0x08004eba   0x00000002   PAD
    0x08004ebc   0x08004ebc   0x00000100   Code   RO         5191    i.pvPortMalloc      heap_4.o
    0x08004fbc   0x08004fbc   0x00000024   Code   RO         5257    i.pxPortInitialiseStack  port.o
    0x08004fe0   0x08004fe0   0x00000024   Code   RO         4058    i.switch_Tick       low.o
    0x08005004   0x08005004   0x00000028   Code   RO         4418    i.uxListRemove      list.o
    0x0800502c   0x0800502c   0x0000001a   Code   RO         4419    i.vListInitialise   list.o
    0x08005046   0x08005046   0x00000006   Code   RO         4420    i.vListInitialiseItem  list.o
    0x0800504c   0x0800504c   0x00000034   Code   RO         4421    i.vListInsert       list.o
    0x08005080   0x08005080   0x00000024   Code   RO         5259    i.vPortEnterCritical  port.o
    0x080050a4   0x080050a4   0x00000020   Code   RO         5260    i.vPortExitCritical  port.o
    0x080050c4   0x080050c4   0x0000004c   Code   RO         5192    i.vPortFree         heap_4.o
    0x08005110   0x08005110   0x00000018   Code   RO         5261    i.vPortSetupTimerInterrupt  port.o
    0x08005128   0x08005128   0x00000034   Code   RO         4818    i.vTaskDelay        tasks.o
    0x0800515c   0x0800515c   0x0000004c   Code   RO         4834    i.vTaskStartScheduler  tasks.o
    0x080051a8   0x080051a8   0x00000010   Code   RO         4836    i.vTaskSuspendAll   tasks.o
    0x080051b8   0x080051b8   0x00000068   Code   RO         4837    i.vTaskSwitchContext  tasks.o
    0x08005220   0x08005220   0x00000034   Code   RO         5262    i.xPortStartScheduler  port.o
    0x08005254   0x08005254   0x00000034   Code   RO         5263    i.xPortSysTickHandler  port.o
    0x08005288   0x08005288   0x00000038   Code   RO         4840    i.xTaskCreate       tasks.o
    0x080052c0   0x080052c0   0x00000020   Code   RO         4848    i.xTaskGetSchedulerState  tasks.o
    0x080052e0   0x080052e0   0x000001a0   Code   RO         4851    i.xTaskIncrementTick  tasks.o
    0x08005480   0x08005480   0x0000017c   Code   RO         4853    i.xTaskResumeAll    tasks.o
    0x080055fc   0x080055fc   0x00000012   Data   RO         2041    .constdata          stm32f1xx_hal_rcc.o
    0x0800560e   0x0800560e   0x00000012   Data   RO         2137    .constdata          stm32f1xx_hal_rcc_ex.o
    0x08005620   0x08005620   0x00000018   Data   RO         3235    .constdata          system_stm32f1xx.o
    0x08005638   0x08005638   0x00001d56   Data   RO         3530    .constdata          oled_data.o
    0x0800738e   0x0800738e   0x00000002   PAD
    0x08007390   0x08007390   0x00000020   Data   RO         5708    Region$$Table       anon$$obj.o


    Execution Region RW_IRAM1 (Exec base: 0x20000000, Load base: 0x080073b0, Size: 0x00004e70, Max: 0x00005000, ABSOLUTE)

    Exec Addr    Load Addr    Size         Type   Attr      Idx    E Section Name        Object

    0x20000000   0x080073b0   0x00000002   Data   RW           18    .data               main.o
    0x20000002   0x080073b2   0x00000002   PAD
    0x20000004   0x080073b4   0x00000009   Data   RW         1877    .data               stm32f1xx_hal.o
    0x2000000d   0x080073bd   0x00000003   PAD
    0x20000010   0x080073c0   0x00000004   Data   RW         3236    .data               system_stm32f1xx.o
    0x20000014   0x080073c4   0x00000008   Data   RW         3549    .data               my_rtc.o
    0x2000001c   0x080073cc   0x0000001c   Data   RW         3595    .data               key.o
    0x20000038   0x080073e8   0x00000001   Data   RW         3677    .data               settings.o
    0x20000039   0x080073e9   0x00000004   Data   RW         3729    .data               settime.o
    0x2000003d   0x080073ed   0x00000005   Data   RW         3812    .data               setdate.o
    0x20000042   0x080073f2   0x00000007   Data   RW         3905    .data               menu.o
    0x20000049   0x080073f9   0x00000001   PAD
    0x2000004a   0x080073fa   0x00000005   Data   RW         3959    .data               stopwatch.o
    0x2000004f   0x080073ff   0x00000001   Data   RW         4012    .data               led.o
    0x20000050   0x08007400   0x00000008   Data   RW         4059    .data               low.o
    0x20000058   0x08007408   0x00000004   Data   RW         4105    .data               freertos_task.o
    0x2000005c   0x0800740c   0x00000040   Data   RW         4856    .data               tasks.o
    0x2000009c   0x0800744c   0x0000001c   Data   RW         5199    .data               heap_4.o
    0x200000b8   0x08007468   0x00000004   Data   RW         5264    .data               port.o
    0x200000bc        -       0x00000014   Zero   RW          287    .bss                rtc.o
    0x200000d0        -       0x00000048   Zero   RW          329    .bss                tim.o
    0x20000118        -       0x00000048   Zero   RW          371    .bss                usart.o
    0x20000160        -       0x00000048   Zero   RW          519    .bss                stm32f1xx_hal_timebase_tim.o
    0x200001a8        -       0x00000400   Zero   RW         3306    .bss                oled.o
    0x200005a8        -       0x000000c8   Zero   RW         4855    .bss                tasks.o
    0x20000670        -       0x00004400   Zero   RW         5198    .bss                heap_4.o
    0x20004a70        -       0x00000400   Zero   RW            1    STACK               startup_stm32f103xb.o


==============================================================================

Image component sizes


      Code (inc. data)   RO Data    RW Data    ZI Data      Debug   Object Name

         0          0          0          0          0       2520   event_groups.o
       128         30          0          4          0      12912   freertos_task.o
       306         42          0          0          0       1746   global.o
       276         22          0          0          0        979   gpio.o
       544         58          0         28      17408       4759   heap_4.o
       784         52          0         28          0       2407   key.o
       228         24          0          1          0       1898   led.o
       124          0          0          0          0       2513   list.o
       140         30          0          8          0       1368   low.o
       242         16          0          2          0     442028   main.o
       668         54          0          7          0       2733   menu.o
       368         68          0          8          0       1978   my_rtc.o
      1498         56          0          0       1024      11530   oled.o
         0          0       7510          0          0       1284   oled_data.o
       404         48          0          4          0       8880   port.o
       184         20          0          0         20       1543   rtc.o
       944         88          0          5          0       6094   setdate.o
       716         62          0          4          0       4744   settime.o
       308         28          0          1          0       1862   settings.o
        36          8        236          0       1024        784   startup_stm32f103xb.o
        76         20          0          9          0       4578   stm32f1xx_hal.o
       252         22          0          0          0      28610   stm32f1xx_hal_cortex.o
       858         38          0          0          0       4395   stm32f1xx_hal_gpio.o
        84          8          0          0          0        874   stm32f1xx_hal_msp.o
        12          4          0          0          0        503   stm32f1xx_hal_pwr.o
      1816        108         18          0          0       6489   stm32f1xx_hal_rcc.o
       556         34         18          0          0       2341   stm32f1xx_hal_rcc_ex.o
      1762         16          0          0          0      12720   stm32f1xx_hal_rtc.o
      1112         26          0          0          0       9223   stm32f1xx_hal_tim.o
       136         14          0          0          0       2385   stm32f1xx_hal_tim_ex.o
       180         22          0          0         72       1431   stm32f1xx_hal_timebase_tim.o
       370          4          0          0          0       1740   stm32f1xx_hal_uart.o
        80         12          0          0          0       4358   stm32f1xx_it.o
       268         60          0          5          0       2476   stopwatch.o
         2          0         24          4          0       1083   system_stm32f1xx.o
      2196        274          0         64        200      29254   tasks.o
       172         10          0          0         72       1606   tim.o
       192         24          0          0         72       1618   usart.o

    ----------------------------------------------------------------------
     18044       1402       7840        188      19892     630246   Object Totals
         0          0         32          0          0          0   (incl. Generated)
        22          0          2          6          0          0   (incl. Padding)

    ----------------------------------------------------------------------

      Code (inc. data)   RO Data    RW Data    ZI Data      Debug   Library Member Name

         0          0          0          0          0          0   entry.o
         0          0          0          0          0          0   entry10a.o
         0          0          0          0          0          0   entry11a.o
         8          4          0          0          0          0   entry2.o
         4          0          0          0          0          0   entry5.o
         0          0          0          0          0          0   entry7b.o
         0          0          0          0          0          0   entry8b.o
         8          4          0          0          0          0   entry9a.o
        30          0          0          0          0          0   handlers.o
        36          8          0          0          0         68   init.o
         0          0          0          0          0          0   iusefp.o
        30          0          0          0          0         68   llshl.o
        36          0          0          0          0         68   llsshr.o
        32          0          0          0          0         68   llushr.o
        36          0          0          0          0        108   memseta.o
      2272         86          0          0          0        516   printfa.o
        28          0          0          0          0         76   strcmp.o
        44          0          0          0          0         80   uidiv.o
        98          0          0          0          0         92   uldiv.o
        48          0          0          0          0         68   cdrcmple.o
       334          0          0          0          0        148   dadd.o
       222          0          0          0          0        100   ddiv.o
       186          0          0          0          0        176   depilogue.o
        48          0          0          0          0         68   dfixul.o
       228          0          0          0          0         96   dmul.o

    ----------------------------------------------------------------------
      3732        102          0          0          0       1800   Library Totals
         4          0          0          0          0          0   (incl. Padding)

    ----------------------------------------------------------------------

      Code (inc. data)   RO Data    RW Data    ZI Data      Debug   Library Name

      2662        102          0          0          0       1144   mc_w.l
      1066          0          0          0          0        656   mf_w.l

    ----------------------------------------------------------------------
      3732        102          0          0          0       1800   Library Totals

    ----------------------------------------------------------------------

==============================================================================


      Code (inc. data)   RO Data    RW Data    ZI Data      Debug   

     21776       1504       7840        188      19892     621642   Grand Totals
     21776       1504       7840        188      19892     621642   ELF Image Totals
     21776       1504       7840        188          0          0   ROM Totals

==============================================================================

    Total RO  Size (Code + RO Data)                29616 (  28.92kB)
    Total RW  Size (RW Data + ZI Data)             20080 (  19.61kB)
    Total ROM Size (Code + RO Data + RW Data)      29804 (  29.11kB)

==============================================================================

