Component: ARM Compiler 5.06 update 5 (build 528) Tool: armlink [4d35e2]

==============================================================================

Section Cross References

    startup_stm32f103xb.o(RESET) refers to startup_stm32f103xb.o(STACK) for __initial_sp
    startup_stm32f103xb.o(RESET) refers to startup_stm32f103xb.o(.text) for Reset_Handler
    startup_stm32f103xb.o(RESET) refers to stm32f1xx_it.o(i.NMI_Handler) for NMI_Handler
    startup_stm32f103xb.o(RESET) refers to stm32f1xx_it.o(i.HardFault_Handler) for HardFault_Handler
    startup_stm32f103xb.o(RESET) refers to stm32f1xx_it.o(i.MemManage_Handler) for MemManage_Handler
    startup_stm32f103xb.o(RESET) refers to stm32f1xx_it.o(i.BusFault_Handler) for BusFault_Handler
    startup_stm32f103xb.o(RESET) refers to stm32f1xx_it.o(i.UsageFault_Handler) for UsageFault_Handler
    startup_stm32f103xb.o(RESET) refers to stm32f1xx_it.o(i.SVC_Handler) for SVC_Handler
    startup_stm32f103xb.o(RESET) refers to stm32f1xx_it.o(i.DebugMon_Handler) for DebugMon_Handler
    startup_stm32f103xb.o(RESET) refers to stm32f1xx_it.o(i.PendSV_Handler) for PendSV_Handler
    startup_stm32f103xb.o(RESET) refers to stm32f1xx_it.o(i.SysTick_Handler) for SysTick_Handler
    startup_stm32f103xb.o(RESET) refers to stm32f1xx_it.o(i.TIM2_IRQHandler) for TIM2_IRQHandler
    startup_stm32f103xb.o(.text) refers to system_stm32f1xx.o(i.SystemInit) for SystemInit
    startup_stm32f103xb.o(.text) refers to entry.o(.ARM.Collect$$$$00000000) for __main
    main.o(i.SystemClock_Config) refers to memseta.o(.text) for __aeabi_memclr4
    main.o(i.SystemClock_Config) refers to stm32f1xx_hal_rcc.o(i.HAL_RCC_OscConfig) for HAL_RCC_OscConfig
    main.o(i.SystemClock_Config) refers to main.o(i.Error_Handler) for Error_Handler
    main.o(i.SystemClock_Config) refers to stm32f1xx_hal_rcc.o(i.HAL_RCC_ClockConfig) for HAL_RCC_ClockConfig
    main.o(i.SystemClock_Config) refers to stm32f1xx_hal_rcc_ex.o(i.HAL_RCCEx_PeriphCLKConfig) for HAL_RCCEx_PeriphCLKConfig
    main.o(i.fputc) refers to stm32f1xx_hal_uart.o(i.HAL_UART_Transmit) for HAL_UART_Transmit
    main.o(i.fputc) refers to usart.o(.bss) for huart1
    main.o(i.main) refers to stm32f1xx_hal.o(i.HAL_Init) for HAL_Init
    main.o(i.main) refers to main.o(i.SystemClock_Config) for SystemClock_Config
    main.o(i.main) refers to gpio.o(i.MX_GPIO_Init) for MX_GPIO_Init
    main.o(i.main) refers to usart.o(i.MX_USART1_UART_Init) for MX_USART1_UART_Init
    main.o(i.main) refers to rtc.o(i.MX_RTC_Init) for MX_RTC_Init
    main.o(i.main) refers to tim.o(i.MX_TIM2_Init) for MX_TIM2_Init
    main.o(i.main) refers to oled.o(i.OLED_Init) for OLED_Init
    main.o(i.main) refers to stm32f1xx_hal_tim.o(i.HAL_TIM_Base_Start_IT) for HAL_TIM_Base_Start_IT
    main.o(i.main) refers to global.o(i.GLOBAL_Loop) for GLOBAL_Loop
    main.o(i.main) refers to global.o(i.GLOBAL_Exit) for GLOBAL_Exit
    main.o(i.main) refers to global.o(i.GLOBAL_init) for GLOBAL_init
    main.o(i.main) refers to tim.o(.bss) for htim2
    main.o(i.main) refers to main.o(.data) for CurrMode
    gpio.o(i.MX_GPIO_Init) refers to stm32f1xx_hal_gpio.o(i.HAL_GPIO_WritePin) for HAL_GPIO_WritePin
    gpio.o(i.MX_GPIO_Init) refers to stm32f1xx_hal_gpio.o(i.HAL_GPIO_Init) for HAL_GPIO_Init
    rtc.o(i.HAL_RTC_MspInit) refers to stm32f1xx_hal_pwr.o(i.HAL_PWR_EnableBkUpAccess) for HAL_PWR_EnableBkUpAccess
    rtc.o(i.MX_RTC_Init) refers to stm32f1xx_hal_rtc.o(i.HAL_RTC_Init) for HAL_RTC_Init
    rtc.o(i.MX_RTC_Init) refers to main.o(i.Error_Handler) for Error_Handler
    rtc.o(i.MX_RTC_Init) refers to stm32f1xx_hal_rtc.o(i.HAL_RTC_SetTime) for HAL_RTC_SetTime
    rtc.o(i.MX_RTC_Init) refers to stm32f1xx_hal_rtc.o(i.HAL_RTC_SetDate) for HAL_RTC_SetDate
    rtc.o(i.MX_RTC_Init) refers to rtc.o(.bss) for hrtc
    tim.o(i.HAL_TIM_Base_MspDeInit) refers to stm32f1xx_hal_cortex.o(i.HAL_NVIC_DisableIRQ) for HAL_NVIC_DisableIRQ
    tim.o(i.HAL_TIM_Base_MspInit) refers to stm32f1xx_hal_cortex.o(i.HAL_NVIC_SetPriority) for HAL_NVIC_SetPriority
    tim.o(i.HAL_TIM_Base_MspInit) refers to stm32f1xx_hal_cortex.o(i.HAL_NVIC_EnableIRQ) for HAL_NVIC_EnableIRQ
    tim.o(i.MX_TIM2_Init) refers to stm32f1xx_hal_tim.o(i.HAL_TIM_Base_Init) for HAL_TIM_Base_Init
    tim.o(i.MX_TIM2_Init) refers to main.o(i.Error_Handler) for Error_Handler
    tim.o(i.MX_TIM2_Init) refers to stm32f1xx_hal_tim.o(i.HAL_TIM_ConfigClockSource) for HAL_TIM_ConfigClockSource
    tim.o(i.MX_TIM2_Init) refers to stm32f1xx_hal_tim_ex.o(i.HAL_TIMEx_MasterConfigSynchronization) for HAL_TIMEx_MasterConfigSynchronization
    tim.o(i.MX_TIM2_Init) refers to tim.o(.bss) for htim2
    usart.o(i.HAL_UART_MspDeInit) refers to stm32f1xx_hal_gpio.o(i.HAL_GPIO_DeInit) for HAL_GPIO_DeInit
    usart.o(i.HAL_UART_MspInit) refers to stm32f1xx_hal_gpio.o(i.HAL_GPIO_Init) for HAL_GPIO_Init
    usart.o(i.MX_USART1_UART_Init) refers to stm32f1xx_hal_uart.o(i.HAL_UART_Init) for HAL_UART_Init
[...]
    Removing stm32f1xx_hal_uart.o(i.UART_WaitOnFlagUntilTimeout), (140 bytes).
    Removing system_stm32f1xx.o(.rev16_text), (4 bytes).
    Removing system_stm32f1xx.o(.revsh_text), (4 bytes).
    Removing system_stm32f1xx.o(.rrx_text), (6 bytes).
    Removing system_stm32f1xx.o(i.SystemCoreClockUpdate), (164 bytes).
    Removing oled.o(.rev16_text), (4 bytes).
    Removing oled.o(.revsh_text), (4 bytes).
    Removing oled.o(.rrx_text), (6 bytes).
    Removing oled.o(i.OLED_DrawArc), (618 bytes).
    Removing oled.o(i.OLED_DrawCircle), (352 bytes).
    Removing oled.o(i.OLED_DrawEllipse), (812 bytes).
    Removing oled.o(i.OLED_DrawLine), (374 bytes).
    Removing oled.o(i.OLED_DrawPoint), (80 bytes).
    Removing oled.o(i.OLED_DrawRectangle), (142 bytes).
    Removing oled.o(i.OLED_DrawTriangle), (232 bytes).
    Removing oled.o(i.OLED_GetPoint), (68 bytes).
    Removing oled.o(i.OLED_IsInAngle), (124 bytes).
    Removing oled.o(i.OLED_Pow), (20 bytes).
    Removing oled.o(i.OLED_Reverse), (52 bytes).
    Removing oled.o(i.OLED_ShowBinNum), (70 bytes).
    Removing oled.o(i.OLED_ShowFloatNum), (210 bytes).
    Removing oled.o(i.OLED_ShowHexNum), (96 bytes).
    Removing oled.o(i.OLED_ShowNum), (76 bytes).
    Removing oled.o(i.OLED_ShowSignedNum), (112 bytes).
    Removing oled.o(i.OLED_UpdateArea), (124 bytes).
    Removing oled.o(i.OLED_pnpoly), (140 bytes).
    Removing my_rtc.o(.rev16_text), (4 bytes).
    Removing my_rtc.o(.revsh_text), (4 bytes).
    Removing my_rtc.o(.rrx_text), (6 bytes).
    Removing key.o(.rev16_text), (4 bytes).
    Removing key.o(.revsh_text), (4 bytes).
    Removing key.o(.rrx_text), (6 bytes).
    Removing global.o(.rev16_text), (4 bytes).
    Removing global.o(.revsh_text), (4 bytes).
    Removing global.o(.rrx_text), (6 bytes).
    Removing settings.o(.rev16_text), (4 bytes).
    Removing settings.o(.revsh_text), (4 bytes).
    Removing settings.o(.rrx_text), (6 bytes).
    Removing settime.o(.rev16_text), (4 bytes).
    Removing settime.o(.revsh_text), (4 bytes).
    Removing settime.o(.rrx_text), (6 bytes).
    Removing setdate.o(.rev16_text), (4 bytes).
    Removing setdate.o(.revsh_text), (4 bytes).
    Removing setdate.o(.rrx_text), (6 bytes).
    Removing menu.o(.rev16_text), (4 bytes).
    Removing menu.o(.revsh_text), (4 bytes).
    Removing menu.o(.rrx_text), (6 bytes).
    Removing fadd.o(.text), (176 bytes).
    Removing fflti.o(.text), (18 bytes).
    Removing dflti.o(.text), (34 bytes).
    Removing dfltui.o(.text), (26 bytes).
    Removing dfixi.o(.text), (62 bytes).
    Removing dfixui.o(.text), (50 bytes).
    Removing cdcmple.o(.text), (48 bytes).
    Removing d2f.o(.text), (56 bytes).
    Removing cfcmple.o(.text), (20 bytes).
    Removing fepilogue.o(.text), (110 bytes).
    Removing dscalb.o(.text), (46 bytes).

480 unused section(s) (total 40880 bytes) removed from the image.

==============================================================================

Image Symbol Table

    Local Symbols

    Symbol Name                              Value     Ov Type        Size  Object(Section)

    ../Core/Src/gpio.c                       0x00000000   Number         0  gpio.o ABSOLUTE
    ../Core/Src/main.c                       0x00000000   Number         0  main.o ABSOLUTE
    ../Core/Src/rtc.c                        0x00000000   Number         0  rtc.o ABSOLUTE
    ../Core/Src/stm32f1xx_hal_msp.c          0x00000000   Number         0  stm32f1xx_hal_msp.o ABSOLUTE
    ../Core/Src/stm32f1xx_it.c               0x00000000   Number         0  stm32f1xx_it.o ABSOLUTE
    ../Core/Src/system_stm32f1xx.c           0x00000000   Number         0  system_stm32f1xx.o ABSOLUTE
    ../Core/Src/tim.c                        0x00000000   Number         0  tim.o ABSOLUTE
    ../Core/Src/usart.c                      0x00000000   Number         0  usart.o ABSOLUTE
    ../Drivers/STM32F1xx_HAL_Driver/Src/stm32f1xx_hal.c 0x00000000   Number         0  stm32f1xx_hal.o ABSOLUTE
    ../Drivers/STM32F1xx_HAL_Driver/Src/stm32f1xx_hal_cortex.c 0x00000000   Number         0  stm32f1xx_hal_cortex.o ABSOLUTE
    ../Drivers/STM32F1xx_HAL_Driver/Src/stm32f1xx_hal_dma.c 0x00000000   Number         0  stm32f1xx_hal_dma.o ABSOLUTE
    ../Drivers/STM32F1xx_HAL_Driver/Src/stm32f1xx_hal_exti.c 0x00000000   Number         0  stm32f1xx_hal_exti.o ABSOLUTE
    ../Drivers/STM32F1xx_HAL_Driver/Src/stm32f1xx_hal_flash.c 0x00000000   Number         0  stm32f1xx_hal_flash.o ABSOLUTE
    ../Drivers/STM32F1xx_HAL_Driver/Src/stm32f1xx_hal_flash_ex.c 0x00000000   Number         0  stm32f1xx_hal_flash_ex.o ABSOLUTE
    ../Drivers/STM32F1xx_HAL_Driver/Src/stm32f1xx_hal_gpio.c 0x00000000   Number         0  stm32f1xx_hal_gpio.o ABSOLUTE
    ../Drivers/STM32F1xx_HAL_Driver/Src/stm32f1xx_hal_gpio_ex.c 0x00000000   Number         0  stm32f1xx_hal_gpio_ex.o ABSOLUTE
    ../Drivers/STM32F1xx_HAL_Driver/Src/stm32f1xx_hal_pwr.c 0x00000000   Number         0  stm32f1xx_hal_pwr.o ABSOLUTE
    ../Drivers/STM32F1xx_HAL_Driver/Src/stm32f1xx_hal_rcc.c 0x00000000   Number         0  stm32f1xx_hal_rcc.o ABSOLUTE
    ../Drivers/STM32F1xx_HAL_Driver/Src/stm32f1xx_hal_rcc_ex.c 0x00000000   Number         0  stm32f1xx_hal_rcc_ex.o ABSOLUTE
    ../Drivers/STM32F1xx_HAL_Driver/Src/stm32f1xx_hal_rtc.c 0x00000000   Number         0  stm32f1xx_hal_rtc.o ABSOLUTE
    ../Drivers/STM32F1xx_HAL_Driver/Src/stm32f1xx_hal_rtc_ex.c 0x00000000   Number         0  stm32f1xx_hal_rtc_ex.o ABSOLUTE
    ../Drivers/STM32F1xx_HAL_Driver/Src/stm32f1xx_hal_tim.c 0x00000000   Number         0  stm32f1xx_hal_tim.o ABSOLUTE
    ../Drivers/STM32F1xx_HAL_Driver/Src/stm32f1xx_hal_tim_ex.c 0x00000000   Number         0  stm32f1xx_hal_tim_ex.o ABSOLUTE
    ../Drivers/STM32F1xx_HAL_Driver/Src/stm32f1xx_hal_uart.c 0x00000000   Number         0  stm32f1xx_hal_uart.o ABSOLUTE
    ../clib/microlib/division.c              0x00000000   Number         0  uidiv.o ABSOLUTE
    ../clib/microlib/division.c              0x00000000   Number         0  uldiv.o ABSOLUTE
    ../clib/microlib/errno.c                 0x00000000   Number         0  errno.o ABSOLUTE
    ../clib/microlib/init/entry.s            0x00000000   Number         0  entry9a.o ABSOLUTE
    ../clib/microlib/init/entry.s            0x00000000   Number         0  entry9b.o ABSOLUTE
    ../clib/microlib/init/entry.s            0x00000000   Number         0  entry10a.o ABSOLUTE
    ../clib/microlib/init/entry.s            0x00000000   Number         0  entry10b.o ABSOLUTE
    ../clib/microlib/init/entry.s            0x00000000   Number         0  entry.o ABSOLUTE
    ../clib/microlib/init/entry.s            0x00000000   Number         0  entry11b.o ABSOLUTE
    ../clib/microlib/init/entry.s            0x00000000   Number         0  entry11a.o ABSOLUTE
    ../clib/microlib/init/entry.s            0x00000000   Number         0  entry8b.o ABSOLUTE
    ../clib/microlib/init/entry.s            0x00000000   Number         0  entry7b.o ABSOLUTE
    ../clib/microlib/init/entry.s            0x00000000   Number         0  entry7a.o ABSOLUTE
    ../clib/microlib/init/entry.s            0x00000000   Number         0  entry5.o ABSOLUTE
    ../clib/microlib/init/entry.s            0x00000000   Number         0  entry2.o ABSOLUTE
    ../clib/microlib/init/entry.s            0x00000000   Number         0  entry8a.o ABSOLUTE
    ../clib/microlib/longlong.c              0x00000000   Number         0  llsshr.o ABSOLUTE
    ../clib/microlib/longlong.c              0x00000000   Number         0  llshl.o ABSOLUTE
    ../clib/microlib/longlong.c              0x00000000   Number         0  llushr.o ABSOLUTE
    ../clib/microlib/printf/printf.c         0x00000000   Number         0  printfa.o ABSOLUTE
    ../clib/microlib/stdio/streams.c         0x00000000   Number         0  stdout.o ABSOLUTE
    ../clib/microlib/string/memset.c         0x00000000   Number         0  memseta.o ABSOLUTE
    ../clib/microlib/string/strcmp.c         0x00000000   Number         0  strcmp.o ABSOLUTE
    ../clib/microlib/stubs.s                 0x00000000   Number         0  iusefp.o ABSOLUTE
    ../fplib/microlib/d2f.c                  0x00000000   Number         0  d2f.o ABSOLUTE
    ../fplib/microlib/fpadd.c                0x00000000   Number         0  dadd.o ABSOLUTE
    ../fplib/microlib/fpadd.c                0x00000000   Number         0  fadd.o ABSOLUTE
    ../fplib/microlib/fpdiv.c                0x00000000   Number         0  ddiv.o ABSOLUTE
    ../fplib/microlib/fpepilogue.c           0x00000000   Number         0  fepilogue.o ABSOLUTE
    ../fplib/microlib/fpepilogue.c           0x00000000   Number         0  depilogue.o ABSOLUTE
    ../fplib/microlib/fpfix.c                0x00000000   Number         0  dfixi.o ABSOLUTE
    ../fplib/microlib/fpfix.c                0x00000000   Number         0  dfixul.o ABSOLUTE
    ../fplib/microlib/fpfix.c                0x00000000   Number         0  dfixui.o ABSOLUTE
    ../fplib/microlib/fpflt.c                0x00000000   Number         0  fflti.o ABSOLUTE
    ../fplib/microlib/fpflt.c                0x00000000   Number         0  dflti.o ABSOLUTE
    ../fplib/microlib/fpflt.c                0x00000000   Number         0  dfltui.o ABSOLUTE
    ../fplib/microlib/fpmul.c                0x00000000   Number         0  dmul.o ABSOLUTE
    ../fplib/microlib/fpscalb.c              0x00000000   Number         0  dscalb.o ABSOLUTE
    ../mathlib/atan.c                        0x00000000   Number         0  atan.o ABSOLUTE
    ../mathlib/atan.c                        0x00000000   Number         0  atan_x.o ABSOLUTE
    ../mathlib/atan2.c                       0x00000000   Number         0  atan2.o ABSOLUTE
    ../mathlib/atan2.c                       0x00000000   Number         0  atan2_x.o ABSOLUTE
    ../mathlib/dunder.c                      0x00000000   Number         0  dunder.o ABSOLUTE
    ../mathlib/fpclassify.c                  0x00000000   Number         0  fpclassify.o ABSOLUTE
    ../mathlib/poly.c                        0x00000000   Number         0  poly.o ABSOLUTE
    ../mathlib/qnan.c                        0x00000000   Number         0  qnan.o ABSOLUTE
    ..\Core\Src\gpio.c                       0x00000000   Number         0  gpio.o ABSOLUTE
    ..\Core\Src\main.c                       0x00000000   Number         0  main.o ABSOLUTE
    ..\Core\Src\rtc.c                        0x00000000   Number         0  rtc.o ABSOLUTE
    ..\Core\Src\stm32f1xx_hal_msp.c          0x00000000   Number         0  stm32f1xx_hal_msp.o ABSOLUTE
    ..\Core\Src\stm32f1xx_it.c               0x00000000   Number         0  stm32f1xx_it.o ABSOLUTE
    ..\Core\Src\system_stm32f1xx.c           0x00000000   Number         0  system_stm32f1xx.o ABSOLUTE
    ..\Core\Src\tim.c                        0x00000000   Number         0  tim.o ABSOLUTE
    ..\Core\Src\usart.c                      0x00000000   Number         0  usart.o ABSOLUTE
    ..\Drivers\STM32F1xx_HAL_Driver\Src\stm32f1xx_hal.c 0x00000000   Number         0  stm32f1xx_hal.o ABSOLUTE
    ..\Drivers\STM32F1xx_HAL_Driver\Src\stm32f1xx_hal_cortex.c 0x00000000   Number         0  stm32f1xx_hal_cortex.o ABSOLUTE
    ..\Drivers\STM32F1xx_HAL_Driver\Src\stm32f1xx_hal_dma.c 0x00000000   Number         0  stm32f1xx_hal_dma.o ABSOLUTE
    ..\Drivers\STM32F1xx_HAL_Driver\Src\stm32f1xx_hal_exti.c 0x00000000   Number         0  stm32f1xx_hal_exti.o ABSOLUTE
    ..\Drivers\STM32F1xx_HAL_Driver\Src\stm32f1xx_hal_flash.c 0x00000000   Number         0  stm32f1xx_hal_flash.o ABSOLUTE
    ..\Drivers\STM32F1xx_HAL_Driver\Src\stm32f1xx_hal_flash_ex.c 0x00000000   Number         0  stm32f1xx_hal_flash_ex.o ABSOLUTE
    ..\Drivers\STM32F1xx_HAL_Driver\Src\stm32f1xx_hal_gpio.c 0x00000000   Number         0  stm32f1xx_hal_gpio.o ABSOLUTE
    ..\Drivers\STM32F1xx_HAL_Driver\Src\stm32f1xx_hal_gpio_ex.c 0x00000000   Number         0  stm32f1xx_hal_gpio_ex.o ABSOLUTE
    ..\Drivers\STM32F1xx_HAL_Driver\Src\stm32f1xx_hal_pwr.c 0x00000000   Number         0  stm32f1xx_hal_pwr.o ABSOLUTE
    ..\Drivers\STM32F1xx_HAL_Driver\Src\stm32f1xx_hal_rcc.c 0x00000000   Number         0  stm32f1xx_hal_rcc.o ABSOLUTE
    ..\Drivers\STM32F1xx_HAL_Driver\Src\stm32f1xx_hal_rcc_ex.c 0x00000000   Number         0  stm32f1xx_hal_rcc_ex.o ABSOLUTE
    ..\Drivers\STM32F1xx_HAL_Driver\Src\stm32f1xx_hal_rtc.c 0x00000000   Number         0  stm32f1xx_hal_rtc.o ABSOLUTE
    ..\Drivers\STM32F1xx_HAL_Driver\Src\stm32f1xx_hal_rtc_ex.c 0x00000000   Number         0  stm32f1xx_hal_rtc_ex.o ABSOLUTE
    ..\Drivers\STM32F1xx_HAL_Driver\Src\stm32f1xx_hal_tim.c 0x00000000   Number         0  stm32f1xx_hal_tim.o ABSOLUTE
    ..\Drivers\STM32F1xx_HAL_Driver\Src\stm32f1xx_hal_tim_ex.c 0x00000000   Number         0  stm32f1xx_hal_tim_ex.o ABSOLUTE
    ..\Drivers\STM32F1xx_HAL_Driver\Src\stm32f1xx_hal_uart.c 0x00000000   Number         0  stm32f1xx_hal_uart.o ABSOLUTE
    ..\\int\\GLOBAL.c                        0x00000000   Number         0  global.o ABSOLUTE
    ..\\int\\KEY.c                           0x00000000   Number         0  key.o ABSOLUTE
    ..\\int\\MY_RTC.c                        0x00000000   Number         0  my_rtc.o ABSOLUTE
    ..\\int\\OLED.c                          0x00000000   Number         0  oled.o ABSOLUTE
    ..\\int\\SetDate.c                       0x00000000   Number         0  setdate.o ABSOLUTE
    ..\\int\\SetTime.c                       0x00000000   Number         0  settime.o ABSOLUTE
    ..\\int\\Settings.c                      0x00000000   Number         0  settings.o ABSOLUTE
    ..\\int\\menu.c                          0x00000000   Number         0  menu.o ABSOLUTE
    ..\int\GLOBAL.c                          0x00000000   Number         0  global.o ABSOLUTE
    ..\int\KEY.c                             0x00000000   Number         0  key.o ABSOLUTE
    ..\int\MY_RTC.c                          0x00000000   Number         0  my_rtc.o ABSOLUTE
    ..\int\OLED.c                            0x00000000   Number         0  oled.o ABSOLUTE
    ..\int\OLED_Data.c                       0x00000000   Number         0  oled_data.o ABSOLUTE
    ..\int\SetDate.c                         0x00000000   Number         0  setdate.o ABSOLUTE
    ..\int\SetTime.c                         0x00000000   Number         0  settime.o ABSOLUTE
    ..\int\Settings.c                        0x00000000   Number         0  settings.o ABSOLUTE
    ..\int\menu.c                            0x00000000   Number         0  menu.o ABSOLUTE
    cdcmple.s                                0x00000000   Number         0  cdcmple.o ABSOLUTE
    cdrcmple.s                               0x00000000   Number         0  cdrcmple.o ABSOLUTE
    cfcmple.s                                0x00000000   Number         0  cfcmple.o ABSOLUTE
    dc.s                                     0x00000000   Number         0  dc.o ABSOLUTE
    handlers.s                               0x00000000   Number         0  handlers.o ABSOLUTE
    init.s                                   0x00000000   Number         0  init.o ABSOLUTE
    startup_stm32f103xb.s                    0x00000000   Number         0  startup_stm32f103xb.o ABSOLUTE
    RESET                                    0x08000000   Section      236  startup_stm32f103xb.o(RESET)
    .ARM.Collect$$$$00000000                 0x080000ec   Section        0  entry.o(.ARM.Collect$$$$00000000)
    .ARM.Collect$$$$00000001                 0x080000ec   Section        4  entry2.o(.ARM.Collect$$$$00000001)
    .ARM.Collect$$$$00000004                 0x080000f0   Section        4  entry5.o(.ARM.Collect$$$$00000004)
    .ARM.Collect$$$$00000008                 0x080000f4   Section        0  entry7b.o(.ARM.Collect$$$$00000008)
    .ARM.Collect$$$$0000000A                 0x080000f4   Section        0  entry8b.o(.ARM.Collect$$$$0000000A)
    .ARM.Collect$$$$0000000B                 0x080000f4   Section        8  entry9a.o(.ARM.Collect$$$$0000000B)
    .ARM.Collect$$$$0000000D                 0x080000fc   Section        0  entry10a.o(.ARM.Collect$$$$0000000D)
    .ARM.Collect$$$$0000000F                 0x080000fc   Section        0  entry11a.o(.ARM.Collect$$$$0000000F)
    .ARM.Collect$$$$00002712                 0x080000fc   Section        4  entry2.o(.ARM.Collect$$$$00002712)
    __lit__00000000                          0x080000fc   Data           4  entry2.o(.ARM.Collect$$$$00002712)
    .text                                    0x08000100   Section       36  startup_stm32f103xb.o(.text)
    .text                                    0x08000124   Section        0  llushr.o(.text)
    .text                                    0x08000144   Section        0  memseta.o(.text)
    .text                                    0x08000168   Section        0  strcmp.o(.text)
    .text                                    0x08000184   Section        0  dadd.o(.text)
    .text                                    0x080002d2   Section        0  dmul.o(.text)
    .text                                    0x080003b6   Section        0  ddiv.o(.text)
    .text                                    0x08000494   Section       48  cdrcmple.o(.text)
    .text                                    0x080004c4   Section        0  uidiv.o(.text)
    .text                                    0x080004f0   Section        0  uldiv.o(.text)
    .text                                    0x08000552   Section        0  llshl.o(.text)
    .text                                    0x08000570   Section        0  llsshr.o(.text)
    .text                                    0x08000594   Section        0  depilogue.o(.text)
    .text                                    0x08000594   Section        0  iusefp.o(.text)
    .text                                    0x0800064e   Section        0  dfixul.o(.text)
    .text                                    0x08000680   Section       36  init.o(.text)
    i.BusFault_Handler                       0x080006a4   Section        0  stm32f1xx_it.o(i.BusFault_Handler)
    i.DebugMon_Handler                       0x080006a8   Section        0  stm32f1xx_it.o(i.DebugMon_Handler)
    i.Error_Handler                          0x080006aa   Section        0  main.o(i.Error_Handler)
    i.GLOBAL_Exit                            0x080006b0   Section        0  global.o(i.GLOBAL_Exit)
    i.GLOBAL_Loop                            0x08000708   Section        0  global.o(i.GLOBAL_Loop)
    i.GLOBAL_init                            0x08000760   Section        0  global.o(i.GLOBAL_init)
    i.HAL_GPIO_Init                          0x080007b8   Section        0  stm32f1xx_hal_gpio.o(i.HAL_GPIO_Init)
    i.HAL_GPIO_ReadPin                       0x08000ad8   Section        0  stm32f1xx_hal_gpio.o(i.HAL_GPIO_ReadPin)
    i.HAL_GPIO_WritePin                      0x08000ae8   Section        0  stm32f1xx_hal_gpio.o(i.HAL_GPIO_WritePin)
    i.HAL_GetTick                            0x08000af4   Section        0  stm32f1xx_hal.o(i.HAL_GetTick)
    i.HAL_IncTick                            0x08000b00   Section        0  stm32f1xx_hal.o(i.HAL_IncTick)
    i.HAL_Init                               0x08000b18   Section        0  stm32f1xx_hal.o(i.HAL_Init)
    i.HAL_InitTick                           0x08000b40   Section        0  stm32f1xx_hal.o(i.HAL_InitTick)
    i.HAL_MspInit                            0x08000b8c   Section        0  stm32f1xx_hal_msp.o(i.HAL_MspInit)
    i.HAL_NVIC_EnableIRQ                     0x08000be0   Section        0  stm32f1xx_hal_cortex.o(i.HAL_NVIC_EnableIRQ)
    i.HAL_NVIC_SetPriority                   0x08000c00   Section        0  stm32f1xx_hal_cortex.o(i.HAL_NVIC_SetPriority)
    i.HAL_NVIC_SetPriorityGrouping           0x08000c7c   Section        0  stm32f1xx_hal_cortex.o(i.HAL_NVIC_SetPriorityGrouping)
    i.HAL_PWR_EnableBkUpAccess               0x08000ca4   Section        0  stm32f1xx_hal_pwr.o(i.HAL_PWR_EnableBkUpAccess)
    i.HAL_RCCEx_GetPeriphCLKFreq             0x08000cb0   Section        0  stm32f1xx_hal_rcc_ex.o(i.HAL_RCCEx_GetPeriphCLKFreq)
    i.HAL_RCCEx_PeriphCLKConfig              0x08000dac   Section        0  stm32f1xx_hal_rcc_ex.o(i.HAL_RCCEx_PeriphCLKConfig)
    i.HAL_RCC_ClockConfig                    0x08000edc   Section        0  stm32f1xx_hal_rcc.o(i.HAL_RCC_ClockConfig)
    i.HAL_RCC_GetHCLKFreq                    0x08001068   Section        0  stm32f1xx_hal_rcc.o(i.HAL_RCC_GetHCLKFreq)
    i.HAL_RCC_GetPCLK1Freq                   0x08001074   Section        0  stm32f1xx_hal_rcc.o(i.HAL_RCC_GetPCLK1Freq)
    i.HAL_RCC_GetPCLK2Freq                   0x08001094   Section        0  stm32f1xx_hal_rcc.o(i.HAL_RCC_GetPCLK2Freq)
    i.HAL_RCC_GetSysClockFreq                0x080010b4   Section        0  stm32f1xx_hal_rcc.o(i.HAL_RCC_GetSysClockFreq)
    i.HAL_RCC_OscConfig                      0x08001124   Section        0  stm32f1xx_hal_rcc.o(i.HAL_RCC_OscConfig)
    i.HAL_RTC_GetDate                        0x08001588   Section        0  stm32f1xx_hal_rtc.o(i.HAL_RTC_GetDate)
    i.HAL_RTC_GetTime                        0x080015da   Section        0  stm32f1xx_hal_rtc.o(i.HAL_RTC_GetTime)
    i.HAL_RTC_Init                           0x080016e0   Section        0  stm32f1xx_hal_rtc.o(i.HAL_RTC_Init)
    i.HAL_RTC_MspInit                        0x080017a0   Section        0  rtc.o(i.HAL_RTC_MspInit)
    i.HAL_RTC_SetDate                        0x080017e0   Section        0  stm32f1xx_hal_rtc.o(i.HAL_RTC_SetDate)
    i.HAL_RTC_SetTime                        0x080018d8   Section        0  stm32f1xx_hal_rtc.o(i.HAL_RTC_SetTime)
    i.HAL_RTC_WaitForSynchro                 0x080019b4   Section        0  stm32f1xx_hal_rtc.o(i.HAL_RTC_WaitForSynchro)
    i.HAL_SYSTICK_Config                     0x080019f4   Section        0  stm32f1xx_hal_cortex.o(i.HAL_SYSTICK_Config)
    i.HAL_TIMEx_BreakCallback                0x08001a28   Section        0  stm32f1xx_hal_tim_ex.o(i.HAL_TIMEx_BreakCallback)
    i.HAL_TIMEx_CommutCallback               0x08001a2a   Section        0  stm32f1xx_hal_tim_ex.o(i.HAL_TIMEx_CommutCallback)
    i.HAL_TIMEx_MasterConfigSynchronization  0x08001a2c   Section        0  stm32f1xx_hal_tim_ex.o(i.HAL_TIMEx_MasterConfigSynchronization)
    i.HAL_TIM_Base_Init                      0x08001ab0   Section        0  stm32f1xx_hal_tim.o(i.HAL_TIM_Base_Init)
    i.HAL_TIM_Base_MspInit                   0x08001b18   Section        0  tim.o(i.HAL_TIM_Base_MspInit)
    i.HAL_TIM_Base_Start_IT                  0x08001b58   Section        0  stm32f1xx_hal_tim.o(i.HAL_TIM_Base_Start_IT)
    i.HAL_TIM_ConfigClockSource              0x08001bd0   Section        0  stm32f1xx_hal_tim.o(i.HAL_TIM_ConfigClockSource)
    i.HAL_TIM_IC_CaptureCallback             0x08001cdc   Section        0  stm32f1xx_hal_tim.o(i.HAL_TIM_IC_CaptureCallback)
    i.HAL_TIM_IRQHandler                     0x08001cde   Section        0  stm32f1xx_hal_tim.o(i.HAL_TIM_IRQHandler)
    i.HAL_TIM_OC_DelayElapsedCallback        0x08001e4a   Section        0  stm32f1xx_hal_tim.o(i.HAL_TIM_OC_DelayElapsedCallback)
    i.HAL_TIM_PWM_PulseFinishedCallback      0x08001e4c   Section        0  stm32f1xx_hal_tim.o(i.HAL_TIM_PWM_PulseFinishedCallback)
    i.HAL_TIM_PeriodElapsedCallback          0x08001e50   Section        0  key.o(i.HAL_TIM_PeriodElapsedCallback)
    i.HAL_TIM_TriggerCallback                0x08001e64   Section        0  stm32f1xx_hal_tim.o(i.HAL_TIM_TriggerCallback)
    i.HAL_UART_Init                          0x08001e66   Section        0  stm32f1xx_hal_uart.o(i.HAL_UART_Init)
    i.HAL_UART_MspInit                       0x08001edc   Section        0  usart.o(i.HAL_UART_MspInit)
    i.HardFault_Handler                      0x08001f64   Section        0  stm32f1xx_it.o(i.HardFault_Handler)
    i.KEY_Check                              0x08001f68   Section        0  key.o(i.KEY_Check)
    i.KEY_State                              0x08001f8c   Section        0  key.o(i.KEY_State)
    i.MX_GPIO_Init                           0x08001fd8   Section        0  gpio.o(i.MX_GPIO_Init)
    i.MX_RTC_Init                            0x08002098   Section        0  rtc.o(i.MX_RTC_Init)
    i.MX_TIM2_Init                           0x08002110   Section        0  tim.o(i.MX_TIM2_Init)
    i.MX_USART1_UART_Init                    0x0800217c   Section        0  usart.o(i.MX_USART1_UART_Init)
    i.MemManage_Handler                      0x080021b4   Section        0  stm32f1xx_it.o(i.MemManage_Handler)
    i.NMI_Handler                            0x080021b8   Section        0  stm32f1xx_it.o(i.NMI_Handler)
    i.OLED_Clear                             0x080021bc   Section        0  oled.o(i.OLED_Clear)
    i.OLED_ClearArea                         0x080021e4   Section        0  oled.o(i.OLED_ClearArea)
    i.OLED_I2C_SendByte                      0x0800228c   Section        0  oled.o(i.OLED_I2C_SendByte)
    i.OLED_I2C_Start                         0x080022ca   Section        0  oled.o(i.OLED_I2C_Start)
    i.OLED_I2C_Stop                          0x080022e6   Section        0  oled.o(i.OLED_I2C_Stop)
    i.OLED_Init                              0x080022fc   Section        0  oled.o(i.OLED_Init)
    i.OLED_Printf                            0x0800238a   Section        0  oled.o(i.OLED_Printf)
    i.OLED_ReverseArea                       0x080023bc   Section        0  oled.o(i.OLED_ReverseArea)
    i.OLED_SetCursor                         0x08002464   Section        0  oled.o(i.OLED_SetCursor)
    i.OLED_ShowChar                          0x08002488   Section        0  oled.o(i.OLED_ShowChar)
    i.OLED_ShowChinese                       0x08002500   Section        0  oled.o(i.OLED_ShowChinese)
    i.OLED_ShowImage                         0x08002598   Section        0  oled.o(i.OLED_ShowImage)
    i.OLED_ShowString                        0x080026c4   Section        0  oled.o(i.OLED_ShowString)
    i.OLED_Update                            0x080026f4   Section        0  oled.o(i.OLED_Update)
    i.OLED_W_SCL                             0x0800271c   Section        0  oled.o(i.OLED_W_SCL)
    i.OLED_W_SDA                             0x08002734   Section        0  oled.o(i.OLED_W_SDA)
    i.OLED_WriteCommand                      0x0800274c   Section        0  oled.o(i.OLED_WriteCommand)
    i.OLED_WriteData                         0x0800276c   Section        0  oled.o(i.OLED_WriteData)
    i.PendSV_Handler                         0x0800279a   Section        0  stm32f1xx_it.o(i.PendSV_Handler)
    i.RCC_Delay                              0x0800279c   Section        0  stm32f1xx_hal_rcc.o(i.RCC_Delay)
    RCC_Delay                                0x0800279d   Thumb Code    36  stm32f1xx_hal_rcc.o(i.RCC_Delay)
    i.RTC_Bcd2ToByte                         0x080027c4   Section        0  stm32f1xx_hal_rtc.o(i.RTC_Bcd2ToByte)
    RTC_Bcd2ToByte                           0x080027c5   Thumb Code    22  stm32f1xx_hal_rtc.o(i.RTC_Bcd2ToByte)
    i.RTC_ByteToBcd2                         0x080027da   Section        0  stm32f1xx_hal_rtc.o(i.RTC_ByteToBcd2)
    RTC_ByteToBcd2                           0x080027db   Thumb Code    26  stm32f1xx_hal_rtc.o(i.RTC_ByteToBcd2)
    i.RTC_DateUpdate                         0x080027f4   Section        0  stm32f1xx_hal_rtc.o(i.RTC_DateUpdate)
    RTC_DateUpdate                           0x080027f5   Thumb Code   182  stm32f1xx_hal_rtc.o(i.RTC_DateUpdate)
    i.RTC_EnterInitMode                      0x080028aa   Section        0  stm32f1xx_hal_rtc.o(i.RTC_EnterInitMode)
    RTC_EnterInitMode                        0x080028ab   Thumb Code    58  stm32f1xx_hal_rtc.o(i.RTC_EnterInitMode)
    i.RTC_ExitInitMode                       0x080028e4   Section        0  stm32f1xx_hal_rtc.o(i.RTC_ExitInitMode)
    RTC_ExitInitMode                         0x080028e5   Thumb Code    58  stm32f1xx_hal_rtc.o(i.RTC_ExitInitMode)
    i.RTC_IsLeapYear                         0x0800291e   Section        0  stm32f1xx_hal_rtc.o(i.RTC_IsLeapYear)
    RTC_IsLeapYear                           0x0800291f   Thumb Code    50  stm32f1xx_hal_rtc.o(i.RTC_IsLeapYear)
    i.RTC_ReadAlarmCounter                   0x08002950   Section        0  stm32f1xx_hal_rtc.o(i.RTC_ReadAlarmCounter)
    RTC_ReadAlarmCounter                     0x08002951   Thumb Code    24  stm32f1xx_hal_rtc.o(i.RTC_ReadAlarmCounter)
    i.RTC_ReadTimeCounter                    0x08002968   Section        0  stm32f1xx_hal_rtc.o(i.RTC_ReadTimeCounter)
    RTC_ReadTimeCounter                      0x08002969   Thumb Code    52  stm32f1xx_hal_rtc.o(i.RTC_ReadTimeCounter)
    i.RTC_WeekDayNum                         0x0800299c   Section        0  stm32f1xx_hal_rtc.o(i.RTC_WeekDayNum)
    RTC_WeekDayNum                           0x0800299d   Thumb Code   132  stm32f1xx_hal_rtc.o(i.RTC_WeekDayNum)
    i.RTC_WriteAlarmCounter                  0x08002a20   Section        0  stm32f1xx_hal_rtc.o(i.RTC_WriteAlarmCounter)
    RTC_WriteAlarmCounter                    0x08002a21   Thumb Code    46  stm32f1xx_hal_rtc.o(i.RTC_WriteAlarmCounter)
    i.RTC_WriteTimeCounter                   0x08002a4e   Section        0  stm32f1xx_hal_rtc.o(i.RTC_WriteTimeCounter)
    RTC_WriteTimeCounter                     0x08002a4f   Thumb Code    46  stm32f1xx_hal_rtc.o(i.RTC_WriteTimeCounter)
    i.SVC_Handler                            0x08002a7c   Section        0  stm32f1xx_it.o(i.SVC_Handler)
    i.SetDA_Exit                             0x08002a7e   Section        0  setdate.o(i.SetDA_Exit)
    i.SetDA_Init                             0x08002a8a   Section        0  setdate.o(i.SetDA_Init)
    i.SetDA_Loop                             0x08002aa4   Section        0  setdate.o(i.SetDA_Loop)
    i.SetDate_Exit                           0x08002b28   Section        0  setdate.o(i.SetDate_Exit)
    i.SetDate_Init                           0x08002b34   Section        0  setdate.o(i.SetDate_Init)
    i.SetDate_Loop                           0x08002b4c   Section        0  setdate.o(i.SetDate_Loop)
    i.SetDate_UI                             0x08002c44   Section        0  setdate.o(i.SetDate_UI)
    i.SetHours_Exit                          0x08002ce0   Section        0  settime.o(i.SetHours_Exit)
    i.SetHours_Init                          0x08002cec   Section        0  settime.o(i.SetHours_Init)
    i.SetHours_Loop                          0x08002d04   Section        0  settime.o(i.SetHours_Loop)
    i.SetMin_Exit                            0x08002d90   Section        0  settime.o(i.SetMin_Exit)
    i.SetMin_Init                            0x08002d9c   Section        0  settime.o(i.SetMin_Init)
    i.SetMin_Loop                            0x08002db4   Section        0  settime.o(i.SetMin_Loop)
    i.SetMonth_Exit                          0x08002e40   Section        0  setdate.o(i.SetMonth_Exit)
    i.SetMonth_Init                          0x08002e4c   Section        0  setdate.o(i.SetMonth_Init)
    i.SetMonth_Loop                          0x08002e64   Section        0  setdate.o(i.SetMonth_Loop)
    i.SetTime_Exit                           0x08002ee8   Section        0  settime.o(i.SetTime_Exit)
    i.SetTime_Init                           0x08002ef4   Section        0  settime.o(i.SetTime_Init)
    i.SetTime_Loop                           0x08002f0c   Section        0  settime.o(i.SetTime_Loop)
    i.SetTime_UI                             0x08002fe0   Section        0  settime.o(i.SetTime_UI)
    i.SetYear_Exit                           0x08003054   Section        0  setdate.o(i.SetYear_Exit)
    i.SetYear_Init                           0x08003060   Section        0  setdate.o(i.SetYear_Init)
    i.SetYear_Loop                           0x08003078   Section        0  setdate.o(i.SetYear_Loop)
    i.Settings_Exit                          0x080030fc   Section        0  settings.o(i.Settings_Exit)
    i.Settings_Init                          0x08003108   Section        0  settings.o(i.Settings_Init)
    i.Settings_Loop                          0x08003120   Section        0  settings.o(i.Settings_Loop)
    i.Settings_UI                            0x080031f4   Section        0  settings.o(i.Settings_UI)
    i.SysTick_Handler                        0x08003230   Section        0  stm32f1xx_it.o(i.SysTick_Handler)
    i.SystemClock_Config                     0x08003238   Section        0  main.o(i.SystemClock_Config)
    i.SystemInit                             0x080032c0   Section        0  system_stm32f1xx.o(i.SystemInit)
    i.TIM2_IRQHandler                        0x080032c4   Section        0  stm32f1xx_it.o(i.TIM2_IRQHandler)
    i.TIM_Base_SetConfig                     0x080032d4   Section        0  stm32f1xx_hal_tim.o(i.TIM_Base_SetConfig)
    i.TIM_ETR_SetConfig                      0x08003358   Section        0  stm32f1xx_hal_tim.o(i.TIM_ETR_SetConfig)
    i.TIM_ITRx_SetConfig                     0x0800336e   Section        0  stm32f1xx_hal_tim.o(i.TIM_ITRx_SetConfig)
    TIM_ITRx_SetConfig                       0x0800336f   Thumb Code    18  stm32f1xx_hal_tim.o(i.TIM_ITRx_SetConfig)
    i.TIM_TI1_ConfigInputStage               0x08003380   Section        0  stm32f1xx_hal_tim.o(i.TIM_TI1_ConfigInputStage)
    TIM_TI1_ConfigInputStage                 0x08003381   Thumb Code    38  stm32f1xx_hal_tim.o(i.TIM_TI1_ConfigInputStage)
    i.TIM_TI2_ConfigInputStage               0x080033a6   Section        0  stm32f1xx_hal_tim.o(i.TIM_TI2_ConfigInputStage)
    TIM_TI2_ConfigInputStage                 0x080033a7   Thumb Code    40  stm32f1xx_hal_tim.o(i.TIM_TI2_ConfigInputStage)
    i.TIM_Tick                               0x080033d0   Section        0  key.o(i.TIM_Tick)
    i.TIM_UI                                 0x08003648   Section        0  my_rtc.o(i.TIM_UI)
    i.Tim_Exit                               0x080036ec   Section        0  my_rtc.o(i.Tim_Exit)
    i.Tim_Init                               0x080036f8   Section        0  my_rtc.o(i.Tim_Init)
    i.Tim_Loop                               0x08003710   Section        0  my_rtc.o(i.Tim_Loop)
    i.UART_SetConfig                         0x080037b8   Section        0  stm32f1xx_hal_uart.o(i.UART_SetConfig)
    UART_SetConfig                           0x080037b9   Thumb Code   248  stm32f1xx_hal_uart.o(i.UART_SetConfig)
    i.UsageFault_Handler                     0x080038b4   Section        0  stm32f1xx_it.o(i.UsageFault_Handler)
    i.__0vsprintf                            0x080038b8   Section        0  printfa.o(i.__0vsprintf)
    i.__NVIC_GetPriorityGrouping             0x080038dc   Section        0  stm32f1xx_hal_cortex.o(i.__NVIC_GetPriorityGrouping)
    __NVIC_GetPriorityGrouping               0x080038dd   Thumb Code    10  stm32f1xx_hal_cortex.o(i.__NVIC_GetPriorityGrouping)
    i.__NVIC_SetPriority                     0x080038ec   Section        0  stm32f1xx_hal_cortex.o(i.__NVIC_SetPriority)
    __NVIC_SetPriority                       0x080038ed   Thumb Code    32  stm32f1xx_hal_cortex.o(i.__NVIC_SetPriority)
    i.__scatterload_copy                     0x08003914   Section       14  handlers.o(i.__scatterload_copy)
    i.__scatterload_null                     0x08003922   Section        2  handlers.o(i.__scatterload_null)
    i.__scatterload_zeroinit                 0x08003924   Section       14  handlers.o(i.__scatterload_zeroinit)
    i._fp_digits                             0x08003934   Section        0  printfa.o(i._fp_digits)
    _fp_digits                               0x08003935   Thumb Code   366  printfa.o(i._fp_digits)
    i._printf_core                           0x08003ab8   Section        0  printfa.o(i._printf_core)
    _printf_core                             0x08003ab9   Thumb Code  1744  printfa.o(i._printf_core)
    i._printf_post_padding                   0x08004194   Section        0  printfa.o(i._printf_post_padding)
    _printf_post_padding                     0x08004195   Thumb Code    36  printfa.o(i._printf_post_padding)
    i._printf_pre_padding                    0x080041b8   Section        0  printfa.o(i._printf_pre_padding)
    _printf_pre_padding                      0x080041b9   Thumb Code    46  printfa.o(i._printf_pre_padding)
    i._sputc                                 0x080041e6   Section        0  printfa.o(i._sputc)
    _sputc                                   0x080041e7   Thumb Code    10  printfa.o(i._sputc)
    i.main                                   0x080041f0   Section        0  main.o(i.main)
    i.menu_Exit                              0x08004250   Section        0  menu.o(i.menu_Exit)
    i.menu_Init                              0x0800425c   Section        0  menu.o(i.menu_Init)
    i.menu_Loop                              0x08004268   Section        0  menu.o(i.menu_Loop)
    i.menu_UI                                0x08004330   Section        0  menu.o(i.menu_UI)
    i.move_start                             0x08004424   Section        0  menu.o(i.move_start)
    .constdata                               0x080044ec   Section       18  stm32f1xx_hal_rcc.o(.constdata)
    aPLLMULFactorTable                       0x080044ec   Data          16  stm32f1xx_hal_rcc.o(.constdata)
    aPredivFactorTable                       0x080044fc   Data           2  stm32f1xx_hal_rcc.o(.constdata)
    .constdata                               0x080044fe   Section       18  stm32f1xx_hal_rcc_ex.o(.constdata)
    aPLLMULFactorTable                       0x080044fe   Data          16  stm32f1xx_hal_rcc_ex.o(.constdata)
    aPredivFactorTable                       0x0800450e   Data           2  stm32f1xx_hal_rcc_ex.o(.constdata)
    .constdata                               0x08004510   Section       24  system_stm32f1xx.o(.constdata)
    .constdata                               0x08004528   Section     6982  oled_data.o(.constdata)
    .data                                    0x20000000   Section        2  main.o(.data)
    .data                                    0x20000004   Section        9  stm32f1xx_hal.o(.data)
    .data                                    0x20000010   Section        4  system_stm32f1xx.o(.data)
    .data                                    0x20000014   Section        8  my_rtc.o(.data)
    TIM                                      0x20000014   Data           3  my_rtc.o(.data)
    Date                                     0x20000017   Data           4  my_rtc.o(.data)
    flag                                     0x2000001b   Data           1  my_rtc.o(.data)
    .data                                    0x2000001c   Section       20  key.o(.data)
    KEY_Flag                                 0x2000001c   Data           3  key.o(.data)
    Count                                    0x2000001f   Data           1  key.o(.data)
    i                                        0x20000020   Data           1  key.o(.data)
    CurrState                                0x20000021   Data           3  key.o(.data)
    PrevState                                0x20000024   Data           3  key.o(.data)
    S                                        0x20000027   Data           3  key.o(.data)
    NUM                                      0x2000002a   Data           6  key.o(.data)
    .data                                    0x20000030   Section        1  settings.o(.data)
    flag                                     0x20000030   Data           1  settings.o(.data)
    .data                                    0x20000031   Section        4  settime.o(.data)
    TIM                                      0x20000031   Data           3  settime.o(.data)
    flag                                     0x20000034   Data           1  settime.o(.data)
    .data                                    0x20000035   Section        5  setdate.o(.data)
    Date                                     0x20000035   Data           4  setdate.o(.data)
    flag                                     0x20000039   Data           1  setdate.o(.data)
    .data                                    0x2000003a   Section        7  menu.o(.data)
    flag                                     0x20000040   Data           1  menu.o(.data)
    .bss                                     0x20000044   Section       20  rtc.o(.bss)
    .bss                                     0x20000058   Section       72  tim.o(.bss)
    .bss                                     0x200000a0   Section       72  usart.o(.bss)
    .bss                                     0x200000e8   Section     1024  oled.o(.bss)
    STACK                                    0x200004e8   Section     1024  startup_stm32f103xb.o(STACK)

    Global Symbols

    Symbol Name                              Value     Ov Type        Size  Object(Section)

    BuildAttributes$$THM_ISAv4$P$D$K$B$S$PE$A:L22UL41UL21$X:L11$S22US41US21$IEEE1$IW$USESV6$~STKCKD$USESV7$~SHL$OTIME$ROPI$IEEEX$EBA8$MICROLIB$REQ8$PRES8$EABIv2 0x00000000   Number         0  anon$$obj.o ABSOLUTE
    __ARM_use_no_argv                        0x00000000   Number         0  main.o ABSOLUTE
    __cpp_initialize__aeabi_                  - Undefined Weak Reference
    __cxa_finalize                            - Undefined Weak Reference
    __decompress                              - Undefined Weak Reference
    _clock_init                               - Undefined Weak Reference
    _microlib_exit                            - Undefined Weak Reference
    __Vectors_Size                           0x000000ec   Number         0  startup_stm32f103xb.o ABSOLUTE
    __Vectors                                0x08000000   Data           4  startup_stm32f103xb.o(RESET)
    __Vectors_End                            0x080000ec   Data           0  startup_stm32f103xb.o(RESET)
    __main                                   0x080000ed   Thumb Code     0  entry.o(.ARM.Collect$$$$00000000)
    _main_stk                                0x080000ed   Thumb Code     0  entry2.o(.ARM.Collect$$$$00000001)
    _main_scatterload                        0x080000f1   Thumb Code     0  entry5.o(.ARM.Collect$$$$00000004)
    __main_after_scatterload                 0x080000f5   Thumb Code     0  entry5.o(.ARM.Collect$$$$00000004)
    _main_clock                              0x080000f5   Thumb Code     0  entry7b.o(.ARM.Collect$$$$00000008)
    _main_cpp_init                           0x080000f5   Thumb Code     0  entry8b.o(.ARM.Collect$$$$0000000A)
    _main_init                               0x080000f5   Thumb Code     0  entry9a.o(.ARM.Collect$$$$0000000B)
    __rt_final_cpp                           0x080000fd   Thumb Code     0  entry10a.o(.ARM.Collect$$$$0000000D)
    __rt_final_exit                          0x080000fd   Thumb Code     0  entry11a.o(.ARM.Collect$$$$0000000F)
    Reset_Handler                            0x08000101   Thumb Code     8  startup_stm32f103xb.o(.text)
    ADC1_2_IRQHandler                        0x0800011b   Thumb Code     0  startup_stm32f103xb.o(.text)
    CAN1_RX1_IRQHandler                      0x0800011b   Thumb Code     0  startup_stm32f103xb.o(.text)
    CAN1_SCE_IRQHandler                      0x0800011b   Thumb Code     0  startup_stm32f103xb.o(.text)
    DMA1_Channel1_IRQHandler                 0x0800011b   Thumb Code     0  startup_stm32f103xb.o(.text)
    DMA1_Channel2_IRQHandler                 0x0800011b   Thumb Code     0  startup_stm32f103xb.o(.text)
    DMA1_Channel3_IRQHandler                 0x0800011b   Thumb Code     0  startup_stm32f103xb.o(.text)
    DMA1_Channel4_IRQHandler                 0x0800011b   Thumb Code     0  startup_stm32f103xb.o(.text)
    DMA1_Channel5_IRQHandler                 0x0800011b   Thumb Code     0  startup_stm32f103xb.o(.text)
    DMA1_Channel6_IRQHandler                 0x0800011b   Thumb Code     0  startup_stm32f103xb.o(.text)
    DMA1_Channel7_IRQHandler                 0x0800011b   Thumb Code     0  startup_stm32f103xb.o(.text)
    EXTI0_IRQHandler                         0x0800011b   Thumb Code     0  startup_stm32f103xb.o(.text)
    EXTI15_10_IRQHandler                     0x0800011b   Thumb Code     0  startup_stm32f103xb.o(.text)
    EXTI1_IRQHandler                         0x0800011b   Thumb Code     0  startup_stm32f103xb.o(.text)
    EXTI2_IRQHandler                         0x0800011b   Thumb Code     0  startup_stm32f103xb.o(.text)
    EXTI3_IRQHandler                         0x0800011b   Thumb Code     0  startup_stm32f103xb.o(.text)
    EXTI4_IRQHandler                         0x0800011b   Thumb Code     0  startup_stm32f103xb.o(.text)
    EXTI9_5_IRQHandler                       0x0800011b   Thumb Code     0  startup_stm32f103xb.o(.text)
    FLASH_IRQHandler                         0x0800011b   Thumb Code     0  startup_stm32f103xb.o(.text)
    I2C1_ER_IRQHandler                       0x0800011b   Thumb Code     0  startup_stm32f103xb.o(.text)
    I2C1_EV_IRQHandler                       0x0800011b   Thumb Code     0  startup_stm32f103xb.o(.text)
    I2C2_ER_IRQHandler                       0x0800011b   Thumb Code     0  startup_stm32f103xb.o(.text)
    I2C2_EV_IRQHandler                       0x0800011b   Thumb Code     0  startup_stm32f103xb.o(.text)
    PVD_IRQHandler                           0x0800011b   Thumb Code     0  startup_stm32f103xb.o(.text)
    RCC_IRQHandler                           0x0800011b   Thumb Code     0  startup_stm32f103xb.o(.text)
    RTC_Alarm_IRQHandler                     0x0800011b   Thumb Code     0  startup_stm32f103xb.o(.text)
    RTC_IRQHandler                           0x0800011b   Thumb Code     0  startup_stm32f103xb.o(.text)
    SPI1_IRQHandler                          0x0800011b   Thumb Code     0  startup_stm32f103xb.o(.text)
    SPI2_IRQHandler                          0x0800011b   Thumb Code     0  startup_stm32f103xb.o(.text)
    TAMPER_IRQHandler                        0x0800011b   Thumb Code     0  startup_stm32f103xb.o(.text)
    TIM1_BRK_IRQHandler                      0x0800011b   Thumb Code     0  startup_stm32f103xb.o(.text)
    TIM1_CC_IRQHandler                       0x0800011b   Thumb Code     0  startup_stm32f103xb.o(.text)
    TIM1_TRG_COM_IRQHandler                  0x0800011b   Thumb Code     0  startup_stm32f103xb.o(.text)
    TIM1_UP_IRQHandler                       0x0800011b   Thumb Code     0  startup_stm32f103xb.o(.text)
    TIM3_IRQHandler                          0x0800011b   Thumb Code     0  startup_stm32f103xb.o(.text)
    TIM4_IRQHandler                          0x0800011b   Thumb Code     0  startup_stm32f103xb.o(.text)
    USART1_IRQHandler                        0x0800011b   Thumb Code     0  startup_stm32f103xb.o(.text)
    USART2_IRQHandler                        0x0800011b   Thumb Code     0  startup_stm32f103xb.o(.text)
    USART3_IRQHandler                        0x0800011b   Thumb Code     0  startup_stm32f103xb.o(.text)
    USBWakeUp_IRQHandler                     0x0800011b   Thumb Code     0  startup_stm32f103xb.o(.text)
    USB_HP_CAN1_TX_IRQHandler                0x0800011b   Thumb Code     0  startup_stm32f103xb.o(.text)
    USB_LP_CAN1_RX0_IRQHandler               0x0800011b   Thumb Code     0  startup_stm32f103xb.o(.text)
    WWDG_IRQHandler                          0x0800011b   Thumb Code     0  startup_stm32f103xb.o(.text)
    __aeabi_llsr                             0x08000125   Thumb Code    32  llushr.o(.text)
    _ll_ushift_r                             0x08000125   Thumb Code     0  llushr.o(.text)
    __aeabi_memset                           0x08000145   Thumb Code    14  memseta.o(.text)
    __aeabi_memset4                          0x08000145   Thumb Code     0  memseta.o(.text)
    __aeabi_memset8                          0x08000145   Thumb Code     0  memseta.o(.text)
    __aeabi_memclr                           0x08000153   Thumb Code     4  memseta.o(.text)
    __aeabi_memclr4                          0x08000153   Thumb Code     0  memseta.o(.text)
    __aeabi_memclr8                          0x08000153   Thumb Code     0  memseta.o(.text)
    _memset$wrapper                          0x08000157   Thumb Code    18  memseta.o(.text)
    strcmp                                   0x08000169   Thumb Code    28  strcmp.o(.text)
    __aeabi_dadd                             0x08000185   Thumb Code   322  dadd.o(.text)
    __aeabi_dsub                             0x080002c7   Thumb Code     6  dadd.o(.text)
    __aeabi_drsub                            0x080002cd   Thumb Code     6  dadd.o(.text)
    __aeabi_dmul                             0x080002d3   Thumb Code   228  dmul.o(.text)
    __aeabi_ddiv                             0x080003b7   Thumb Code   222  ddiv.o(.text)
    __aeabi_cdrcmple                         0x08000495   Thumb Code    48  cdrcmple.o(.text)
    __aeabi_uidiv                            0x080004c5   Thumb Code     0  uidiv.o(.text)
    __aeabi_uidivmod                         0x080004c5   Thumb Code    44  uidiv.o(.text)
    __aeabi_uldivmod                         0x080004f1   Thumb Code    98  uldiv.o(.text)
    __aeabi_llsl                             0x08000553   Thumb Code    30  llshl.o(.text)
    _ll_shift_l                              0x08000553   Thumb Code     0  llshl.o(.text)
    __aeabi_lasr                             0x08000571   Thumb Code    36  llsshr.o(.text)
    _ll_sshift_r                             0x08000571   Thumb Code     0  llsshr.o(.text)
    __I$use$fp                               0x08000595   Thumb Code     0  iusefp.o(.text)
    _double_round                            0x08000595   Thumb Code    30  depilogue.o(.text)
    _double_epilogue                         0x080005b3   Thumb Code   156  depilogue.o(.text)
    __aeabi_d2ulz                            0x0800064f   Thumb Code    48  dfixul.o(.text)
    __scatterload                            0x08000681   Thumb Code    28  init.o(.text)
    __scatterload_rt2                        0x08000681   Thumb Code     0  init.o(.text)
    BusFault_Handler                         0x080006a5   Thumb Code     4  stm32f1xx_it.o(i.BusFault_Handler)
    DebugMon_Handler                         0x080006a9   Thumb Code     2  stm32f1xx_it.o(i.DebugMon_Handler)
    Error_Handler                            0x080006ab   Thumb Code     6  main.o(i.Error_Handler)
    GLOBAL_Exit                              0x080006b1   Thumb Code    88  global.o(i.GLOBAL_Exit)
    GLOBAL_Loop                              0x08000709   Thumb Code    88  global.o(i.GLOBAL_Loop)
    GLOBAL_init                              0x08000761   Thumb Code    88  global.o(i.GLOBAL_init)
    HAL_GPIO_Init                            0x080007b9   Thumb Code   766  stm32f1xx_hal_gpio.o(i.HAL_GPIO_Init)
    HAL_GPIO_ReadPin                         0x08000ad9   Thumb Code    16  stm32f1xx_hal_gpio.o(i.HAL_GPIO_ReadPin)
    HAL_GPIO_WritePin                        0x08000ae9   Thumb Code    12  stm32f1xx_hal_gpio.o(i.HAL_GPIO_WritePin)
    HAL_GetTick                              0x08000af5   Thumb Code     6  stm32f1xx_hal.o(i.HAL_GetTick)
    HAL_IncTick                              0x08000b01   Thumb Code    16  stm32f1xx_hal.o(i.HAL_IncTick)
    HAL_Init                                 0x08000b19   Thumb Code    34  stm32f1xx_hal.o(i.HAL_Init)
    HAL_InitTick                             0x08000b41   Thumb Code    64  stm32f1xx_hal.o(i.HAL_InitTick)
    HAL_MspInit                              0x08000b8d   Thumb Code    76  stm32f1xx_hal_msp.o(i.HAL_MspInit)
    HAL_NVIC_EnableIRQ                       0x08000be1   Thumb Code    32  stm32f1xx_hal_cortex.o(i.HAL_NVIC_EnableIRQ)
    HAL_NVIC_SetPriority                     0x08000c01   Thumb Code   124  stm32f1xx_hal_cortex.o(i.HAL_NVIC_SetPriority)
    HAL_NVIC_SetPriorityGrouping             0x08000c7d   Thumb Code    32  stm32f1xx_hal_cortex.o(i.HAL_NVIC_SetPriorityGrouping)
    HAL_PWR_EnableBkUpAccess                 0x08000ca5   Thumb Code     8  stm32f1xx_hal_pwr.o(i.HAL_PWR_EnableBkUpAccess)
    HAL_RCCEx_GetPeriphCLKFreq               0x08000cb1   Thumb Code   232  stm32f1xx_hal_rcc_ex.o(i.HAL_RCCEx_GetPeriphCLKFreq)
    HAL_RCCEx_PeriphCLKConfig                0x08000dad   Thumb Code   290  stm32f1xx_hal_rcc_ex.o(i.HAL_RCCEx_PeriphCLKConfig)
    HAL_RCC_ClockConfig                      0x08000edd   Thumb Code   376  stm32f1xx_hal_rcc.o(i.HAL_RCC_ClockConfig)
    HAL_RCC_GetHCLKFreq                      0x08001069   Thumb Code     6  stm32f1xx_hal_rcc.o(i.HAL_RCC_GetHCLKFreq)
    HAL_RCC_GetPCLK1Freq                     0x08001075   Thumb Code    22  stm32f1xx_hal_rcc.o(i.HAL_RCC_GetPCLK1Freq)
    HAL_RCC_GetPCLK2Freq                     0x08001095   Thumb Code    22  stm32f1xx_hal_rcc.o(i.HAL_RCC_GetPCLK2Freq)
    HAL_RCC_GetSysClockFreq                  0x080010b5   Thumb Code    92  stm32f1xx_hal_rcc.o(i.HAL_RCC_GetSysClockFreq)
    HAL_RCC_OscConfig                        0x08001125   Thumb Code  1114  stm32f1xx_hal_rcc.o(i.HAL_RCC_OscConfig)
    HAL_RTC_GetDate                          0x08001589   Thumb Code    82  stm32f1xx_hal_rtc.o(i.HAL_RTC_GetDate)
    HAL_RTC_GetTime                          0x080015db   Thumb Code   260  stm32f1xx_hal_rtc.o(i.HAL_RTC_GetTime)
    HAL_RTC_Init                             0x080016e1   Thumb Code   188  stm32f1xx_hal_rtc.o(i.HAL_RTC_Init)
    HAL_RTC_MspInit                          0x080017a1   Thumb Code    52  rtc.o(i.HAL_RTC_MspInit)
    HAL_RTC_SetDate                          0x080017e1   Thumb Code   242  stm32f1xx_hal_rtc.o(i.HAL_RTC_SetDate)
    HAL_RTC_SetTime                          0x080018d9   Thumb Code   214  stm32f1xx_hal_rtc.o(i.HAL_RTC_SetTime)
    HAL_RTC_WaitForSynchro                   0x080019b5   Thumb Code    64  stm32f1xx_hal_rtc.o(i.HAL_RTC_WaitForSynchro)
    HAL_SYSTICK_Config                       0x080019f5   Thumb Code    52  stm32f1xx_hal_cortex.o(i.HAL_SYSTICK_Config)
    HAL_TIMEx_BreakCallback                  0x08001a29   Thumb Code     2  stm32f1xx_hal_tim_ex.o(i.HAL_TIMEx_BreakCallback)
    HAL_TIMEx_CommutCallback                 0x08001a2b   Thumb Code     2  stm32f1xx_hal_tim_ex.o(i.HAL_TIMEx_CommutCallback)
    HAL_TIMEx_MasterConfigSynchronization    0x08001a2d   Thumb Code   118  stm32f1xx_hal_tim_ex.o(i.HAL_TIMEx_MasterConfigSynchronization)
    HAL_TIM_Base_Init                        0x08001ab1   Thumb Code   102  stm32f1xx_hal_tim.o(i.HAL_TIM_Base_Init)
    HAL_TIM_Base_MspInit                     0x08001b19   Thumb Code    58  tim.o(i.HAL_TIM_Base_MspInit)
    HAL_TIM_Base_Start_IT                    0x08001b59   Thumb Code   106  stm32f1xx_hal_tim.o(i.HAL_TIM_Base_Start_IT)
    HAL_TIM_ConfigClockSource                0x08001bd1   Thumb Code   268  stm32f1xx_hal_tim.o(i.HAL_TIM_ConfigClockSource)
    HAL_TIM_IC_CaptureCallback               0x08001cdd   Thumb Code     2  stm32f1xx_hal_tim.o(i.HAL_TIM_IC_CaptureCallback)
    HAL_TIM_IRQHandler                       0x08001cdf   Thumb Code   364  stm32f1xx_hal_tim.o(i.HAL_TIM_IRQHandler)
    HAL_TIM_OC_DelayElapsedCallback          0x08001e4b   Thumb Code     2  stm32f1xx_hal_tim.o(i.HAL_TIM_OC_DelayElapsedCallback)
    HAL_TIM_PWM_PulseFinishedCallback        0x08001e4d   Thumb Code     2  stm32f1xx_hal_tim.o(i.HAL_TIM_PWM_PulseFinishedCallback)
    HAL_TIM_PeriodElapsedCallback            0x08001e51   Thumb Code    16  key.o(i.HAL_TIM_PeriodElapsedCallback)
    HAL_TIM_TriggerCallback                  0x08001e65   Thumb Code     2  stm32f1xx_hal_tim.o(i.HAL_TIM_TriggerCallback)
    HAL_UART_Init                            0x08001e67   Thumb Code   118  stm32f1xx_hal_uart.o(i.HAL_UART_Init)
    HAL_UART_MspInit                         0x08001edd   Thumb Code   122  usart.o(i.HAL_UART_MspInit)
    HardFault_Handler                        0x08001f65   Thumb Code     4  stm32f1xx_it.o(i.HardFault_Handler)
    KEY_Check                                0x08001f69   Thumb Code    32  key.o(i.KEY_Check)
    KEY_State                                0x08001f8d   Thumb Code    72  key.o(i.KEY_State)
    MX_GPIO_Init                             0x08001fd9   Thumb Code   184  gpio.o(i.MX_GPIO_Init)
    MX_RTC_Init                              0x08002099   Thumb Code   112  rtc.o(i.MX_RTC_Init)
    MX_TIM2_Init                             0x08002111   Thumb Code   104  tim.o(i.MX_TIM2_Init)
    MX_USART1_UART_Init                      0x0800217d   Thumb Code    46  usart.o(i.MX_USART1_UART_Init)
    MemManage_Handler                        0x080021b5   Thumb Code     4  stm32f1xx_it.o(i.MemManage_Handler)
    NMI_Handler                              0x080021b9   Thumb Code     4  stm32f1xx_it.o(i.NMI_Handler)
    OLED_Clear                               0x080021bd   Thumb Code    36  oled.o(i.OLED_Clear)
    OLED_ClearArea                           0x080021e5   Thumb Code   162  oled.o(i.OLED_ClearArea)
    OLED_I2C_SendByte                        0x0800228d   Thumb Code    62  oled.o(i.OLED_I2C_SendByte)
    OLED_I2C_Start                           0x080022cb   Thumb Code    28  oled.o(i.OLED_I2C_Start)
    OLED_I2C_Stop                            0x080022e7   Thumb Code    22  oled.o(i.OLED_I2C_Stop)
    OLED_Init                                0x080022fd   Thumb Code   142  oled.o(i.OLED_Init)
    OLED_Printf                              0x0800238b   Thumb Code    50  oled.o(i.OLED_Printf)
    OLED_ReverseArea                         0x080023bd   Thumb Code   162  oled.o(i.OLED_ReverseArea)
    OLED_SetCursor                           0x08002465   Thumb Code    34  oled.o(i.OLED_SetCursor)
    OLED_ShowChar                            0x08002489   Thumb Code   108  oled.o(i.OLED_ShowChar)
    OLED_ShowChinese                         0x08002501   Thumb Code   144  oled.o(i.OLED_ShowChinese)
    OLED_ShowImage                           0x08002599   Thumb Code   296  oled.o(i.OLED_ShowImage)
    OLED_ShowString                          0x080026c5   Thumb Code    46  oled.o(i.OLED_ShowString)
    OLED_Update                              0x080026f5   Thumb Code    36  oled.o(i.OLED_Update)
    OLED_W_SCL                               0x0800271d   Thumb Code    18  oled.o(i.OLED_W_SCL)
    OLED_W_SDA                               0x08002735   Thumb Code    18  oled.o(i.OLED_W_SDA)
    OLED_WriteCommand                        0x0800274d   Thumb Code    32  oled.o(i.OLED_WriteCommand)
    OLED_WriteData                           0x0800276d   Thumb Code    46  oled.o(i.OLED_WriteData)
    PendSV_Handler                           0x0800279b   Thumb Code     2  stm32f1xx_it.o(i.PendSV_Handler)
    SVC_Handler                              0x08002a7d   Thumb Code     2  stm32f1xx_it.o(i.SVC_Handler)
    SetDA_Exit                               0x08002a7f   Thumb Code    12  setdate.o(i.SetDA_Exit)
    SetDA_Init                               0x08002a8b   Thumb Code    24  setdate.o(i.SetDA_Init)
    SetDA_Loop                               0x08002aa5   Thumb Code   120  setdate.o(i.SetDA_Loop)
    SetDate_Exit                             0x08002b29   Thumb Code    12  setdate.o(i.SetDate_Exit)
    SetDate_Init                             0x08002b35   Thumb Code    24  setdate.o(i.SetDate_Init)
    SetDate_Loop                             0x08002b4d   Thumb Code   238  setdate.o(i.SetDate_Loop)
    SetDate_UI                               0x08002c45   Thumb Code   114  setdate.o(i.SetDate_UI)
    SetHours_Exit                            0x08002ce1   Thumb Code    12  settime.o(i.SetHours_Exit)
    SetHours_Init                            0x08002ced   Thumb Code    24  settime.o(i.SetHours_Init)
    SetHours_Loop                            0x08002d05   Thumb Code   128  settime.o(i.SetHours_Loop)
    SetMin_Exit                              0x08002d91   Thumb Code    12  settime.o(i.SetMin_Exit)
    SetMin_Init                              0x08002d9d   Thumb Code    24  settime.o(i.SetMin_Init)
    SetMin_Loop                              0x08002db5   Thumb Code   128  settime.o(i.SetMin_Loop)
    SetMonth_Exit                            0x08002e41   Thumb Code    12  setdate.o(i.SetMonth_Exit)
    SetMonth_Init                            0x08002e4d   Thumb Code    24  setdate.o(i.SetMonth_Init)
    SetMonth_Loop                            0x08002e65   Thumb Code   120  setdate.o(i.SetMonth_Loop)
    SetTime_Exit                             0x08002ee9   Thumb Code    12  settime.o(i.SetTime_Exit)
    SetTime_Init                             0x08002ef5   Thumb Code    24  settime.o(i.SetTime_Init)
    SetTime_Loop                             0x08002f0d   Thumb Code   204  settime.o(i.SetTime_Loop)
    SetTime_UI                               0x08002fe1   Thumb Code    86  settime.o(i.SetTime_UI)
    SetYear_Exit                             0x08003055   Thumb Code    12  setdate.o(i.SetYear_Exit)
    SetYear_Init                             0x08003061   Thumb Code    24  setdate.o(i.SetYear_Init)
    SetYear_Loop                             0x08003079   Thumb Code   120  setdate.o(i.SetYear_Loop)
    Settings_Exit                            0x080030fd   Thumb Code    12  settings.o(i.Settings_Exit)
    Settings_Init                            0x08003109   Thumb Code    24  settings.o(i.Settings_Init)
    Settings_Loop                            0x08003121   Thumb Code   204  settings.o(i.Settings_Loop)
    Settings_UI                              0x080031f5   Thumb Code    40  settings.o(i.Settings_UI)
    SysTick_Handler                          0x08003231   Thumb Code     8  stm32f1xx_it.o(i.SysTick_Handler)
    SystemClock_Config                       0x08003239   Thumb Code   136  main.o(i.SystemClock_Config)
    SystemInit                               0x080032c1   Thumb Code     2  system_stm32f1xx.o(i.SystemInit)
    TIM2_IRQHandler                          0x080032c5   Thumb Code    10  stm32f1xx_it.o(i.TIM2_IRQHandler)
    TIM_Base_SetConfig                       0x080032d5   Thumb Code   120  stm32f1xx_hal_tim.o(i.TIM_Base_SetConfig)
    TIM_ETR_SetConfig                        0x08003359   Thumb Code    22  stm32f1xx_hal_tim.o(i.TIM_ETR_SetConfig)
    TIM_Tick                                 0x080033d1   Thumb Code   604  key.o(i.TIM_Tick)
    TIM_UI                                   0x08003649   Thumb Code   104  my_rtc.o(i.TIM_UI)
    Tim_Exit                                 0x080036ed   Thumb Code    12  my_rtc.o(i.Tim_Exit)
    Tim_Init                                 0x080036f9   Thumb Code    24  my_rtc.o(i.Tim_Init)
    Tim_Loop                                 0x08003711   Thumb Code   160  my_rtc.o(i.Tim_Loop)
    UsageFault_Handler                       0x080038b5   Thumb Code     4  stm32f1xx_it.o(i.UsageFault_Handler)
    __0vsprintf                              0x080038b9   Thumb Code    30  printfa.o(i.__0vsprintf)
    __1vsprintf                              0x080038b9   Thumb Code     0  printfa.o(i.__0vsprintf)
    __2vsprintf                              0x080038b9   Thumb Code     0  printfa.o(i.__0vsprintf)
    __c89vsprintf                            0x080038b9   Thumb Code     0  printfa.o(i.__0vsprintf)
    vsprintf                                 0x080038b9   Thumb Code     0  printfa.o(i.__0vsprintf)
    __scatterload_copy                       0x08003915   Thumb Code    14  handlers.o(i.__scatterload_copy)
    __scatterload_null                       0x08003923   Thumb Code     2  handlers.o(i.__scatterload_null)
    __scatterload_zeroinit                   0x08003925   Thumb Code    14  handlers.o(i.__scatterload_zeroinit)
    main                                     0x080041f1   Thumb Code    84  main.o(i.main)
    menu_Exit                                0x08004251   Thumb Code    12  menu.o(i.menu_Exit)
    menu_Init                                0x0800425d   Thumb Code    12  menu.o(i.menu_Init)
    menu_Loop                                0x08004269   Thumb Code   184  menu.o(i.menu_Loop)
    menu_UI                                  0x08004331   Thumb Code   228  menu.o(i.menu_UI)
    move_start                               0x08004425   Thumb Code   178  menu.o(i.move_start)
    AHBPrescTable                            0x08004510   Data          16  system_stm32f1xx.o(.constdata)
    APBPrescTable                            0x08004520   Data           8  system_stm32f1xx.o(.constdata)
    OLED_F8x16                               0x08004528   Data        1520  oled_data.o(.constdata)
    OLED_F6x8                                0x08004b18   Data         570  oled_data.o(.constdata)
    OLED_F12x24                              0x08004d52   Data        3420  oled_data.o(.constdata)
    OLED_CF16x16                             0x08005aae   Data         504  oled_data.o(.constdata)
    Diode                                    0x08005ca6   Data          32  oled_data.o(.constdata)
    Exit                                     0x08005cc6   Data          32  oled_data.o(.constdata)
    menu_Graph                               0x08005ce6   Data         640  oled_data.o(.constdata)
    Frame                                    0x08005f66   Data         264  oled_data.o(.constdata)
    Region$$Table$$Base                      0x08006070   Number         0  anon$$obj.o(Region$$Table)
    Region$$Table$$Limit                     0x08006090   Number         0  anon$$obj.o(Region$$Table)
    CurrMode                                 0x20000000   Data           1  main.o(.data)
    NextMode                                 0x20000001   Data           1  main.o(.data)
    uwTick                                   0x20000004   Data           4  stm32f1xx_hal.o(.data)
    uwTickPrio                               0x20000008   Data           4  stm32f1xx_hal.o(.data)
    uwTickFreq                               0x2000000c   Data           1  stm32f1xx_hal.o(.data)
    SystemCoreClock                          0x20000010   Data           4  system_stm32f1xx.o(.data)
    pos                                      0x2000003a   Data           1  menu.o(.data)
    target_pos                               0x2000003b   Data           1  menu.o(.data)
    move_flag                                0x2000003c   Data           1  menu.o(.data)
    move_state                               0x2000003d   Data           1  menu.o(.data)
    x_pre                                    0x2000003e   Data           1  menu.o(.data)
    Speed                                    0x2000003f   Data           1  menu.o(.data)
    hrtc                                     0x20000044   Data          20  rtc.o(.bss)
    htim2                                    0x20000058   Data          72  tim.o(.bss)
    huart1                                   0x200000a0   Data          72  usart.o(.bss)
    OLED_DisplayBuf                          0x200000e8   Data        1024  oled.o(.bss)
    __initial_sp                             0x200008e8   Data           0  startup_stm32f103xb.o(STACK)



==============================================================================

Memory Map of the image

  Image Entry point : 0x080000ed

  Load Region LR_IROM1 (Base: 0x08000000, Size: 0x000060d4, Max: 0x00010000, ABSOLUTE)

    Execution Region ER_IROM1 (Exec base: 0x08000000, Load base: 0x08000000, Size: 0x00006090, Max: 0x00010000, ABSOLUTE)

    Exec Addr    Load Addr    Size         Type   Attr      Idx    E Section Name        Object

    0x08000000   0x08000000   0x000000ec   Data   RO            3    RESET               startup_stm32f103xb.o
    0x080000ec   0x080000ec   0x00000000   Code   RO         3955  * .ARM.Collect$$$$00000000  mc_w.l(entry.o)
    0x080000ec   0x080000ec   0x00000004   Code   RO         4043    .ARM.Collect$$$$00000001  mc_w.l(entry2.o)
    0x080000f0   0x080000f0   0x00000004   Code   RO         4046    .ARM.Collect$$$$00000004  mc_w.l(entry5.o)
    0x080000f4   0x080000f4   0x00000000   Code   RO         4048    .ARM.Collect$$$$00000008  mc_w.l(entry7b.o)
    0x080000f4   0x080000f4   0x00000000   Code   RO         4050    .ARM.Collect$$$$0000000A  mc_w.l(entry8b.o)
    0x080000f4   0x080000f4   0x00000008   Code   RO         4051    .ARM.Collect$$$$0000000B  mc_w.l(entry9a.o)
    0x080000fc   0x080000fc   0x00000000   Code   RO         4053    .ARM.Collect$$$$0000000D  mc_w.l(entry10a.o)
    0x080000fc   0x080000fc   0x00000000   Code   RO         4055    .ARM.Collect$$$$0000000F  mc_w.l(entry11a.o)
    0x080000fc   0x080000fc   0x00000004   Code   RO         4044    .ARM.Collect$$$$00002712  mc_w.l(entry2.o)
    0x08000100   0x08000100   0x00000024   Code   RO            4    .text               startup_stm32f103xb.o
    0x08000124   0x08000124   0x00000020   Code   RO         3958    .text               mc_w.l(llushr.o)
    0x08000144   0x08000144   0x00000024   Code   RO         3960    .text               mc_w.l(memseta.o)
    0x08000168   0x08000168   0x0000001c   Code   RO         3962    .text               mc_w.l(strcmp.o)
    0x08000184   0x08000184   0x0000014e   Code   RO         3994    .text               mf_w.l(dadd.o)
    0x080002d2   0x080002d2   0x000000e4   Code   RO         3996    .text               mf_w.l(dmul.o)
    0x080003b6   0x080003b6   0x000000de   Code   RO         3998    .text               mf_w.l(ddiv.o)
    0x08000494   0x08000494   0x00000030   Code   RO         4012    .text               mf_w.l(cdrcmple.o)
    0x080004c4   0x080004c4   0x0000002c   Code   RO         4058    .text               mc_w.l(uidiv.o)
    0x080004f0   0x080004f0   0x00000062   Code   RO         4060    .text               mc_w.l(uldiv.o)
    0x08000552   0x08000552   0x0000001e   Code   RO         4062    .text               mc_w.l(llshl.o)
    0x08000570   0x08000570   0x00000024   Code   RO         4064    .text               mc_w.l(llsshr.o)
    0x08000594   0x08000594   0x00000000   Code   RO         4073    .text               mc_w.l(iusefp.o)
    0x08000594   0x08000594   0x000000ba   Code   RO         4076    .text               mf_w.l(depilogue.o)
    0x0800064e   0x0800064e   0x00000030   Code   RO         4078    .text               mf_w.l(dfixul.o)
    0x0800067e   0x0800067e   0x00000002   PAD
    0x08000680   0x08000680   0x00000024   Code   RO         4084    .text               mc_w.l(init.o)
    0x080006a4   0x080006a4   0x00000004   Code   RO          363    i.BusFault_Handler  stm32f1xx_it.o
    0x080006a8   0x080006a8   0x00000002   Code   RO          364    i.DebugMon_Handler  stm32f1xx_it.o
    0x080006aa   0x080006aa   0x00000006   Code   RO           13    i.Error_Handler     main.o
    0x080006b0   0x080006b0   0x00000058   Code   RO         3630    i.GLOBAL_Exit       global.o
    0x08000708   0x08000708   0x00000058   Code   RO         3631    i.GLOBAL_Loop       global.o
    0x08000760   0x08000760   0x00000058   Code   RO         3632    i.GLOBAL_init       global.o
    0x080007b8   0x080007b8   0x00000320   Code   RO         1187    i.HAL_GPIO_Init     stm32f1xx_hal_gpio.o
    0x08000ad8   0x08000ad8   0x00000010   Code   RO         1189    i.HAL_GPIO_ReadPin  stm32f1xx_hal_gpio.o
    0x08000ae8   0x08000ae8   0x0000000c   Code   RO         1191    i.HAL_GPIO_WritePin  stm32f1xx_hal_gpio.o
    0x08000af4   0x08000af4   0x0000000c   Code   RO          876    i.HAL_GetTick       stm32f1xx_hal.o
    0x08000b00   0x08000b00   0x00000018   Code   RO          882    i.HAL_IncTick       stm32f1xx_hal.o
    0x08000b18   0x08000b18   0x00000028   Code   RO          883    i.HAL_Init          stm32f1xx_hal.o
    0x08000b40   0x08000b40   0x0000004c   Code   RO          884    i.HAL_InitTick      stm32f1xx_hal.o
    0x08000b8c   0x08000b8c   0x00000054   Code   RO          444    i.HAL_MspInit       stm32f1xx_hal_msp.o
    0x08000be0   0x08000be0   0x00000020   Code   RO         1347    i.HAL_NVIC_EnableIRQ  stm32f1xx_hal_cortex.o
    0x08000c00   0x08000c00   0x0000007c   Code   RO         1353    i.HAL_NVIC_SetPriority  stm32f1xx_hal_cortex.o
    0x08000c7c   0x08000c7c   0x00000028   Code   RO         1354    i.HAL_NVIC_SetPriorityGrouping  stm32f1xx_hal_cortex.o
    0x08000ca4   0x08000ca4   0x0000000c   Code   RO         1474    i.HAL_PWR_EnableBkUpAccess  stm32f1xx_hal_pwr.o
    0x08000cb0   0x08000cb0   0x000000fc   Code   RO         1148    i.HAL_RCCEx_GetPeriphCLKFreq  stm32f1xx_hal_rcc_ex.o
    0x08000dac   0x08000dac   0x00000130   Code   RO         1149    i.HAL_RCCEx_PeriphCLKConfig  stm32f1xx_hal_rcc_ex.o
    0x08000edc   0x08000edc   0x0000018c   Code   RO         1040    i.HAL_RCC_ClockConfig  stm32f1xx_hal_rcc.o
    0x08001068   0x08001068   0x0000000c   Code   RO         1045    i.HAL_RCC_GetHCLKFreq  stm32f1xx_hal_rcc.o
    0x08001074   0x08001074   0x00000020   Code   RO         1047    i.HAL_RCC_GetPCLK1Freq  stm32f1xx_hal_rcc.o
    0x08001094   0x08001094   0x00000020   Code   RO         1048    i.HAL_RCC_GetPCLK2Freq  stm32f1xx_hal_rcc.o
    0x080010b4   0x080010b4   0x00000070   Code   RO         1049    i.HAL_RCC_GetSysClockFreq  stm32f1xx_hal_rcc.o
    0x08001124   0x08001124   0x00000464   Code   RO         1052    i.HAL_RCC_OscConfig  stm32f1xx_hal_rcc.o
    0x08001588   0x08001588   0x00000052   Code   RO          593    i.HAL_RTC_GetDate   stm32f1xx_hal_rtc.o
    0x080015da   0x080015da   0x00000104   Code   RO          595    i.HAL_RTC_GetTime   stm32f1xx_hal_rtc.o
    0x080016de   0x080016de   0x00000002   PAD
    0x080016e0   0x080016e0   0x000000c0   Code   RO          596    i.HAL_RTC_Init      stm32f1xx_hal_rtc.o
    0x080017a0   0x080017a0   0x00000040   Code   RO          238    i.HAL_RTC_MspInit   rtc.o
    0x080017e0   0x080017e0   0x000000f8   Code   RO          602    i.HAL_RTC_SetDate   stm32f1xx_hal_rtc.o
    0x080018d8   0x080018d8   0x000000dc   Code   RO          603    i.HAL_RTC_SetTime   stm32f1xx_hal_rtc.o
    0x080019b4   0x080019b4   0x00000040   Code   RO          604    i.HAL_RTC_WaitForSynchro  stm32f1xx_hal_rtc.o
    0x080019f4   0x080019f4   0x00000034   Code   RO         1358    i.HAL_SYSTICK_Config  stm32f1xx_hal_cortex.o
    0x08001a28   0x08001a28   0x00000002   Code   RO         2590    i.HAL_TIMEx_BreakCallback  stm32f1xx_hal_tim_ex.o
    0x08001a2a   0x08001a2a   0x00000002   Code   RO         2591    i.HAL_TIMEx_CommutCallback  stm32f1xx_hal_tim_ex.o
    0x08001a2c   0x08001a2c   0x00000084   Code   RO         2609    i.HAL_TIMEx_MasterConfigSynchronization  stm32f1xx_hal_tim_ex.o
    0x08001ab0   0x08001ab0   0x00000066   Code   RO         1875    i.HAL_TIM_Base_Init  stm32f1xx_hal_tim.o
    0x08001b16   0x08001b16   0x00000002   PAD
    0x08001b18   0x08001b18   0x00000040   Code   RO          280    i.HAL_TIM_Base_MspInit  tim.o
    0x08001b58   0x08001b58   0x00000078   Code   RO         1880    i.HAL_TIM_Base_Start_IT  stm32f1xx_hal_tim.o
    0x08001bd0   0x08001bd0   0x0000010c   Code   RO         1884    i.HAL_TIM_ConfigClockSource  stm32f1xx_hal_tim.o
    0x08001cdc   0x08001cdc   0x00000002   Code   RO         1909    i.HAL_TIM_IC_CaptureCallback  stm32f1xx_hal_tim.o
    0x08001cde   0x08001cde   0x0000016c   Code   RO         1923    i.HAL_TIM_IRQHandler  stm32f1xx_hal_tim.o
    0x08001e4a   0x08001e4a   0x00000002   Code   RO         1926    i.HAL_TIM_OC_DelayElapsedCallback  stm32f1xx_hal_tim.o
    0x08001e4c   0x08001e4c   0x00000002   Code   RO         1953    i.HAL_TIM_PWM_PulseFinishedCallback  stm32f1xx_hal_tim.o
    0x08001e4e   0x08001e4e   0x00000002   PAD
    0x08001e50   0x08001e50   0x00000014   Code   RO         3583    i.HAL_TIM_PeriodElapsedCallback  key.o
    0x08001e64   0x08001e64   0x00000002   Code   RO         1966    i.HAL_TIM_TriggerCallback  stm32f1xx_hal_tim.o
    0x08001e66   0x08001e66   0x00000076   Code   RO         2887    i.HAL_UART_Init     stm32f1xx_hal_uart.o
    0x08001edc   0x08001edc   0x00000088   Code   RO          322    i.HAL_UART_MspInit  usart.o
    0x08001f64   0x08001f64   0x00000004   Code   RO          365    i.HardFault_Handler  stm32f1xx_it.o
    0x08001f68   0x08001f68   0x00000024   Code   RO         3584    i.KEY_Check         key.o
    0x08001f8c   0x08001f8c   0x0000004c   Code   RO         3585    i.KEY_State         key.o
    0x08001fd8   0x08001fd8   0x000000c0   Code   RO          209    i.MX_GPIO_Init      gpio.o
    0x08002098   0x08002098   0x00000078   Code   RO          239    i.MX_RTC_Init       rtc.o
    0x08002110   0x08002110   0x0000006c   Code   RO          281    i.MX_TIM2_Init      tim.o
    0x0800217c   0x0800217c   0x00000038   Code   RO          323    i.MX_USART1_UART_Init  usart.o
    0x080021b4   0x080021b4   0x00000004   Code   RO          366    i.MemManage_Handler  stm32f1xx_it.o
    0x080021b8   0x080021b8   0x00000004   Code   RO          367    i.NMI_Handler       stm32f1xx_it.o
    0x080021bc   0x080021bc   0x00000028   Code   RO         3267    i.OLED_Clear        oled.o
    0x080021e4   0x080021e4   0x000000a8   Code   RO         3268    i.OLED_ClearArea    oled.o
    0x0800228c   0x0800228c   0x0000003e   Code   RO         3277    i.OLED_I2C_SendByte  oled.o
    0x080022ca   0x080022ca   0x0000001c   Code   RO         3278    i.OLED_I2C_Start    oled.o
    0x080022e6   0x080022e6   0x00000016   Code   RO         3279    i.OLED_I2C_Stop     oled.o
    0x080022fc   0x080022fc   0x0000008e   Code   RO         3280    i.OLED_Init         oled.o
    0x0800238a   0x0800238a   0x00000032   Code   RO         3283    i.OLED_Printf       oled.o
    0x080023bc   0x080023bc   0x000000a8   Code   RO         3285    i.OLED_ReverseArea  oled.o
    0x08002464   0x08002464   0x00000022   Code   RO         3286    i.OLED_SetCursor    oled.o
    0x08002486   0x08002486   0x00000002   PAD
    0x08002488   0x08002488   0x00000078   Code   RO         3288    i.OLED_ShowChar     oled.o
    0x08002500   0x08002500   0x00000098   Code   RO         3289    i.OLED_ShowChinese  oled.o
    0x08002598   0x08002598   0x0000012c   Code   RO         3292    i.OLED_ShowImage    oled.o
    0x080026c4   0x080026c4   0x0000002e   Code   RO         3295    i.OLED_ShowString   oled.o
    0x080026f2   0x080026f2   0x00000002   PAD
    0x080026f4   0x080026f4   0x00000028   Code   RO         3296    i.OLED_Update       oled.o
    0x0800271c   0x0800271c   0x00000018   Code   RO         3298    i.OLED_W_SCL        oled.o
    0x08002734   0x08002734   0x00000018   Code   RO         3299    i.OLED_W_SDA        oled.o
    0x0800274c   0x0800274c   0x00000020   Code   RO         3300    i.OLED_WriteCommand  oled.o
    0x0800276c   0x0800276c   0x0000002e   Code   RO         3301    i.OLED_WriteData    oled.o
    0x0800279a   0x0800279a   0x00000002   Code   RO          368    i.PendSV_Handler    stm32f1xx_it.o
    0x0800279c   0x0800279c   0x00000028   Code   RO         1053    i.RCC_Delay         stm32f1xx_hal_rcc.o
    0x080027c4   0x080027c4   0x00000016   Code   RO          605    i.RTC_Bcd2ToByte    stm32f1xx_hal_rtc.o
    0x080027da   0x080027da   0x0000001a   Code   RO          606    i.RTC_ByteToBcd2    stm32f1xx_hal_rtc.o
    0x080027f4   0x080027f4   0x000000b6   Code   RO          607    i.RTC_DateUpdate    stm32f1xx_hal_rtc.o
    0x080028aa   0x080028aa   0x0000003a   Code   RO          608    i.RTC_EnterInitMode  stm32f1xx_hal_rtc.o
    0x080028e4   0x080028e4   0x0000003a   Code   RO          609    i.RTC_ExitInitMode  stm32f1xx_hal_rtc.o
    0x0800291e   0x0800291e   0x00000032   Code   RO          610    i.RTC_IsLeapYear    stm32f1xx_hal_rtc.o
    0x08002950   0x08002950   0x00000018   Code   RO          611    i.RTC_ReadAlarmCounter  stm32f1xx_hal_rtc.o
    0x08002968   0x08002968   0x00000034   Code   RO          612    i.RTC_ReadTimeCounter  stm32f1xx_hal_rtc.o
    0x0800299c   0x0800299c   0x00000084   Code   RO          613    i.RTC_WeekDayNum    stm32f1xx_hal_rtc.o
    0x08002a20   0x08002a20   0x0000002e   Code   RO          614    i.RTC_WriteAlarmCounter  stm32f1xx_hal_rtc.o
    0x08002a4e   0x08002a4e   0x0000002e   Code   RO          615    i.RTC_WriteTimeCounter  stm32f1xx_hal_rtc.o
    0x08002a7c   0x08002a7c   0x00000002   Code   RO          369    i.SVC_Handler       stm32f1xx_it.o
    0x08002a7e   0x08002a7e   0x0000000c   Code   RO         3795    i.SetDA_Exit        setdate.o
    0x08002a8a   0x08002a8a   0x00000018   Code   RO         3796    i.SetDA_Init        setdate.o
    0x08002aa2   0x08002aa2   0x00000002   PAD
    0x08002aa4   0x08002aa4   0x00000084   Code   RO         3797    i.SetDA_Loop        setdate.o
    0x08002b28   0x08002b28   0x0000000c   Code   RO         3798    i.SetDate_Exit      setdate.o
    0x08002b34   0x08002b34   0x00000018   Code   RO         3799    i.SetDate_Init      setdate.o
    0x08002b4c   0x08002b4c   0x000000f8   Code   RO         3800    i.SetDate_Loop      setdate.o
    0x08002c44   0x08002c44   0x0000009c   Code   RO         3801    i.SetDate_UI        setdate.o
    0x08002ce0   0x08002ce0   0x0000000c   Code   RO         3715    i.SetHours_Exit     settime.o
    0x08002cec   0x08002cec   0x00000018   Code   RO         3716    i.SetHours_Init     settime.o
    0x08002d04   0x08002d04   0x0000008c   Code   RO         3717    i.SetHours_Loop     settime.o
    0x08002d90   0x08002d90   0x0000000c   Code   RO         3718    i.SetMin_Exit       settime.o
    0x08002d9c   0x08002d9c   0x00000018   Code   RO         3719    i.SetMin_Init       settime.o
    0x08002db4   0x08002db4   0x0000008c   Code   RO         3720    i.SetMin_Loop       settime.o
    0x08002e40   0x08002e40   0x0000000c   Code   RO         3802    i.SetMonth_Exit     setdate.o
    0x08002e4c   0x08002e4c   0x00000018   Code   RO         3803    i.SetMonth_Init     setdate.o
    0x08002e64   0x08002e64   0x00000084   Code   RO         3804    i.SetMonth_Loop     setdate.o
    0x08002ee8   0x08002ee8   0x0000000c   Code   RO         3721    i.SetTime_Exit      settime.o
    0x08002ef4   0x08002ef4   0x00000018   Code   RO         3722    i.SetTime_Init      settime.o
    0x08002f0c   0x08002f0c   0x000000d4   Code   RO         3723    i.SetTime_Loop      settime.o
    0x08002fe0   0x08002fe0   0x00000074   Code   RO         3724    i.SetTime_UI        settime.o
    0x08003054   0x08003054   0x0000000c   Code   RO         3805    i.SetYear_Exit      setdate.o
    0x08003060   0x08003060   0x00000018   Code   RO         3806    i.SetYear_Init      setdate.o
    0x08003078   0x08003078   0x00000084   Code   RO         3807    i.SetYear_Loop      setdate.o
    0x080030fc   0x080030fc   0x0000000c   Code   RO         3669    i.Settings_Exit     settings.o
    0x08003108   0x08003108   0x00000018   Code   RO         3670    i.Settings_Init     settings.o
    0x08003120   0x08003120   0x000000d4   Code   RO         3671    i.Settings_Loop     settings.o
    0x080031f4   0x080031f4   0x0000003c   Code   RO         3672    i.Settings_UI       settings.o
    0x08003230   0x08003230   0x00000008   Code   RO          370    i.SysTick_Handler   stm32f1xx_it.o
    0x08003238   0x08003238   0x00000088   Code   RO           14    i.SystemClock_Config  main.o
    0x080032c0   0x080032c0   0x00000002   Code   RO         3231    i.SystemInit        system_stm32f1xx.o
    0x080032c2   0x080032c2   0x00000002   PAD
    0x080032c4   0x080032c4   0x00000010   Code   RO          371    i.TIM2_IRQHandler   stm32f1xx_it.o
    0x080032d4   0x080032d4   0x00000084   Code   RO         1968    i.TIM_Base_SetConfig  stm32f1xx_hal_tim.o
    0x08003358   0x08003358   0x00000016   Code   RO         1979    i.TIM_ETR_SetConfig  stm32f1xx_hal_tim.o
    0x0800336e   0x0800336e   0x00000012   Code   RO         1980    i.TIM_ITRx_SetConfig  stm32f1xx_hal_tim.o
    0x08003380   0x08003380   0x00000026   Code   RO         1986    i.TIM_TI1_ConfigInputStage  stm32f1xx_hal_tim.o
    0x080033a6   0x080033a6   0x00000028   Code   RO         1988    i.TIM_TI2_ConfigInputStage  stm32f1xx_hal_tim.o
    0x080033ce   0x080033ce   0x00000002   PAD
    0x080033d0   0x080033d0   0x00000278   Code   RO         3586    i.TIM_Tick          key.o
    0x08003648   0x08003648   0x000000a4   Code   RO         3536    i.TIM_UI            my_rtc.o
    0x080036ec   0x080036ec   0x0000000c   Code   RO         3537    i.Tim_Exit          my_rtc.o
    0x080036f8   0x080036f8   0x00000018   Code   RO         3538    i.Tim_Init          my_rtc.o
    0x08003710   0x08003710   0x000000a8   Code   RO         3539    i.Tim_Loop          my_rtc.o
    0x080037b8   0x080037b8   0x000000fc   Code   RO         2914    i.UART_SetConfig    stm32f1xx_hal_uart.o
    0x080038b4   0x080038b4   0x00000004   Code   RO          372    i.UsageFault_Handler  stm32f1xx_it.o
    0x080038b8   0x080038b8   0x00000024   Code   RO         3971    i.__0vsprintf       mc_w.l(printfa.o)
    0x080038dc   0x080038dc   0x00000010   Code   RO         1360    i.__NVIC_GetPriorityGrouping  stm32f1xx_hal_cortex.o
    0x080038ec   0x080038ec   0x00000028   Code   RO         1361    i.__NVIC_SetPriority  stm32f1xx_hal_cortex.o
    0x08003914   0x08003914   0x0000000e   Code   RO         4090    i.__scatterload_copy  mc_w.l(handlers.o)
    0x08003922   0x08003922   0x00000002   Code   RO         4091    i.__scatterload_null  mc_w.l(handlers.o)
    0x08003924   0x08003924   0x0000000e   Code   RO         4092    i.__scatterload_zeroinit  mc_w.l(handlers.o)
    0x08003932   0x08003932   0x00000002   PAD
    0x08003934   0x08003934   0x00000184   Code   RO         3972    i._fp_digits        mc_w.l(printfa.o)
    0x08003ab8   0x08003ab8   0x000006dc   Code   RO         3973    i._printf_core      mc_w.l(printfa.o)
    0x08004194   0x08004194   0x00000024   Code   RO         3974    i._printf_post_padding  mc_w.l(printfa.o)
    0x080041b8   0x080041b8   0x0000002e   Code   RO         3975    i._printf_pre_padding  mc_w.l(printfa.o)
    0x080041e6   0x080041e6   0x0000000a   Code   RO         3977    i._sputc            mc_w.l(printfa.o)
    0x080041f0   0x080041f0   0x00000060   Code   RO           16    i.main              main.o
    0x08004250   0x08004250   0x0000000c   Code   RO         3896    i.menu_Exit         menu.o
    0x0800425c   0x0800425c   0x0000000c   Code   RO         3897    i.menu_Init         menu.o
    0x08004268   0x08004268   0x000000c8   Code   RO         3898    i.menu_Loop         menu.o
    0x08004330   0x08004330   0x000000f4   Code   RO         3899    i.menu_UI           menu.o
    0x08004424   0x08004424   0x000000c8   Code   RO         3900    i.move_start        menu.o
    0x080044ec   0x080044ec   0x00000012   Data   RO         1054    .constdata          stm32f1xx_hal_rcc.o
    0x080044fe   0x080044fe   0x00000012   Data   RO         1150    .constdata          stm32f1xx_hal_rcc_ex.o
    0x08004510   0x08004510   0x00000018   Data   RO         3232    .constdata          system_stm32f1xx.o
    0x08004528   0x08004528   0x00001b46   Data   RO         3521    .constdata          oled_data.o
    0x0800606e   0x0800606e   0x00000002   PAD
    0x08006070   0x08006070   0x00000020   Data   RO         4088    Region$$Table       anon$$obj.o


    Execution Region RW_IRAM1 (Exec base: 0x20000000, Load base: 0x08006090, Size: 0x000008e8, Max: 0x00005000, ABSOLUTE)

    Exec Addr    Load Addr    Size         Type   Attr      Idx    E Section Name        Object

    0x20000000   0x08006090   0x00000002   Data   RW           17    .data               main.o
    0x20000002   0x08006092   0x00000002   PAD
    0x20000004   0x08006094   0x00000009   Data   RW          890    .data               stm32f1xx_hal.o
    0x2000000d   0x0800609d   0x00000003   PAD
    0x20000010   0x080060a0   0x00000004   Data   RW         3233    .data               system_stm32f1xx.o
    0x20000014   0x080060a4   0x00000008   Data   RW         3540    .data               my_rtc.o
    0x2000001c   0x080060ac   0x00000014   Data   RW         3587    .data               key.o
    0x20000030   0x080060c0   0x00000001   Data   RW         3673    .data               settings.o
    0x20000031   0x080060c1   0x00000004   Data   RW         3725    .data               settime.o
    0x20000035   0x080060c5   0x00000005   Data   RW         3808    .data               setdate.o
    0x2000003a   0x080060ca   0x00000007   Data   RW         3901    .data               menu.o
    0x20000041   0x080060d1   0x00000003   PAD
    0x20000044        -       0x00000014   Zero   RW          240    .bss                rtc.o
    0x20000058        -       0x00000048   Zero   RW          282    .bss                tim.o
    0x200000a0        -       0x00000048   Zero   RW          324    .bss                usart.o
    0x200000e8        -       0x00000400   Zero   RW         3303    .bss                oled.o
    0x200004e8        -       0x00000400   Zero   RW            1    STACK               startup_stm32f103xb.o


==============================================================================

Image component sizes


      Code (inc. data)   RO Data    RW Data    ZI Data      Debug   Object Name

       264         36          0          0          0       1678   global.o
       192          8          0          0          0        927   gpio.o
       764         46          0         20          0       2827   key.o
       238         12          0          2          0     429648   main.o
       668         54          0          7          0       2701   menu.o
       368         68          0          8          0       1958   my_rtc.o
      1498         56          0          0       1024      11450   oled.o
         0          0       6982          0          0       1232   oled_data.o
       184         20          0          0         20       1527   rtc.o
       944         88          0          5          0       6038   setdate.o
       716         62          0          4          0       4700   settime.o
       308         28          0          1          0       1846   settings.o
        36          8        236          0       1024        780   startup_stm32f103xb.o
       152         32          0          9          0       5181   stm32f1xx_hal.o
       304         22          0          0          0      29315   stm32f1xx_hal_cortex.o
       828         34          0          0          0       3255   stm32f1xx_hal_gpio.o
         0          0          0          0          0     426260   stm32f1xx_hal_gpio_ex.o
        84          8          0          0          0        866   stm32f1xx_hal_msp.o
        12          4          0          0          0        499   stm32f1xx_hal_pwr.o
      1748         98         18          0          0       5848   stm32f1xx_hal_rcc.o
       556         34         18          0          0       2329   stm32f1xx_hal_rcc_ex.o
      1762         16          0          0          0      12648   stm32f1xx_hal_rtc.o
      1112         26          0          0          0       9167   stm32f1xx_hal_tim.o
       136         14          0          0          0       2369   stm32f1xx_hal_tim_ex.o
       370          4          0          0          0       1728   stm32f1xx_hal_uart.o
        50          6          0          0          0       4240   stm32f1xx_it.o
         2          0         24          4          0       1071   system_stm32f1xx.o
       172         10          0          0         72       1590   tim.o
       192         24          0          0         72       1602   usart.o

    ----------------------------------------------------------------------
     13676        818       7312         68       2212     975280   Object Totals
         0          0         32          0          0          0   (incl. Generated)
        16          0          2          8          0          0   (incl. Padding)

    ----------------------------------------------------------------------

      Code (inc. data)   RO Data    RW Data    ZI Data      Debug   Library Member Name

         0          0          0          0          0          0   entry.o
         0          0          0          0          0          0   entry10a.o
         0          0          0          0          0          0   entry11a.o
         8          4          0          0          0          0   entry2.o
         4          0          0          0          0          0   entry5.o
         0          0          0          0          0          0   entry7b.o
         0          0          0          0          0          0   entry8b.o
         8          4          0          0          0          0   entry9a.o
        30          0          0          0          0          0   handlers.o
        36          8          0          0          0         68   init.o
         0          0          0          0          0          0   iusefp.o
        30          0          0          0          0         68   llshl.o
        36          0          0          0          0         68   llsshr.o
        32          0          0          0          0         68   llushr.o
        36          0          0          0          0        108   memseta.o
      2272         86          0          0          0        516   printfa.o
        28          0          0          0          0         76   strcmp.o
        44          0          0          0          0         80   uidiv.o
        98          0          0          0          0         92   uldiv.o
        48          0          0          0          0         68   cdrcmple.o
       334          0          0          0          0        148   dadd.o
       222          0          0          0          0        100   ddiv.o
       186          0          0          0          0        176   depilogue.o
        48          0          0          0          0         68   dfixul.o
       228          0          0          0          0         96   dmul.o

    ----------------------------------------------------------------------
      3732        102          0          0          0       1800   Library Totals
         4          0          0          0          0          0   (incl. Padding)

    ----------------------------------------------------------------------

      Code (inc. data)   RO Data    RW Data    ZI Data      Debug   Library Name

      2662        102          0          0          0       1144   mc_w.l
      1066          0          0          0          0        656   mf_w.l

    ----------------------------------------------------------------------
      3732        102          0          0          0       1800   Library Totals

    ----------------------------------------------------------------------

==============================================================================


      Code (inc. data)   RO Data    RW Data    ZI Data      Debug   

     17408        920       7312         68       2212     969224   Grand Totals
     17408        920       7312         68       2212     969224   ELF Image Totals
     17408        920       7312         68          0          0   ROM Totals

==============================================================================

    Total RO  Size (Code + RO Data)                24720 (  24.14kB)
    Total RW  Size (RW Data + ZI Data)              2280 (   2.23kB)
    Total ROM Size (Code + RO Data + RW Data)      24788 (  24.21kB)

==============================================================================

